2025-12-12T20:43:14.9723696Z Current runner version: '2.329.0'
2025-12-12T20:43:14.9760370Z ##[group]Runner Image Provisioner
2025-12-12T20:43:14.9761148Z Hosted Compute Agent
2025-12-12T20:43:14.9761658Z Version: 20251202.455
2025-12-12T20:43:14.9762205Z Commit: 6c10caca4910e198df60de23adf20ad317c474e3
2025-12-12T20:43:14.9762845Z Build Date: 2025-12-02T15:56:59Z
2025-12-12T20:43:14.9763478Z Worker ID: {fbc711a1-b432-4af7-a78d-9266fa88bae2}
2025-12-12T20:43:14.9764080Z ##[endgroup]
2025-12-12T20:43:14.9764622Z ##[group]Operating System
2025-12-12T20:43:14.9765156Z Microsoft Windows Server 2025
2025-12-12T20:43:14.9765725Z 10.0.26100
2025-12-12T20:43:14.9766170Z Datacenter
2025-12-12T20:43:14.9766566Z ##[endgroup]
2025-12-12T20:43:14.9767043Z ##[group]Runner Image
2025-12-12T20:43:14.9767510Z Image: windows-2025
2025-12-12T20:43:14.9767984Z Version: 20251208.136.1
2025-12-12T20:43:14.9769384Z Included Software: https://github.com/actions/runner-images/blob/win25/20251208.136/images/windows/Windows2025-Readme.md
2025-12-12T20:43:14.9770910Z Image Release: https://github.com/actions/runner-images/releases/tag/win25%2F20251208.136
2025-12-12T20:43:14.9771731Z ##[endgroup]
2025-12-12T20:43:14.9772750Z ##[group]GITHUB_TOKEN Permissions
2025-12-12T20:43:14.9774610Z Contents: read
2025-12-12T20:43:14.9775838Z Metadata: read
2025-12-12T20:43:14.9776862Z Packages: read
2025-12-12T20:43:14.9777972Z ##[endgroup]
2025-12-12T20:43:14.9781001Z Secret source: Actions
2025-12-12T20:43:14.9782111Z Prepare workflow directory
2025-12-12T20:43:15.0259514Z Prepare all required actions
2025-12-12T20:43:15.0297452Z Getting action download info
2025-12-12T20:43:15.2633134Z Download action repository 'actions/checkout@v4' (SHA:34e114876b0b11c390a56381ad16ebd13914f8d5)
2025-12-12T20:43:15.4026542Z Download action repository 'actions/setup-python@v5' (SHA:a26af69be951a213d495a4c3e4e4022e16d87065)
2025-12-12T20:43:15.5632873Z Download action repository 'actions/cache@v4' (SHA:0057852bfaa89a56745cba8c7296529d2fc39830)
2025-12-12T20:43:15.7091222Z Download action repository 'codecov/codecov-action@v4' (SHA:b9fd7d16f6d7d1b5d2bec1a2887e65ceed900238)
2025-12-12T20:43:16.1327813Z Complete job name: Test Python 3.10 on windows-latest
2025-12-12T20:43:16.2535270Z ##[group]Run actions/checkout@v4
2025-12-12T20:43:16.2536303Z with:
2025-12-12T20:43:16.2536723Z   repository: gabrielima7/Stack
2025-12-12T20:43:16.2537567Z   token: ***
2025-12-12T20:43:16.2537992Z   ssh-strict: true
2025-12-12T20:43:16.2538446Z   ssh-user: git
2025-12-12T20:43:16.2539375Z   persist-credentials: true
2025-12-12T20:43:16.2539912Z   clean: true
2025-12-12T20:43:16.2540381Z   sparse-checkout-cone-mode: true
2025-12-12T20:43:16.2540937Z   fetch-depth: 1
2025-12-12T20:43:16.2541386Z   fetch-tags: false
2025-12-12T20:43:16.2541840Z   show-progress: true
2025-12-12T20:43:16.2542318Z   lfs: false
2025-12-12T20:43:16.2542744Z   submodules: false
2025-12-12T20:43:16.2543214Z   set-safe-directory: true
2025-12-12T20:43:16.2544033Z env:
2025-12-12T20:43:16.2544470Z   PYTHON_VERSION_DEFAULT: 3.11
2025-12-12T20:43:16.2545025Z ##[endgroup]
2025-12-12T20:43:16.4402972Z Syncing repository: gabrielima7/Stack
2025-12-12T20:43:16.4405636Z ##[group]Getting Git version info
2025-12-12T20:43:16.4406660Z Working directory is 'D:\a\Stack\Stack'
2025-12-12T20:43:16.5538843Z [command]"C:\Program Files\Git\bin\git.exe" version
2025-12-12T20:43:16.8860705Z git version 2.52.0.windows.1
2025-12-12T20:43:16.8914971Z ##[endgroup]
2025-12-12T20:43:16.8937073Z Temporarily overriding HOME='D:\a\_temp\49eb8d03-27e4-4047-9810-5ad375d71d62' before making global git config changes
2025-12-12T20:43:16.8938715Z Adding repository directory to the temporary git global config as a safe directory
2025-12-12T20:43:16.8949062Z [command]"C:\Program Files\Git\bin\git.exe" config --global --add safe.directory D:\a\Stack\Stack
2025-12-12T20:43:16.9654275Z Deleting the contents of 'D:\a\Stack\Stack'
2025-12-12T20:43:16.9661977Z ##[group]Initializing the repository
2025-12-12T20:43:16.9672148Z [command]"C:\Program Files\Git\bin\git.exe" init D:\a\Stack\Stack
2025-12-12T20:43:17.0438776Z Initialized empty Git repository in D:/a/Stack/Stack/.git/
2025-12-12T20:43:17.0494698Z [command]"C:\Program Files\Git\bin\git.exe" remote add origin https://github.com/gabrielima7/Stack
2025-12-12T20:43:17.1093298Z ##[endgroup]
2025-12-12T20:43:17.1094560Z ##[group]Disabling automatic garbage collection
2025-12-12T20:43:17.1103446Z [command]"C:\Program Files\Git\bin\git.exe" config --local gc.auto 0
2025-12-12T20:43:17.1420337Z ##[endgroup]
2025-12-12T20:43:17.1421638Z ##[group]Setting up auth
2025-12-12T20:43:17.1434815Z [command]"C:\Program Files\Git\bin\git.exe" config --local --name-only --get-regexp core\.sshCommand
2025-12-12T20:43:17.1764852Z [command]"C:\Program Files\Git\bin\git.exe" submodule foreach --recursive "sh -c \"git config --local --name-only --get-regexp 'core\.sshCommand' && git config --local --unset-all 'core.sshCommand' || :\""
2025-12-12T20:43:18.5466837Z [command]"C:\Program Files\Git\bin\git.exe" config --local --name-only --get-regexp http\.https\:\/\/github\.com\/\.extraheader
2025-12-12T20:43:18.5771006Z [command]"C:\Program Files\Git\bin\git.exe" submodule foreach --recursive "sh -c \"git config --local --name-only --get-regexp 'http\.https\:\/\/github\.com\/\.extraheader' && git config --local --unset-all 'http.https://github.com/.extraheader' || :\""
2025-12-12T20:43:19.0995843Z [command]"C:\Program Files\Git\bin\git.exe" config --local --name-only --get-regexp ^includeIf\.gitdir:
2025-12-12T20:43:19.1314332Z [command]"C:\Program Files\Git\bin\git.exe" submodule foreach --recursive "git config --local --show-origin --name-only --get-regexp remote.origin.url"
2025-12-12T20:43:19.6929907Z [command]"C:\Program Files\Git\bin\git.exe" config --local http.https://github.com/.extraheader "AUTHORIZATION: basic ***"
2025-12-12T20:43:19.7257116Z ##[endgroup]
2025-12-12T20:43:19.7257884Z ##[group]Fetching the repository
2025-12-12T20:43:19.7272514Z [command]"C:\Program Files\Git\bin\git.exe" -c protocol.version=2 fetch --no-tags --prune --no-recurse-submodules --depth=1 origin +66608d266f8835005cdc5ce8e255cf8beab12bfe:refs/remotes/origin/main
2025-12-12T20:43:20.7121141Z From https://github.com/gabrielima7/Stack
2025-12-12T20:43:20.7121914Z  * [new ref]         66608d266f8835005cdc5ce8e255cf8beab12bfe -> origin/main
2025-12-12T20:43:20.7429661Z ##[endgroup]
2025-12-12T20:43:20.7430679Z ##[group]Determining the checkout info
2025-12-12T20:43:20.7432396Z ##[endgroup]
2025-12-12T20:43:20.7444277Z [command]"C:\Program Files\Git\bin\git.exe" sparse-checkout disable
2025-12-12T20:43:20.7954083Z [command]"C:\Program Files\Git\bin\git.exe" config --local --unset-all extensions.worktreeConfig
2025-12-12T20:43:20.8280380Z ##[group]Checking out the ref
2025-12-12T20:43:20.8292099Z [command]"C:\Program Files\Git\bin\git.exe" checkout --progress --force -B main refs/remotes/origin/main
2025-12-12T20:43:20.9099899Z branch 'main' set up to track 'origin/main'.
2025-12-12T20:43:20.9108943Z Switched to a new branch 'main'
2025-12-12T20:43:20.9149643Z ##[endgroup]
2025-12-12T20:43:20.9560364Z [command]"C:\Program Files\Git\bin\git.exe" log -1 --format=%H
2025-12-12T20:43:20.9868929Z 66608d266f8835005cdc5ce8e255cf8beab12bfe
2025-12-12T20:43:21.0313209Z ##[group]Run actions/setup-python@v5
2025-12-12T20:43:21.0313540Z with:
2025-12-12T20:43:21.0313728Z   python-version: 3.10
2025-12-12T20:43:21.0313928Z   check-latest: false
2025-12-12T20:43:21.0314511Z   token: ***
2025-12-12T20:43:21.0314686Z   update-environment: true
2025-12-12T20:43:21.0314884Z   allow-prereleases: false
2025-12-12T20:43:21.0315091Z   freethreaded: false
2025-12-12T20:43:21.0315295Z env:
2025-12-12T20:43:21.0315457Z   PYTHON_VERSION_DEFAULT: 3.11
2025-12-12T20:43:21.0315645Z ##[endgroup]
2025-12-12T20:43:21.2627234Z ##[group]Installed versions
2025-12-12T20:43:21.2908344Z Successfully set up CPython (3.10.11)
2025-12-12T20:43:21.2909873Z ##[endgroup]
2025-12-12T20:43:21.3207227Z ##[group]Run pipx install poetry
2025-12-12T20:43:21.3208295Z [36;1mpipx install poetry[0m
2025-12-12T20:43:21.3982616Z shell: C:\Program Files\PowerShell\7\pwsh.EXE -command ". '{0}'"
2025-12-12T20:43:21.3983054Z env:
2025-12-12T20:43:21.3983253Z   PYTHON_VERSION_DEFAULT: 3.11
2025-12-12T20:43:21.3983610Z   pythonLocation: C:\hostedtoolcache\windows\Python\3.10.11\x64
2025-12-12T20:43:21.3984126Z   PKG_CONFIG_PATH: C:\hostedtoolcache\windows\Python\3.10.11\x64/lib/pkgconfig
2025-12-12T20:43:21.3984624Z   Python_ROOT_DIR: C:\hostedtoolcache\windows\Python\3.10.11\x64
2025-12-12T20:43:21.3985060Z   Python2_ROOT_DIR: C:\hostedtoolcache\windows\Python\3.10.11\x64
2025-12-12T20:43:21.3985495Z   Python3_ROOT_DIR: C:\hostedtoolcache\windows\Python\3.10.11\x64
2025-12-12T20:43:21.3985830Z ##[endgroup]
2025-12-12T20:43:27.1657982Z Found a space in the pipx home path. We heavily discourage this, due to
2025-12-12T20:43:27.1659139Z     multiple incompatibilities. Please check our docs for more information on
2025-12-12T20:43:27.1660088Z     this, as well as some pointers on how to migrate to a different home path.
2025-12-12T20:43:27.7840325Z creating virtual environment...
2025-12-12T20:43:28.1521346Z installing poetry...
2025-12-12T20:43:45.9390031Z done! 
2025-12-12T20:43:45.9393066Z   installed package poetry 2.2.1, installed using Python 3.9.13
2025-12-12T20:43:45.9393609Z   These apps are now globally available
2025-12-12T20:43:45.9393909Z     - poetry.exe
2025-12-12T20:43:46.5587155Z ##[group]Run poetry config virtualenvs.in-project true
2025-12-12T20:43:46.5587576Z [36;1mpoetry config virtualenvs.in-project true[0m
2025-12-12T20:43:46.5655407Z shell: C:\Program Files\PowerShell\7\pwsh.EXE -command ". '{0}'"
2025-12-12T20:43:46.5655705Z env:
2025-12-12T20:43:46.5655864Z   PYTHON_VERSION_DEFAULT: 3.11
2025-12-12T20:43:46.5656147Z   pythonLocation: C:\hostedtoolcache\windows\Python\3.10.11\x64
2025-12-12T20:43:46.5656559Z   PKG_CONFIG_PATH: C:\hostedtoolcache\windows\Python\3.10.11\x64/lib/pkgconfig
2025-12-12T20:43:46.5657059Z   Python_ROOT_DIR: C:\hostedtoolcache\windows\Python\3.10.11\x64
2025-12-12T20:43:46.5657715Z   Python2_ROOT_DIR: C:\hostedtoolcache\windows\Python\3.10.11\x64
2025-12-12T20:43:46.5658062Z   Python3_ROOT_DIR: C:\hostedtoolcache\windows\Python\3.10.11\x64
2025-12-12T20:43:46.5658333Z ##[endgroup]
2025-12-12T20:43:48.0871870Z ##[group]Run actions/cache@v4
2025-12-12T20:43:48.0872131Z with:
2025-12-12T20:43:48.0872290Z   path: .venv
2025-12-12T20:43:48.0872638Z   key: Windows-poetry-3.10-dd05d43ec074f1401e9de45214791bc0d37923b8f3b0fe71bb84677460e66455
2025-12-12T20:43:48.0873089Z   restore-keys: Windows-poetry-3.10-

2025-12-12T20:43:48.0873328Z   enableCrossOsArchive: false
2025-12-12T20:43:48.0873537Z   fail-on-cache-miss: false
2025-12-12T20:43:48.0873731Z   lookup-only: false
2025-12-12T20:43:48.0873897Z   save-always: false
2025-12-12T20:43:48.0874050Z env:
2025-12-12T20:43:48.0874189Z   PYTHON_VERSION_DEFAULT: 3.11
2025-12-12T20:43:48.0874462Z   pythonLocation: C:\hostedtoolcache\windows\Python\3.10.11\x64
2025-12-12T20:43:48.0874864Z   PKG_CONFIG_PATH: C:\hostedtoolcache\windows\Python\3.10.11\x64/lib/pkgconfig
2025-12-12T20:43:48.0875248Z   Python_ROOT_DIR: C:\hostedtoolcache\windows\Python\3.10.11\x64
2025-12-12T20:43:48.0875631Z   Python2_ROOT_DIR: C:\hostedtoolcache\windows\Python\3.10.11\x64
2025-12-12T20:43:48.0875969Z   Python3_ROOT_DIR: C:\hostedtoolcache\windows\Python\3.10.11\x64
2025-12-12T20:43:48.0876236Z ##[endgroup]
2025-12-12T20:43:48.5444025Z Cache not found for input keys: Windows-poetry-3.10-dd05d43ec074f1401e9de45214791bc0d37923b8f3b0fe71bb84677460e66455, Windows-poetry-3.10-
2025-12-12T20:43:48.5674329Z ##[group]Run poetry install --with dev
2025-12-12T20:43:48.5674671Z [36;1mpoetry install --with dev[0m
2025-12-12T20:43:48.5743534Z shell: C:\Program Files\PowerShell\7\pwsh.EXE -command ". '{0}'"
2025-12-12T20:43:48.5743834Z env:
2025-12-12T20:43:48.5743985Z   PYTHON_VERSION_DEFAULT: 3.11
2025-12-12T20:43:48.5744266Z   pythonLocation: C:\hostedtoolcache\windows\Python\3.10.11\x64
2025-12-12T20:43:48.5744883Z   PKG_CONFIG_PATH: C:\hostedtoolcache\windows\Python\3.10.11\x64/lib/pkgconfig
2025-12-12T20:43:48.5745266Z   Python_ROOT_DIR: C:\hostedtoolcache\windows\Python\3.10.11\x64
2025-12-12T20:43:48.5745611Z   Python2_ROOT_DIR: C:\hostedtoolcache\windows\Python\3.10.11\x64
2025-12-12T20:43:48.5745957Z   Python3_ROOT_DIR: C:\hostedtoolcache\windows\Python\3.10.11\x64
2025-12-12T20:43:48.5746220Z ##[endgroup]
2025-12-12T20:43:50.2929273Z Creating virtualenv stack in D:\a\Stack\Stack\.venv
2025-12-12T20:43:54.1806443Z Installing dependencies from lock file
2025-12-12T20:43:54.3915992Z 
2025-12-12T20:43:54.3916549Z Package operations: 78 installs, 0 updates, 0 removals
2025-12-12T20:43:54.3916960Z 
2025-12-12T20:43:54.3924429Z   - Installing mdurl (0.1.2)
2025-12-12T20:43:54.3929143Z   - Installing pycparser (2.23)
2025-12-12T20:43:54.3934508Z   - Installing typing-extensions (4.15.0)
2025-12-12T20:43:54.6119366Z   - Installing annotated-types (0.7.0)
2025-12-12T20:43:54.6125636Z   - Installing certifi (2025.11.12)
2025-12-12T20:43:54.6129293Z   - Installing colorama (0.4.6)
2025-12-12T20:43:54.6134145Z   - Installing exceptiongroup (1.2.2)
2025-12-12T20:43:54.6138689Z   - Installing cffi (2.0.0)
2025-12-12T20:43:54.6147815Z   - Installing h11 (0.16.0)
2025-12-12T20:43:54.6167124Z   - Installing idna (3.11)
2025-12-12T20:43:54.6177855Z   - Installing markdown-it-py (4.0.0)
2025-12-12T20:43:54.7419559Z   - Installing packaging (25.0)
2025-12-12T20:43:54.7459233Z   - Installing pydantic-core (2.41.5)
2025-12-12T20:43:54.8446099Z   - Installing pygments (2.19.2)
2025-12-12T20:43:54.9103715Z   - Installing ruamel-yaml-clib (0.2.14)
2025-12-12T20:43:54.9123596Z   - Installing tomli (2.0.2)
2025-12-12T20:43:54.9147790Z   - Installing typing-inspection (0.4.2)
2025-12-12T20:43:55.2299328Z   - Installing anyio (4.12.0)
2025-12-12T20:43:55.2302656Z   - Installing backports-datetime-fromisoformat (2.0.3)
2025-12-12T20:43:55.2314448Z   - Installing charset-normalizer (3.4.4)
2025-12-12T20:43:55.2318495Z   - Installing cryptography (46.0.3)
2025-12-12T20:43:55.2334818Z   - Installing dparse (0.6.4)
2025-12-12T20:43:55.2348184Z   - Installing click (8.1.8)
2025-12-12T20:43:55.2354531Z   - Installing filelock (3.20.0)
2025-12-12T20:43:55.2382813Z   - Installing distlib (0.4.0)
2025-12-12T20:43:55.4656390Z   - Installing httpcore (1.0.9)
2025-12-12T20:43:55.4725785Z   - Installing iniconfig (2.3.0)
2025-12-12T20:43:55.4919022Z   - Installing joblib (1.5.2)
2025-12-12T20:43:55.5606575Z   - Installing markupsafe (3.0.3)
2025-12-12T20:43:55.5986114Z   - Installing platformdirs (4.5.1)
2025-12-12T20:43:55.6413883Z   - Installing pluggy (1.6.0)
2025-12-12T20:43:55.6450311Z   - Installing pydantic (2.12.5)
2025-12-12T20:43:55.7067069Z   - Installing regex (2025.11.3)
2025-12-12T20:43:55.7217805Z   - Installing rich (13.5.3)
2025-12-12T20:43:55.7618486Z   - Installing ruamel-yaml (0.18.16)
2025-12-12T20:43:55.7720289Z   - Installing shellingham (1.5.4)
2025-12-12T20:43:55.8147145Z   - Installing tqdm (4.67.1)
2025-12-12T20:43:55.8931413Z   - Installing urllib3 (2.6.2)
2025-12-12T20:43:56.2062034Z   - Installing attrs (25.4.0)
2025-12-12T20:43:56.2064862Z   - Installing authlib (1.6.6)
2025-12-12T20:43:56.2070024Z   - Installing cfgv (3.5.0)
2025-12-12T20:43:56.2074431Z   - Installing dnspython (2.8.0)
2025-12-12T20:43:56.2077759Z   - Installing coverage (7.13.0)
2025-12-12T20:43:56.2081040Z   - Installing httpx (0.28.1)
2025-12-12T20:43:56.2093858Z   - Installing identify (2.6.15)
2025-12-12T20:43:56.2119126Z   - Installing execnet (2.1.2)
2025-12-12T20:43:56.3099024Z   - Installing jinja2 (3.1.6)
2025-12-12T20:43:56.4067978Z   - Installing librt (0.7.3)
2025-12-12T20:43:56.4287240Z   - Installing marshmallow (4.1.1)
2025-12-12T20:43:56.4533214Z   - Installing mypy-extensions (1.1.0)
2025-12-12T20:43:56.4828379Z   - Installing nltk (3.9.2)
2025-12-12T20:43:56.5422074Z   - Installing nodeenv (1.9.1)
2025-12-12T20:43:56.5613030Z   - Installing pathspec (0.12.1)
2025-12-12T20:43:56.5694669Z   - Installing py (1.11.0)
2025-12-12T20:43:56.6049061Z   - Installing pytest (9.0.2)
2025-12-12T20:43:56.6725202Z   - Installing pyyaml (6.0.3)
2025-12-12T20:43:56.6878112Z   - Installing requests (2.32.5)
2025-12-12T20:43:56.7104160Z   - Installing safety-schemas (0.0.16)
2025-12-12T20:43:56.7807740Z   - Installing sortedcontainers (2.4.0)
2025-12-12T20:43:56.8017609Z   - Installing stevedore (5.6.0)
2025-12-12T20:43:56.8831938Z   - Installing tabulate (0.9.0)
2025-12-12T20:43:56.9252112Z   - Installing tenacity (9.1.2)
2025-12-12T20:43:56.9911500Z   - Installing tomlkit (0.13.3)
2025-12-12T20:43:57.0160398Z   - Installing typer (0.20.0)
2025-12-12T20:43:57.0227536Z   - Installing virtualenv (20.35.4)
2025-12-12T20:43:57.4768780Z   - Installing bandit (1.9.2)
2025-12-12T20:43:57.4772371Z   - Installing email-validator (2.3.0)
2025-12-12T20:43:57.4776116Z   - Installing hypothesis (6.148.7)
2025-12-12T20:43:57.4781201Z   - Installing mypy (1.19.0)
2025-12-12T20:43:57.4786320Z   - Installing orjson (3.11.5)
2025-12-12T20:43:57.4793374Z   - Installing interrogate (1.7.0)
2025-12-12T20:43:57.4821173Z   - Installing pre-commit (4.5.0)
2025-12-12T20:43:57.4834828Z   - Installing pytest-cov (7.0.0)
2025-12-12T20:43:57.6411984Z   - Installing pytest-timeout (2.4.0)
2025-12-12T20:43:57.6528373Z   - Installing pytest-xdist (3.8.0)
2025-12-12T20:43:57.6823013Z   - Installing ruff (0.14.9)
2025-12-12T20:43:57.7156200Z   - Installing safety (3.7.0)
2025-12-12T20:43:57.7517110Z   - Installing vulture (2.14)
2025-12-12T20:43:59.0873806Z 
2025-12-12T20:43:59.0874456Z Installing the current project: stack (2.0.0)
2025-12-12T20:43:59.3043892Z ##[group]Run poetry run pytest tests/ -v --cov=src --cov-report=xml --cov-report=term --timeout=60
2025-12-12T20:43:59.3044554Z [36;1mpoetry run pytest tests/ -v --cov=src --cov-report=xml --cov-report=term --timeout=60[0m
2025-12-12T20:43:59.3114442Z shell: C:\Program Files\PowerShell\7\pwsh.EXE -command ". '{0}'"
2025-12-12T20:43:59.3114756Z env:
2025-12-12T20:43:59.3114916Z   PYTHON_VERSION_DEFAULT: 3.11
2025-12-12T20:43:59.3115195Z   pythonLocation: C:\hostedtoolcache\windows\Python\3.10.11\x64
2025-12-12T20:43:59.3115604Z   PKG_CONFIG_PATH: C:\hostedtoolcache\windows\Python\3.10.11\x64/lib/pkgconfig
2025-12-12T20:43:59.3116000Z   Python_ROOT_DIR: C:\hostedtoolcache\windows\Python\3.10.11\x64
2025-12-12T20:43:59.3116354Z   Python2_ROOT_DIR: C:\hostedtoolcache\windows\Python\3.10.11\x64
2025-12-12T20:43:59.3116701Z   Python3_ROOT_DIR: C:\hostedtoolcache\windows\Python\3.10.11\x64
2025-12-12T20:43:59.3116965Z ##[endgroup]
2025-12-12T20:44:03.2713384Z ============================= test session starts =============================
2025-12-12T20:44:03.2714033Z platform win32 -- Python 3.10.11, pytest-9.0.2, pluggy-1.6.0 -- D:\a\Stack\Stack\.venv\Scripts\python.exe
2025-12-12T20:44:03.2714548Z cachedir: .pytest_cache
2025-12-12T20:44:03.2715175Z hypothesis profile 'ci' -> database=None, deadline=None, print_blob=True, derandomize=True, suppress_health_check=(HealthCheck.too_slow,)
2025-12-12T20:44:03.2715844Z rootdir: D:\a\Stack\Stack
2025-12-12T20:44:03.2716091Z configfile: pyproject.toml
2025-12-12T20:44:03.2716484Z plugins: anyio-4.12.0, hypothesis-6.148.7, cov-7.0.0, timeout-2.4.0, xdist-3.8.0
2025-12-12T20:44:03.2716901Z timeout: 60.0s
2025-12-12T20:44:03.2717097Z timeout method: thread
2025-12-12T20:44:03.2717323Z timeout func_only: False
2025-12-12T20:44:03.8292480Z collecting ... collected 74 items
2025-12-12T20:44:03.8292745Z 
2025-12-12T20:44:03.8425551Z tests/test_config_models.py::TestSecurityConfig::test_default_values PASSED [  1%]
2025-12-12T20:44:03.8448727Z tests/test_config_models.py::TestSecurityConfig::test_paranoid_level PASSED [  2%]
2025-12-12T20:44:03.8477178Z tests/test_config_models.py::TestSecurityConfig::test_frozen_config PASSED [  4%]
2025-12-12T20:44:03.8499022Z tests/test_config_models.py::TestSecurityConfig::test_extra_fields_forbidden PASSED [  5%]
2025-12-12T20:44:03.8520014Z tests/test_config_models.py::TestDependencyConfig::test_default_values PASSED [  6%]
2025-12-12T20:44:03.8546609Z tests/test_config_models.py::TestDependencyConfig::test_custom_dependencies PASSED [  8%]
2025-12-12T20:44:03.8568519Z tests/test_config_models.py::TestLoggingConfig::test_default_values PASSED [  9%]
2025-12-12T20:44:03.8589620Z tests/test_config_models.py::TestLoggingConfig::test_valid_levels PASSED [ 10%]
2025-12-12T20:44:03.8611559Z tests/test_config_models.py::TestLoggingConfig::test_invalid_level_rejected PASSED [ 12%]
2025-12-12T20:44:03.8640527Z tests/test_config_models.py::TestStackConfig::test_default_values PASSED [ 13%]
2025-12-12T20:44:03.8664683Z tests/test_config_models.py::TestStackConfig::test_valid_project_name PASSED [ 14%]
2025-12-12T20:44:03.8695192Z tests/test_config_models.py::TestStackConfig::test_invalid_project_name_rejected PASSED [ 16%]
2025-12-12T20:44:03.8722438Z tests/test_config_models.py::TestStackConfig::test_valid_python_version PASSED [ 17%]
2025-12-12T20:44:03.8747333Z tests/test_config_models.py::TestStackConfig::test_invalid_python_version_rejected PASSED [ 18%]
2025-12-12T20:44:03.8900823Z tests/test_config_models.py::TestStackConfig::test_path_traversal_rejected PASSED [ 20%]
2025-12-12T20:44:03.8928538Z tests/test_config_models.py::TestStackConfig::test_paranoid_requires_all_tools PASSED [ 21%]
2025-12-12T20:44:03.8952553Z tests/test_config_models.py::TestStackConfig::test_to_target_version PASSED [ 22%]
2025-12-12T20:44:03.8978904Z tests/test_config_models.py::TestStackConfig::test_nested_configs PASSED [ 24%]
2025-12-12T20:44:03.9001197Z tests/test_example.py::test_greet PASSED                                 [ 25%]
2025-12-12T20:44:03.9020955Z tests/test_example.py::test_greet_empty PASSED                           [ 27%]
2025-12-12T20:44:03.9852851Z tests/test_secure_system.py::test_create_user_success PASSED             [ 28%]
2025-12-12T20:44:03.9874605Z tests/test_secure_system.py::test_create_user_invalid_email PASSED       [ 29%]
2025-12-12T20:44:03.9897956Z tests/test_secure_system.py::test_create_user_invalid_username PASSED    [ 31%]
2025-12-12T20:44:03.9925113Z tests/test_secure_system.py::test_get_non_existent_user PASSED           [ 32%]
2025-12-12T20:44:03.9975518Z tests/test_security_guards.py::TestGuardPathTraversal::test_safe_path_passes PASSED [ 33%]
2025-12-12T20:44:04.0031104Z tests/test_security_guards.py::TestGuardPathTraversal::test_relative_path_within_base PASSED [ 35%]
2025-12-12T20:44:04.0076276Z tests/test_security_guards.py::TestGuardPathTraversal::test_path_traversal_blocked PASSED [ 36%]
2025-12-12T20:44:04.0118908Z tests/test_security_guards.py::TestGuardPathTraversal::test_double_dot_blocked PASSED [ 37%]
2025-12-12T20:44:04.0167540Z tests/test_security_guards.py::TestGuardPathTraversal::test_url_encoded_traversal_blocked PASSED [ 39%]
2025-12-12T20:44:04.0705710Z tests/test_security_guards.py::TestGuardPathTraversal::test_path_escapes_base_dir FAILED [ 40%]
2025-12-12T20:44:04.0728338Z tests/test_security_guards.py::TestGuardCommandInjection::test_safe_command_passes PASSED [ 41%]
2025-12-12T20:44:04.0750193Z tests/test_security_guards.py::TestGuardCommandInjection::test_empty_command_blocked PASSED [ 43%]
2025-12-12T20:44:04.0772226Z tests/test_security_guards.py::TestGuardCommandInjection::test_semicolon_blocked PASSED [ 44%]
2025-12-12T20:44:04.0794271Z tests/test_security_guards.py::TestGuardCommandInjection::test_pipe_blocked PASSED [ 45%]
2025-12-12T20:44:04.0815762Z tests/test_security_guards.py::TestGuardCommandInjection::test_backtick_blocked PASSED [ 47%]
2025-12-12T20:44:04.0837103Z tests/test_security_guards.py::TestGuardCommandInjection::test_dollar_expansion_blocked PASSED [ 48%]
2025-12-12T20:44:04.0859367Z tests/test_security_guards.py::TestGuardCommandInjection::test_allowed_commands_whitelist PASSED [ 50%]
2025-12-12T20:44:04.0881008Z tests/test_security_guards.py::TestGuardCommandInjection::test_command_not_in_whitelist_blocked PASSED [ 51%]
2025-12-12T20:44:04.0902565Z tests/test_security_guards.py::TestGuardFileExtension::test_safe_extension_passes PASSED [ 52%]
2025-12-12T20:44:04.0923824Z tests/test_security_guards.py::TestGuardFileExtension::test_dangerous_extension_blocked PASSED [ 54%]
2025-12-12T20:44:04.0946693Z tests/test_security_guards.py::TestGuardFileExtension::test_custom_denied_extensions PASSED [ 55%]
2025-12-12T20:44:04.0969119Z tests/test_security_guards.py::TestGuardFileExtension::test_extension_with_dot PASSED [ 56%]
2025-12-12T20:44:04.0994483Z tests/test_security_validators.py::TestValidateProjectName::test_valid_project_name PASSED [ 58%]
2025-12-12T20:44:04.1018062Z tests/test_security_validators.py::TestValidateProjectName::test_empty_name_rejected PASSED [ 59%]
2025-12-12T20:44:04.1041482Z tests/test_security_validators.py::TestValidateProjectName::test_name_must_start_with_letter PASSED [ 60%]
2025-12-12T20:44:04.1064262Z tests/test_security_validators.py::TestValidateProjectName::test_reserved_names_rejected PASSED [ 62%]
2025-12-12T20:44:04.1087802Z tests/test_security_validators.py::TestValidateProjectName::test_max_length_enforced PASSED [ 63%]
2025-12-12T20:44:04.1108764Z tests/test_security_validators.py::TestValidatePythonVersion::test_valid_versions PASSED [ 64%]
2025-12-12T20:44:04.1132808Z tests/test_security_validators.py::TestValidatePythonVersion::test_invalid_format_rejected PASSED [ 66%]
2025-12-12T20:44:04.1158023Z tests/test_security_validators.py::TestValidatePythonVersion::test_unsupported_version_rejected PASSED [ 67%]
2025-12-12T20:44:04.1182206Z tests/test_security_validators.py::TestValidateEmail::test_valid_emails PASSED [ 68%]
2025-12-12T20:44:04.1204062Z tests/test_security_validators.py::TestValidateEmail::test_empty_email_rejected PASSED [ 70%]
2025-12-12T20:44:04.1226329Z tests/test_security_validators.py::TestValidateEmail::test_invalid_format_rejected PASSED [ 71%]
2025-12-12T20:44:04.1252202Z tests/test_security_validators.py::TestValidateUrl::test_valid_urls PASSED [ 72%]
2025-12-12T20:44:04.1273731Z tests/test_security_validators.py::TestValidateUrl::test_empty_url_rejected PASSED [ 74%]
2025-12-12T20:44:04.1297537Z tests/test_security_validators.py::TestValidateUrl::test_missing_scheme_rejected PASSED [ 75%]
2025-12-12T20:44:04.1320715Z tests/test_security_validators.py::TestValidateUrl::test_invalid_scheme_rejected PASSED [ 77%]
2025-12-12T20:44:04.1341721Z tests/test_security_validators.py::TestValidateIpAddress::test_valid_ipv4 PASSED [ 78%]
2025-12-12T20:44:04.1362849Z tests/test_security_validators.py::TestValidateIpAddress::test_valid_ipv6 PASSED [ 79%]
2025-12-12T20:44:04.1386366Z tests/test_security_validators.py::TestValidateIpAddress::test_invalid_ip_rejected PASSED [ 81%]
2025-12-12T20:44:04.1407834Z tests/test_security_validators.py::TestValidatePort::test_valid_ports PASSED [ 82%]
2025-12-12T20:44:04.1430703Z tests/test_security_validators.py::TestValidatePort::test_invalid_port_rejected PASSED [ 83%]
2025-12-12T20:44:04.1453275Z tests/test_security_validators.py::TestValidatePort::test_privileged_ports_blocked PASSED [ 85%]
2025-12-12T20:44:04.1481537Z tests/test_security_validators.py::TestValidateSemver::test_valid_semver PASSED [ 86%]
2025-12-12T20:44:04.1506235Z tests/test_security_validators.py::TestValidateSemver::test_invalid_semver_rejected PASSED [ 87%]
2025-12-12T20:44:04.2145837Z tests/test_stack_script.py::test_dry_run_does_not_create_files PASSED    [ 89%]
2025-12-12T20:44:04.2640840Z tests/test_stack_script.py::test_safe_write_creates_backup PASSED        [ 90%]
2025-12-12T20:44:04.3143369Z tests/test_stack_script.py::test_force_mode_overwrites_without_backup PASSED [ 91%]
2025-12-12T20:44:04.4262261Z tests/test_stack_script.py::test_idempotency_for_pyproject_toml PASSED   [ 93%]
2025-12-12T20:44:04.4888402Z tests/test_stack_script.py::test_git_initialization PASSED               [ 94%]
2025-12-12T20:44:04.5416519Z tests/test_stack_script.py::test_project_structure_creation PASSED       [ 95%]
2025-12-12T20:44:04.5966819Z tests/test_stack_script.py::test_optional_dependencies_flag PASSED       [ 97%]
2025-12-12T20:44:04.6564691Z tests/test_stack_script.py::test_install_runtime_deps_flag PASSED        [ 98%]
2025-12-12T20:44:05.6468865Z tests/test_stack_script.py::test_python_version_detection PASSED         [100%]
2025-12-12T20:44:05.6469797Z ERROR: Coverage failure: total of 36 is less than fail-under=80
2025-12-12T20:44:05.6470266Z 
2025-12-12T20:44:05.6470272Z 
2025-12-12T20:44:05.6470439Z ================================== FAILURES ===================================
2025-12-12T20:44:05.6470951Z ______________ TestGuardPathTraversal.test_path_escapes_base_dir ______________
2025-12-12T20:44:05.6471325Z 
2025-12-12T20:44:05.6471676Z self = <tests.test_security_guards.TestGuardPathTraversal object at 0x000001DBD9C0E770>
2025-12-12T20:44:05.6472582Z tmp_path = WindowsPath('C:/Users/runneradmin/AppData/Local/Temp/pytest-of-runneradmin/pytest-0/test_path_escapes_base_dir0')
2025-12-12T20:44:05.6473184Z 
2025-12-12T20:44:05.6473377Z     def test_path_escapes_base_dir(self, tmp_path: Path) -> None:
2025-12-12T20:44:05.6474043Z         """Test that paths escaping base dir are blocked."""
2025-12-12T20:44:05.6474416Z         with TemporaryDirectory() as other_dir:
2025-12-12T20:44:05.6474781Z             with pytest.raises(SecurityError) as exc_info:
2025-12-12T20:44:05.6475170Z                 guard_path_traversal(Path(other_dir), tmp_path)
2025-12-12T20:44:05.6475581Z >           assert "escapes base directory" in str(exc_info.value)
2025-12-12T20:44:05.6476214Z E           AssertionError: assert 'escapes base directory' in '[path_traversal] Path traversal pattern detected: ~'
2025-12-12T20:44:05.6477658Z E            +  where '[path_traversal] Path traversal pattern detected: ~' = str(SecurityError('[path_traversal] Path traversal pattern detected: ~'))
2025-12-12T20:44:05.6478959Z E            +    where SecurityError('[path_traversal] Path traversal pattern detected: ~') = <ExceptionInfo SecurityError('[path_traversal] Path traversal pattern detected: ~') tblen=2>.value
2025-12-12T20:44:05.6479765Z 
2025-12-12T20:44:05.6479897Z tests\test_security_guards.py:60: AssertionError
2025-12-12T20:44:05.6480261Z =============================== tests coverage ================================
2025-12-12T20:44:05.6480709Z ______________ coverage: platform win32, python 3.10.11-final-0 _______________
2025-12-12T20:44:05.6481037Z 
2025-12-12T20:44:05.6481184Z Name                               Stmts   Miss Branch BrPart  Cover   Missing
2025-12-12T20:44:05.6481600Z ------------------------------------------------------------------------------
2025-12-12T20:44:05.6482036Z src\app\__init__.py                    1      0      0      0   100%
2025-12-12T20:44:05.6482439Z src\app\main.py                        8      2      0      0    75%   25-26
2025-12-12T20:44:05.6482861Z src\app\secure_system.py              45      0      2      0   100%
2025-12-12T20:44:05.6483289Z src\stack\__init__.py                  5      0      0      0   100%
2025-12-12T20:44:05.6483722Z src\stack\config\__init__.py           3      0      0      0   100%
2025-12-12T20:44:05.6484263Z src\stack\config\generators.py        34     25     14      0    19%   27-28, 124-182, 218, 264, 311, 349-357
2025-12-12T20:44:05.6484772Z src\stack\config\models.py            73      2     12      1    96%   235-236
2025-12-12T20:44:05.6485138Z src\stack\security\__init__.py         4      0      0      0   100%
2025-12-12T20:44:05.6485562Z src\stack\security\guards.py          83     25     44      4    66%   100-101, 109-110, 117->125, 119, 250->259, 253, 283-348
2025-12-12T20:44:05.6486036Z src\stack\security\sanitizers.py     104     95     58      0     6%   40-70, 100-152, 177-224, 244-260, 278-297
2025-12-12T20:44:05.6486636Z src\stack\security\validators.py     125     25     54     11    80%   54->56, 56->59, 65-66, 114-116, 160-161, 164-165, 196-198, 209-210, 212->221, 218-219, 251-252, 255-256, 259-260, 285-287
2025-12-12T20:44:05.6487165Z src\stack\utils\__init__.py            4      4      0      0     0%   3-7
2025-12-12T20:44:05.6487680Z src\stack\utils\filesystem.py        113    113     62      0     0%   8-349
2025-12-12T20:44:05.6488054Z src\stack\utils\logging.py            99     99     32      0     0%   8-324
2025-12-12T20:44:05.6488414Z src\stack\utils\subprocess.py         73     73     26      0     0%   8-340
2025-12-12T20:44:05.6488753Z ------------------------------------------------------------------------------
2025-12-12T20:44:05.6489040Z TOTAL                                774    463    304     16    36%
2025-12-12T20:44:05.6489304Z Coverage HTML written to dir htmlcov
2025-12-12T20:44:05.6489538Z Coverage XML written to file coverage.xml
2025-12-12T20:44:05.6489856Z FAIL Required test coverage of 80.0% not reached. Total coverage: 36.46%
2025-12-12T20:44:05.6490215Z =========================== short test summary info ===========================
2025-12-12T20:44:05.6490962Z FAILED tests/test_security_guards.py::TestGuardPathTraversal::test_path_escapes_base_dir - AssertionError: assert 'escapes base directory' in '[path_traversal] Path traversal pattern detected: ~'
2025-12-12T20:44:05.6491936Z  +  where '[path_traversal] Path traversal pattern detected: ~' = str(SecurityError('[path_traversal] Path traversal pattern detected: ~'))
2025-12-12T20:44:05.6492835Z  +    where SecurityError('[path_traversal] Path traversal pattern detected: ~') = <ExceptionInfo SecurityError('[path_traversal] Path traversal pattern detected: ~') tblen=2>.value
2025-12-12T20:44:05.6493487Z ======================== 1 failed, 73 passed in 3.37s =========================
2025-12-12T20:44:05.9537166Z ##[error]Process completed with exit code 1.
2025-12-12T20:44:05.9768105Z Post job cleanup.
2025-12-12T20:44:06.2293096Z [command]"C:\Program Files\Git\bin\git.exe" version
2025-12-12T20:44:06.2588239Z git version 2.52.0.windows.1
2025-12-12T20:44:06.2671356Z Temporarily overriding HOME='D:\a\_temp\bcbb593a-c7bb-4f4b-a4a8-0ecbd0cf85a0' before making global git config changes
2025-12-12T20:44:06.2674849Z Adding repository directory to the temporary git global config as a safe directory
2025-12-12T20:44:06.2686045Z [command]"C:\Program Files\Git\bin\git.exe" config --global --add safe.directory D:\a\Stack\Stack
2025-12-12T20:44:06.3014932Z [command]"C:\Program Files\Git\bin\git.exe" config --local --name-only --get-regexp core\.sshCommand
2025-12-12T20:44:06.3343731Z [command]"C:\Program Files\Git\bin\git.exe" submodule foreach --recursive "sh -c \"git config --local --name-only --get-regexp 'core\.sshCommand' && git config --local --unset-all 'core.sshCommand' || :\""
2025-12-12T20:44:06.9244465Z [command]"C:\Program Files\Git\bin\git.exe" config --local --name-only --get-regexp http\.https\:\/\/github\.com\/\.extraheader
2025-12-12T20:44:06.9519983Z http.https://github.com/.extraheader
2025-12-12T20:44:06.9574934Z [command]"C:\Program Files\Git\bin\git.exe" config --local --unset-all http.https://github.com/.extraheader
2025-12-12T20:44:06.9898656Z [command]"C:\Program Files\Git\bin\git.exe" submodule foreach --recursive "sh -c \"git config --local --name-only --get-regexp 'http\.https\:\/\/github\.com\/\.extraheader' && git config --local --unset-all 'http.https://github.com/.extraheader' || :\""
2025-12-12T20:44:07.5345058Z [command]"C:\Program Files\Git\bin\git.exe" config --local --name-only --get-regexp ^includeIf\.gitdir:
2025-12-12T20:44:07.5669321Z [command]"C:\Program Files\Git\bin\git.exe" submodule foreach --recursive "git config --local --show-origin --name-only --get-regexp remote.origin.url"
2025-12-12T20:44:08.1689578Z Cleaning up orphan processes
