2025-12-12T20:43:15.4351970Z Current runner version: '2.329.0'
2025-12-12T20:43:15.4367800Z ##[group]Runner Image Provisioner
2025-12-12T20:43:15.4368290Z Hosted Compute Agent
2025-12-12T20:43:15.4368600Z Version: 20251211.462
2025-12-12T20:43:15.4368980Z Commit: 6cbad8c2bb55d58165063d031ccabf57e2d2db61
2025-12-12T20:43:15.4369400Z Build Date: 2025-12-11T16:28:49Z
2025-12-12T20:43:15.4369820Z Worker ID: {e1f2dae9-352a-4cd3-af9a-6f249ebf8084}
2025-12-12T20:43:15.4370230Z ##[endgroup]
2025-12-12T20:43:15.4370550Z ##[group]Operating System
2025-12-12T20:43:15.4370890Z macOS
2025-12-12T20:43:15.4371170Z 15.7.2
2025-12-12T20:43:15.4371430Z 24G325
2025-12-12T20:43:15.4371700Z ##[endgroup]
2025-12-12T20:43:15.4371990Z ##[group]Runner Image
2025-12-12T20:43:15.4372300Z Image: macos-15-arm64
2025-12-12T20:43:15.4372610Z Version: 20251210.0068.1
2025-12-12T20:43:15.4373300Z Included Software: https://github.com/actions/runner-images/blob/macos-15-arm64/20251210.0068/images/macos/macos-15-arm64-Readme.md
2025-12-12T20:43:15.4375070Z Image Release: https://github.com/actions/runner-images/releases/tag/macos-15-arm64%2F20251210.0068
2025-12-12T20:43:15.4376650Z ##[endgroup]
2025-12-12T20:43:15.4377350Z ##[group]GITHUB_TOKEN Permissions
2025-12-12T20:43:15.4378410Z Contents: read
2025-12-12T20:43:15.4378710Z Metadata: read
2025-12-12T20:43:15.4379000Z Packages: read
2025-12-12T20:43:15.4379290Z ##[endgroup]
2025-12-12T20:43:15.4380690Z Secret source: Actions
2025-12-12T20:43:15.4381080Z Prepare workflow directory
2025-12-12T20:43:15.4752750Z Prepare all required actions
2025-12-12T20:43:15.4802070Z Getting action download info
2025-12-12T20:43:16.0387400Z Download action repository 'actions/checkout@v4' (SHA:34e114876b0b11c390a56381ad16ebd13914f8d5)
2025-12-12T20:43:16.2937280Z Download action repository 'actions/setup-python@v5' (SHA:a26af69be951a213d495a4c3e4e4022e16d87065)
2025-12-12T20:43:16.4223480Z Download action repository 'actions/cache@v4' (SHA:0057852bfaa89a56745cba8c7296529d2fc39830)
2025-12-12T20:43:16.5200090Z Download action repository 'codecov/codecov-action@v4' (SHA:b9fd7d16f6d7d1b5d2bec1a2887e65ceed900238)
2025-12-12T20:43:17.2685680Z Complete job name: Test Python 3.12 on macos-latest
2025-12-12T20:43:17.3144220Z ##[group]Run actions/checkout@v4
2025-12-12T20:43:17.3145050Z with:
2025-12-12T20:43:17.3145570Z   repository: gabrielima7/Stack
2025-12-12T20:43:17.3146460Z   token: ***
2025-12-12T20:43:17.3146960Z   ssh-strict: true
2025-12-12T20:43:17.3147470Z   ssh-user: git
2025-12-12T20:43:17.3148000Z   persist-credentials: true
2025-12-12T20:43:17.3148590Z   clean: true
2025-12-12T20:43:17.3149250Z   sparse-checkout-cone-mode: true
2025-12-12T20:43:17.3149890Z   fetch-depth: 1
2025-12-12T20:43:17.3150420Z   fetch-tags: false
2025-12-12T20:43:17.3150950Z   show-progress: true
2025-12-12T20:43:17.3151490Z   lfs: false
2025-12-12T20:43:17.3151980Z   submodules: false
2025-12-12T20:43:17.3152520Z   set-safe-directory: true
2025-12-12T20:43:17.3153270Z env:
2025-12-12T20:43:17.3153780Z   PYTHON_VERSION_DEFAULT: 3.11
2025-12-12T20:43:17.3154380Z ##[endgroup]
2025-12-12T20:43:17.7844220Z Syncing repository: gabrielima7/Stack
2025-12-12T20:43:17.7847830Z ##[group]Getting Git version info
2025-12-12T20:43:17.7848730Z Working directory is '/Users/runner/work/Stack/Stack'
2025-12-12T20:43:17.7850260Z [command]/opt/homebrew/bin/git version
2025-12-12T20:43:17.8429860Z git version 2.50.1
2025-12-12T20:43:17.8469520Z ##[endgroup]
2025-12-12T20:43:17.8480860Z Copying '/Users/runner/.gitconfig' to '/Users/runner/work/_temp/d81b4785-5281-46dd-8ed8-99218f293990/.gitconfig'
2025-12-12T20:43:17.8497950Z Temporarily overriding HOME='/Users/runner/work/_temp/d81b4785-5281-46dd-8ed8-99218f293990' before making global git config changes
2025-12-12T20:43:17.8502970Z Adding repository directory to the temporary git global config as a safe directory
2025-12-12T20:43:17.8506870Z [command]/opt/homebrew/bin/git config --global --add safe.directory /Users/runner/work/Stack/Stack
2025-12-12T20:43:17.8624510Z Deleting the contents of '/Users/runner/work/Stack/Stack'
2025-12-12T20:43:17.8626770Z ##[group]Initializing the repository
2025-12-12T20:43:17.8631700Z [command]/opt/homebrew/bin/git init /Users/runner/work/Stack/Stack
2025-12-12T20:43:17.8877060Z hint: Using 'master' as the name for the initial branch. This default branch name
2025-12-12T20:43:17.8880300Z hint: is subject to change. To configure the initial branch name to use in all
2025-12-12T20:43:17.8883010Z hint: of your new repositories, which will suppress this warning, call:
2025-12-12T20:43:17.8884100Z hint:
2025-12-12T20:43:17.8884740Z hint: 	git config --global init.defaultBranch <name>
2025-12-12T20:43:17.8885480Z hint:
2025-12-12T20:43:17.8886150Z hint: Names commonly chosen instead of 'master' are 'main', 'trunk' and
2025-12-12T20:43:17.8889240Z hint: 'development'. The just-created branch can be renamed via this command:
2025-12-12T20:43:17.8890240Z hint:
2025-12-12T20:43:17.8890730Z hint: 	git branch -m <name>
2025-12-12T20:43:17.8891290Z hint:
2025-12-12T20:43:17.8892030Z hint: Disable this message with "git config set advice.defaultBranchName false"
2025-12-12T20:43:17.8893290Z Initialized empty Git repository in /Users/runner/work/Stack/Stack/.git/
2025-12-12T20:43:17.8897270Z [command]/opt/homebrew/bin/git remote add origin https://github.com/gabrielima7/Stack
2025-12-12T20:43:17.8985810Z ##[endgroup]
2025-12-12T20:43:17.8988250Z ##[group]Disabling automatic garbage collection
2025-12-12T20:43:17.8990590Z [command]/opt/homebrew/bin/git config --local gc.auto 0
2025-12-12T20:43:17.9058160Z ##[endgroup]
2025-12-12T20:43:17.9059140Z ##[group]Setting up auth
2025-12-12T20:43:17.9066620Z [command]/opt/homebrew/bin/git config --local --name-only --get-regexp core\.sshCommand
2025-12-12T20:43:17.9145270Z [command]/opt/homebrew/bin/git submodule foreach --recursive sh -c "git config --local --name-only --get-regexp 'core\.sshCommand' && git config --local --unset-all 'core.sshCommand' || :"
2025-12-12T20:43:18.0373520Z [command]/opt/homebrew/bin/git config --local --name-only --get-regexp http\.https\:\/\/github\.com\/\.extraheader
2025-12-12T20:43:18.0458870Z [command]/opt/homebrew/bin/git submodule foreach --recursive sh -c "git config --local --name-only --get-regexp 'http\.https\:\/\/github\.com\/\.extraheader' && git config --local --unset-all 'http.https://github.com/.extraheader' || :"
2025-12-12T20:43:18.1328450Z [command]/opt/homebrew/bin/git config --local --name-only --get-regexp ^includeIf\.gitdir:
2025-12-12T20:43:18.1402410Z [command]/opt/homebrew/bin/git submodule foreach --recursive git config --local --show-origin --name-only --get-regexp remote.origin.url
2025-12-12T20:43:18.2261500Z [command]/opt/homebrew/bin/git config --local http.https://github.com/.extraheader AUTHORIZATION: basic ***
2025-12-12T20:43:18.2341220Z ##[endgroup]
2025-12-12T20:43:18.2343620Z ##[group]Fetching the repository
2025-12-12T20:43:18.2347690Z [command]/opt/homebrew/bin/git -c protocol.version=2 fetch --no-tags --prune --no-recurse-submodules --depth=1 origin +66608d266f8835005cdc5ce8e255cf8beab12bfe:refs/remotes/origin/main
2025-12-12T20:43:18.7009220Z From https://github.com/gabrielima7/Stack
2025-12-12T20:43:18.7010200Z  * [new ref]         66608d266f8835005cdc5ce8e255cf8beab12bfe -> origin/main
2025-12-12T20:43:18.7088100Z ##[endgroup]
2025-12-12T20:43:18.7088820Z ##[group]Determining the checkout info
2025-12-12T20:43:18.7089530Z ##[endgroup]
2025-12-12T20:43:18.7094370Z [command]/opt/homebrew/bin/git sparse-checkout disable
2025-12-12T20:43:18.7178270Z [command]/opt/homebrew/bin/git config --local --unset-all extensions.worktreeConfig
2025-12-12T20:43:18.7243750Z ##[group]Checking out the ref
2025-12-12T20:43:18.7244950Z [command]/opt/homebrew/bin/git checkout --progress --force -B main refs/remotes/origin/main
2025-12-12T20:43:18.7469270Z Switched to a new branch 'main'
2025-12-12T20:43:18.7475350Z branch 'main' set up to track 'origin/main'.
2025-12-12T20:43:18.7484730Z ##[endgroup]
2025-12-12T20:43:18.7574120Z [command]/opt/homebrew/bin/git log -1 --format=%H
2025-12-12T20:43:18.7650650Z 66608d266f8835005cdc5ce8e255cf8beab12bfe
2025-12-12T20:43:18.7980920Z ##[group]Run actions/setup-python@v5
2025-12-12T20:43:18.7981990Z with:
2025-12-12T20:43:18.7984160Z   python-version: 3.12
2025-12-12T20:43:18.7985370Z   check-latest: false
2025-12-12T20:43:18.7986140Z   token: ***
2025-12-12T20:43:18.7986550Z   update-environment: true
2025-12-12T20:43:18.7987020Z   allow-prereleases: false
2025-12-12T20:43:18.7987430Z   freethreaded: false
2025-12-12T20:43:18.7987810Z env:
2025-12-12T20:43:18.7988200Z   PYTHON_VERSION_DEFAULT: 3.11
2025-12-12T20:43:18.7988620Z ##[endgroup]
2025-12-12T20:43:18.9947080Z ##[group]Installed versions
2025-12-12T20:43:19.0024620Z Successfully set up CPython (3.12.10)
2025-12-12T20:43:19.0025600Z ##[endgroup]
2025-12-12T20:43:19.0123710Z ##[group]Run pipx install poetry
2025-12-12T20:43:19.0124120Z [36;1mpipx install poetry[0m
2025-12-12T20:43:19.0177990Z shell: /bin/bash -e {0}
2025-12-12T20:43:19.0178280Z env:
2025-12-12T20:43:19.0178510Z   PYTHON_VERSION_DEFAULT: 3.11
2025-12-12T20:43:19.0178820Z   pythonLocation: /Users/runner/hostedtoolcache/Python/3.12.10/arm64
2025-12-12T20:43:19.0179300Z   PKG_CONFIG_PATH: /Users/runner/hostedtoolcache/Python/3.12.10/arm64/lib/pkgconfig
2025-12-12T20:43:19.0179720Z   Python_ROOT_DIR: /Users/runner/hostedtoolcache/Python/3.12.10/arm64
2025-12-12T20:43:19.0180160Z   Python2_ROOT_DIR: /Users/runner/hostedtoolcache/Python/3.12.10/arm64
2025-12-12T20:43:19.0180520Z   Python3_ROOT_DIR: /Users/runner/hostedtoolcache/Python/3.12.10/arm64
2025-12-12T20:43:19.0180820Z ##[endgroup]
2025-12-12T20:43:19.6129850Z creating virtual environment...
2025-12-12T20:43:19.6798080Z creating shared libraries...
2025-12-12T20:43:22.8022530Z upgrading shared libraries...
2025-12-12T20:43:24.8316400Z installing poetry...
2025-12-12T20:43:30.9275130Z done! ✨ 🌟 ✨
2025-12-12T20:43:30.9276280Z   installed package poetry 2.2.1, installed using Python 3.14.2
2025-12-12T20:43:30.9277820Z   These apps are now globally available
2025-12-12T20:43:30.9278590Z     - poetry
2025-12-12T20:43:30.9644770Z ##[group]Run poetry config virtualenvs.in-project true
2025-12-12T20:43:30.9646260Z [36;1mpoetry config virtualenvs.in-project true[0m
2025-12-12T20:43:30.9697670Z shell: /bin/bash -e {0}
2025-12-12T20:43:30.9698360Z env:
2025-12-12T20:43:30.9698960Z   PYTHON_VERSION_DEFAULT: 3.11
2025-12-12T20:43:30.9699290Z   pythonLocation: /Users/runner/hostedtoolcache/Python/3.12.10/arm64
2025-12-12T20:43:30.9699760Z   PKG_CONFIG_PATH: /Users/runner/hostedtoolcache/Python/3.12.10/arm64/lib/pkgconfig
2025-12-12T20:43:30.9700150Z   Python_ROOT_DIR: /Users/runner/hostedtoolcache/Python/3.12.10/arm64
2025-12-12T20:43:30.9700520Z   Python2_ROOT_DIR: /Users/runner/hostedtoolcache/Python/3.12.10/arm64
2025-12-12T20:43:30.9700980Z   Python3_ROOT_DIR: /Users/runner/hostedtoolcache/Python/3.12.10/arm64
2025-12-12T20:43:30.9701350Z ##[endgroup]
2025-12-12T20:43:32.5793910Z ##[group]Run actions/cache@v4
2025-12-12T20:43:32.5794280Z with:
2025-12-12T20:43:32.5794500Z   path: .venv
2025-12-12T20:43:32.5794850Z   key: macOS-poetry-3.12-dddbcec77aace8ea46b8e4dc49af4adbf8a33d76eb561e7fb5c3f00a438f980a
2025-12-12T20:43:32.5795300Z   restore-keys: macOS-poetry-3.12-

2025-12-12T20:43:32.5795560Z   enableCrossOsArchive: false
2025-12-12T20:43:32.5795860Z   fail-on-cache-miss: false
2025-12-12T20:43:32.5796090Z   lookup-only: false
2025-12-12T20:43:32.5796260Z   save-always: false
2025-12-12T20:43:32.5796450Z env:
2025-12-12T20:43:32.5796620Z   PYTHON_VERSION_DEFAULT: 3.11
2025-12-12T20:43:32.5796890Z   pythonLocation: /Users/runner/hostedtoolcache/Python/3.12.10/arm64
2025-12-12T20:43:32.5797300Z   PKG_CONFIG_PATH: /Users/runner/hostedtoolcache/Python/3.12.10/arm64/lib/pkgconfig
2025-12-12T20:43:32.5797750Z   Python_ROOT_DIR: /Users/runner/hostedtoolcache/Python/3.12.10/arm64
2025-12-12T20:43:32.5798160Z   Python2_ROOT_DIR: /Users/runner/hostedtoolcache/Python/3.12.10/arm64
2025-12-12T20:43:32.5798500Z   Python3_ROOT_DIR: /Users/runner/hostedtoolcache/Python/3.12.10/arm64
2025-12-12T20:43:32.5798800Z ##[endgroup]
2025-12-12T20:43:33.4518400Z Cache not found for input keys: macOS-poetry-3.12-dddbcec77aace8ea46b8e4dc49af4adbf8a33d76eb561e7fb5c3f00a438f980a, macOS-poetry-3.12-
2025-12-12T20:43:33.4579890Z ##[group]Run poetry install --with dev
2025-12-12T20:43:33.4580170Z [36;1mpoetry install --with dev[0m
2025-12-12T20:43:33.4621820Z shell: /bin/bash -e {0}
2025-12-12T20:43:33.4621990Z env:
2025-12-12T20:43:33.4622240Z   PYTHON_VERSION_DEFAULT: 3.11
2025-12-12T20:43:33.4622520Z   pythonLocation: /Users/runner/hostedtoolcache/Python/3.12.10/arm64
2025-12-12T20:43:33.4622900Z   PKG_CONFIG_PATH: /Users/runner/hostedtoolcache/Python/3.12.10/arm64/lib/pkgconfig
2025-12-12T20:43:33.4623430Z   Python_ROOT_DIR: /Users/runner/hostedtoolcache/Python/3.12.10/arm64
2025-12-12T20:43:33.4623780Z   Python2_ROOT_DIR: /Users/runner/hostedtoolcache/Python/3.12.10/arm64
2025-12-12T20:43:33.4624110Z   Python3_ROOT_DIR: /Users/runner/hostedtoolcache/Python/3.12.10/arm64
2025-12-12T20:43:33.4624360Z ##[endgroup]
2025-12-12T20:43:34.4961020Z Creating virtualenv stack in /Users/runner/work/Stack/Stack/.venv
2025-12-12T20:43:35.2241130Z Installing dependencies from lock file
2025-12-12T20:43:35.3434090Z 
2025-12-12T20:43:35.3535600Z Package operations: 75 installs, 0 updates, 0 removals
2025-12-12T20:43:35.3637860Z 
2025-12-12T20:43:35.3741400Z   - Installing mdurl (0.1.2)
2025-12-12T20:43:35.3840340Z   - Installing pycparser (2.23)
2025-12-12T20:43:35.3941290Z   - Installing typing-extensions (4.15.0)
2025-12-12T20:43:35.6791950Z   - Installing h11 (0.16.0)
2025-12-12T20:43:35.6799960Z   - Installing certifi (2025.11.12)
2025-12-12T20:43:35.6808010Z   - Installing annotated-types (0.7.0)
2025-12-12T20:43:35.6847480Z   - Installing cffi (2.0.0)
2025-12-12T20:43:35.6853910Z   - Installing markdown-it-py (4.0.0)
2025-12-12T20:43:35.6856330Z   - Installing idna (3.11)
2025-12-12T20:43:35.6882020Z   - Installing packaging (25.0)
2025-12-12T20:43:35.8146360Z   - Installing pydantic-core (2.41.5)
2025-12-12T20:43:35.8523330Z   - Installing pygments (2.19.2)
2025-12-12T20:43:35.8819920Z   - Installing ruamel-yaml-clib (0.2.14)
2025-12-12T20:43:35.8882130Z   - Installing typing-inspection (0.4.2)
2025-12-12T20:43:36.0759930Z   - Installing anyio (4.12.0)
2025-12-12T20:43:36.0765900Z   - Installing distlib (0.4.0)
2025-12-12T20:43:36.0767310Z   - Installing filelock (3.20.0)
2025-12-12T20:43:36.0776540Z   - Installing charset-normalizer (3.4.4)
2025-12-12T20:43:36.0779620Z   - Installing cryptography (46.0.3)
2025-12-12T20:43:36.0800620Z   - Installing click (8.1.8)
2025-12-12T20:43:36.0829540Z   - Installing dparse (0.6.4)
2025-12-12T20:43:36.2358640Z   - Installing httpcore (1.0.9)
2025-12-12T20:43:36.2403170Z   - Installing iniconfig (2.3.0)
2025-12-12T20:43:36.3015640Z   - Installing joblib (1.5.2)
2025-12-12T20:43:36.3144550Z   - Installing markupsafe (3.0.3)
2025-12-12T20:43:36.3189820Z   - Installing platformdirs (4.5.1)
2025-12-12T20:43:36.3585070Z   - Installing pluggy (1.6.0)
2025-12-12T20:43:36.4102670Z   - Installing pydantic (2.12.5)
2025-12-12T20:43:36.4304430Z   - Installing regex (2025.11.3)
2025-12-12T20:43:36.4654560Z   - Installing rich (13.5.3)
2025-12-12T20:43:36.4918400Z   - Installing ruamel-yaml (0.18.16)
2025-12-12T20:43:36.5175240Z   - Installing shellingham (1.5.4)
2025-12-12T20:43:36.6022020Z   - Installing tqdm (4.67.1)
2025-12-12T20:43:36.6069820Z   - Installing urllib3 (2.6.2)
2025-12-12T20:43:36.8419010Z   - Installing attrs (25.4.0)
2025-12-12T20:43:36.8427550Z   - Installing coverage (7.13.0)
2025-12-12T20:43:36.8429540Z   - Installing execnet (2.1.2)
2025-12-12T20:43:36.8445650Z   - Installing authlib (1.6.6)
2025-12-12T20:43:36.8449080Z   - Installing cfgv (3.5.0)
2025-12-12T20:43:36.8461210Z   - Installing dnspython (2.8.0)
2025-12-12T20:43:36.8473310Z   - Installing colorama (0.4.6)
2025-12-12T20:43:36.9641830Z   - Installing httpx (0.28.1)
2025-12-12T20:43:37.0127260Z   - Installing identify (2.6.15)
2025-12-12T20:43:37.0235380Z   - Installing jinja2 (3.1.6)
2025-12-12T20:43:37.0416090Z   - Installing librt (0.7.3)
2025-12-12T20:43:37.1313760Z   - Installing marshmallow (4.1.1)
2025-12-12T20:43:37.1611780Z   - Installing mypy-extensions (1.1.0)
2025-12-12T20:43:37.1766990Z   - Installing nltk (3.9.2)
2025-12-12T20:43:37.2221030Z   - Installing nodeenv (1.9.1)
2025-12-12T20:43:37.2225370Z   - Installing pathspec (0.12.1)
2025-12-12T20:43:37.2609020Z   - Installing py (1.11.0)
2025-12-12T20:43:37.2932090Z   - Installing pytest (9.0.2)
2025-12-12T20:43:37.2992310Z   - Installing pyyaml (6.0.3)
2025-12-12T20:43:37.3427050Z   - Installing requests (2.32.5)
2025-12-12T20:43:37.3634820Z   - Installing safety-schemas (0.0.16)
2025-12-12T20:43:37.4729140Z   - Installing sortedcontainers (2.4.0)
2025-12-12T20:43:37.5081290Z   - Installing stevedore (5.6.0)
2025-12-12T20:43:37.5207030Z   - Installing tabulate (0.9.0)
2025-12-12T20:43:37.5227870Z   - Installing tenacity (9.1.2)
2025-12-12T20:43:37.5797160Z   - Installing tomlkit (0.13.3)
2025-12-12T20:43:37.6234300Z   - Installing typer (0.20.0)
2025-12-12T20:43:37.6267540Z   - Installing virtualenv (20.35.4)
2025-12-12T20:43:38.0020220Z   - Installing bandit (1.9.2)
2025-12-12T20:43:38.0021070Z   - Installing interrogate (1.7.0)
2025-12-12T20:43:38.0044690Z   - Installing pre-commit (4.5.0)
2025-12-12T20:43:38.0046290Z   - Installing orjson (3.11.5)
2025-12-12T20:43:38.0049040Z   - Installing hypothesis (6.148.7)
2025-12-12T20:43:38.0050970Z   - Installing mypy (1.19.0)
2025-12-12T20:43:38.0083740Z   - Installing email-validator (2.3.0)
2025-12-12T20:43:38.2642530Z   - Installing pytest-cov (7.0.0)
2025-12-12T20:43:38.2748790Z   - Installing pytest-timeout (2.4.0)
2025-12-12T20:43:38.3179430Z   - Installing pytest-xdist (3.8.0)
2025-12-12T20:43:38.3860300Z   - Installing ruff (0.14.9)
2025-12-12T20:43:38.3998920Z   - Installing safety (3.7.0)
2025-12-12T20:43:38.5251810Z   - Installing vulture (2.14)
2025-12-12T20:43:39.4163740Z 
2025-12-12T20:43:39.4164480Z Installing the current project: stack (2.0.0)
2025-12-12T20:43:39.5986770Z ##[group]Run poetry run pytest tests/ -v --cov=src --cov-report=xml --cov-report=term --timeout=60
2025-12-12T20:43:39.5987490Z [36;1mpoetry run pytest tests/ -v --cov=src --cov-report=xml --cov-report=term --timeout=60[0m
2025-12-12T20:43:39.6048480Z shell: /bin/bash -e {0}
2025-12-12T20:43:39.6048730Z env:
2025-12-12T20:43:39.6048900Z   PYTHON_VERSION_DEFAULT: 3.11
2025-12-12T20:43:39.6049260Z   pythonLocation: /Users/runner/hostedtoolcache/Python/3.12.10/arm64
2025-12-12T20:43:39.6050620Z   PKG_CONFIG_PATH: /Users/runner/hostedtoolcache/Python/3.12.10/arm64/lib/pkgconfig
2025-12-12T20:43:39.6051660Z   Python_ROOT_DIR: /Users/runner/hostedtoolcache/Python/3.12.10/arm64
2025-12-12T20:43:39.6052340Z   Python2_ROOT_DIR: /Users/runner/hostedtoolcache/Python/3.12.10/arm64
2025-12-12T20:43:39.6052710Z   Python3_ROOT_DIR: /Users/runner/hostedtoolcache/Python/3.12.10/arm64
2025-12-12T20:43:39.6052980Z ##[endgroup]
2025-12-12T20:43:42.2177660Z ============================= test session starts ==============================
2025-12-12T20:43:42.2178860Z platform darwin -- Python 3.12.10, pytest-9.0.2, pluggy-1.6.0 -- /Users/runner/work/Stack/Stack/.venv/bin/python
2025-12-12T20:43:42.2180590Z cachedir: .pytest_cache
2025-12-12T20:43:42.2181030Z hypothesis profile 'ci' -> database=None, deadline=None, print_blob=True, derandomize=True, suppress_health_check=(HealthCheck.too_slow,)
2025-12-12T20:43:42.2181540Z rootdir: /Users/runner/work/Stack/Stack
2025-12-12T20:43:42.2181800Z configfile: pyproject.toml
2025-12-12T20:43:42.2182080Z plugins: anyio-4.12.0, xdist-3.8.0, timeout-2.4.0, hypothesis-6.148.7, cov-7.0.0
2025-12-12T20:43:42.2182360Z timeout: 60.0s
2025-12-12T20:43:42.2182560Z timeout method: signal
2025-12-12T20:43:42.2182790Z timeout func_only: False
2025-12-12T20:43:42.9126140Z collecting ... collected 74 items
2025-12-12T20:43:42.9127980Z 
2025-12-12T20:43:42.9155310Z tests/test_config_models.py::TestSecurityConfig::test_default_values PASSED [  1%]
2025-12-12T20:43:42.9165330Z tests/test_config_models.py::TestSecurityConfig::test_paranoid_level PASSED [  2%]
2025-12-12T20:43:42.9178580Z tests/test_config_models.py::TestSecurityConfig::test_frozen_config PASSED [  4%]
2025-12-12T20:43:42.9205420Z tests/test_config_models.py::TestSecurityConfig::test_extra_fields_forbidden PASSED [  5%]
2025-12-12T20:43:42.9206450Z tests/test_config_models.py::TestDependencyConfig::test_default_values PASSED [  6%]
2025-12-12T20:43:42.9207000Z tests/test_config_models.py::TestDependencyConfig::test_custom_dependencies PASSED [  8%]
2025-12-12T20:43:42.9207710Z tests/test_config_models.py::TestLoggingConfig::test_default_values PASSED [  9%]
2025-12-12T20:43:42.9219170Z tests/test_config_models.py::TestLoggingConfig::test_valid_levels PASSED [ 10%]
2025-12-12T20:43:42.9228290Z tests/test_config_models.py::TestLoggingConfig::test_invalid_level_rejected PASSED [ 12%]
2025-12-12T20:43:42.9245920Z tests/test_config_models.py::TestStackConfig::test_default_values PASSED [ 13%]
2025-12-12T20:43:42.9253380Z tests/test_config_models.py::TestStackConfig::test_valid_project_name PASSED [ 14%]
2025-12-12T20:43:42.9282930Z tests/test_config_models.py::TestStackConfig::test_invalid_project_name_rejected PASSED [ 16%]
2025-12-12T20:43:42.9285900Z tests/test_config_models.py::TestStackConfig::test_valid_python_version PASSED [ 17%]
2025-12-12T20:43:42.9297040Z tests/test_config_models.py::TestStackConfig::test_invalid_python_version_rejected PASSED [ 18%]
2025-12-12T20:43:42.9409320Z tests/test_config_models.py::TestStackConfig::test_path_traversal_rejected PASSED [ 20%]
2025-12-12T20:43:42.9443150Z tests/test_config_models.py::TestStackConfig::test_paranoid_requires_all_tools PASSED [ 21%]
2025-12-12T20:43:42.9451320Z tests/test_config_models.py::TestStackConfig::test_to_target_version PASSED [ 22%]
2025-12-12T20:43:42.9461580Z tests/test_config_models.py::TestStackConfig::test_nested_configs PASSED [ 24%]
2025-12-12T20:43:42.9473420Z tests/test_example.py::test_greet PASSED                                 [ 25%]
2025-12-12T20:43:42.9489090Z tests/test_example.py::test_greet_empty PASSED                           [ 27%]
2025-12-12T20:43:42.9978080Z tests/test_secure_system.py::test_create_user_success PASSED             [ 28%]
2025-12-12T20:43:42.9991190Z tests/test_secure_system.py::test_create_user_invalid_email PASSED       [ 29%]
2025-12-12T20:43:43.0000690Z tests/test_secure_system.py::test_create_user_invalid_username PASSED    [ 31%]
2025-12-12T20:43:43.0012440Z tests/test_secure_system.py::test_get_non_existent_user PASSED           [ 32%]
2025-12-12T20:43:43.0031530Z tests/test_security_guards.py::TestGuardPathTraversal::test_safe_path_passes PASSED [ 33%]
2025-12-12T20:43:43.0052130Z tests/test_security_guards.py::TestGuardPathTraversal::test_relative_path_within_base PASSED [ 35%]
2025-12-12T20:43:43.0063960Z tests/test_security_guards.py::TestGuardPathTraversal::test_path_traversal_blocked PASSED [ 36%]
2025-12-12T20:43:43.0076360Z tests/test_security_guards.py::TestGuardPathTraversal::test_double_dot_blocked PASSED [ 37%]
2025-12-12T20:43:43.0087280Z tests/test_security_guards.py::TestGuardPathTraversal::test_url_encoded_traversal_blocked PASSED [ 39%]
2025-12-12T20:43:43.0104590Z tests/test_security_guards.py::TestGuardPathTraversal::test_path_escapes_base_dir PASSED [ 40%]
2025-12-12T20:43:43.0110600Z tests/test_security_guards.py::TestGuardCommandInjection::test_safe_command_passes PASSED [ 41%]
2025-12-12T20:43:43.0115940Z tests/test_security_guards.py::TestGuardCommandInjection::test_empty_command_blocked PASSED [ 43%]
2025-12-12T20:43:43.0121180Z tests/test_security_guards.py::TestGuardCommandInjection::test_semicolon_blocked PASSED [ 44%]
2025-12-12T20:43:43.0131440Z tests/test_security_guards.py::TestGuardCommandInjection::test_pipe_blocked PASSED [ 45%]
2025-12-12T20:43:43.0137490Z tests/test_security_guards.py::TestGuardCommandInjection::test_backtick_blocked PASSED [ 47%]
2025-12-12T20:43:43.0143200Z tests/test_security_guards.py::TestGuardCommandInjection::test_dollar_expansion_blocked PASSED [ 48%]
2025-12-12T20:43:43.0154230Z tests/test_security_guards.py::TestGuardCommandInjection::test_allowed_commands_whitelist PASSED [ 50%]
2025-12-12T20:43:43.0166780Z tests/test_security_guards.py::TestGuardCommandInjection::test_command_not_in_whitelist_blocked PASSED [ 51%]
2025-12-12T20:43:43.0281840Z tests/test_security_guards.py::TestGuardFileExtension::test_safe_extension_passes PASSED [ 52%]
2025-12-12T20:43:43.0294070Z tests/test_security_guards.py::TestGuardFileExtension::test_dangerous_extension_blocked PASSED [ 54%]
2025-12-12T20:43:43.0294940Z tests/test_security_guards.py::TestGuardFileExtension::test_custom_denied_extensions PASSED [ 55%]
2025-12-12T20:43:43.0295610Z tests/test_security_guards.py::TestGuardFileExtension::test_extension_with_dot PASSED [ 56%]
2025-12-12T20:43:43.0301720Z tests/test_security_validators.py::TestValidateProjectName::test_valid_project_name PASSED [ 58%]
2025-12-12T20:43:43.0320290Z tests/test_security_validators.py::TestValidateProjectName::test_empty_name_rejected PASSED [ 59%]
2025-12-12T20:43:43.0335760Z tests/test_security_validators.py::TestValidateProjectName::test_name_must_start_with_letter PASSED [ 60%]
2025-12-12T20:43:43.0348230Z tests/test_security_validators.py::TestValidateProjectName::test_reserved_names_rejected PASSED [ 62%]
2025-12-12T20:43:43.0369150Z tests/test_security_validators.py::TestValidateProjectName::test_max_length_enforced PASSED [ 63%]
2025-12-12T20:43:43.0374000Z tests/test_security_validators.py::TestValidatePythonVersion::test_valid_versions PASSED [ 64%]
2025-12-12T20:43:43.0389780Z tests/test_security_validators.py::TestValidatePythonVersion::test_invalid_format_rejected PASSED [ 66%]
2025-12-12T20:43:43.0407900Z tests/test_security_validators.py::TestValidatePythonVersion::test_unsupported_version_rejected PASSED [ 67%]
2025-12-12T20:43:43.0423770Z tests/test_security_validators.py::TestValidateEmail::test_valid_emails PASSED [ 68%]
2025-12-12T20:43:43.0430390Z tests/test_security_validators.py::TestValidateEmail::test_empty_email_rejected PASSED [ 70%]
2025-12-12T20:43:43.0444950Z tests/test_security_validators.py::TestValidateEmail::test_invalid_format_rejected PASSED [ 71%]
2025-12-12T20:43:43.0457470Z tests/test_security_validators.py::TestValidateUrl::test_valid_urls PASSED [ 72%]
2025-12-12T20:43:43.0463060Z tests/test_security_validators.py::TestValidateUrl::test_empty_url_rejected PASSED [ 74%]
2025-12-12T20:43:43.0477650Z tests/test_security_validators.py::TestValidateUrl::test_missing_scheme_rejected PASSED [ 75%]
2025-12-12T20:43:43.0489200Z tests/test_security_validators.py::TestValidateUrl::test_invalid_scheme_rejected PASSED [ 77%]
2025-12-12T20:43:43.0501580Z tests/test_security_validators.py::TestValidateIpAddress::test_valid_ipv4 PASSED [ 78%]
2025-12-12T20:43:43.0517300Z tests/test_security_validators.py::TestValidateIpAddress::test_valid_ipv6 PASSED [ 79%]
2025-12-12T20:43:43.0560820Z tests/test_security_validators.py::TestValidateIpAddress::test_invalid_ip_rejected PASSED [ 81%]
2025-12-12T20:43:43.0567000Z tests/test_security_validators.py::TestValidatePort::test_valid_ports PASSED [ 82%]
2025-12-12T20:43:43.0577810Z tests/test_security_validators.py::TestValidatePort::test_invalid_port_rejected PASSED [ 83%]
2025-12-12T20:43:43.0588750Z tests/test_security_validators.py::TestValidatePort::test_privileged_ports_blocked PASSED [ 85%]
2025-12-12T20:43:43.0632820Z tests/test_security_validators.py::TestValidateSemver::test_valid_semver PASSED [ 86%]
2025-12-12T20:43:43.0654300Z tests/test_security_validators.py::TestValidateSemver::test_invalid_semver_rejected PASSED [ 87%]
2025-12-12T20:43:43.0943980Z tests/test_stack_script.py::test_dry_run_does_not_create_files PASSED    [ 89%]
2025-12-12T20:43:43.1045790Z tests/test_stack_script.py::test_safe_write_creates_backup PASSED        [ 90%]
2025-12-12T20:43:43.1154560Z tests/test_stack_script.py::test_force_mode_overwrites_without_backup PASSED [ 91%]
2025-12-12T20:43:43.1362810Z tests/test_stack_script.py::test_idempotency_for_pyproject_toml PASSED   [ 93%]
2025-12-12T20:43:43.1467650Z tests/test_stack_script.py::test_git_initialization PASSED               [ 94%]
2025-12-12T20:43:43.1597640Z tests/test_stack_script.py::test_project_structure_creation PASSED       [ 95%]
2025-12-12T20:43:43.1710630Z tests/test_stack_script.py::test_optional_dependencies_flag PASSED       [ 97%]
2025-12-12T20:43:43.1839610Z tests/test_stack_script.py::test_install_runtime_deps_flag PASSED        [ 98%]
2025-12-12T20:43:43.7020310Z tests/test_stack_script.py::test_python_version_detection PASSED         [100%]
2025-12-12T20:43:43.7121630Z ERROR: Coverage failure: total of 37 is less than fail-under=80
2025-12-12T20:43:43.7221410Z 
2025-12-12T20:43:43.7323380Z 
2025-12-12T20:43:43.7426560Z ================================ tests coverage ================================
2025-12-12T20:43:43.7538000Z ______________ coverage: platform darwin, python 3.12.10-final-0 _______________
2025-12-12T20:43:43.7670250Z 
2025-12-12T20:43:43.7795130Z Name                               Stmts   Miss Branch BrPart  Cover   Missing
2025-12-12T20:43:43.7896430Z ------------------------------------------------------------------------------
2025-12-12T20:43:43.7997060Z src/app/__init__.py                    1      0      0      0   100%
2025-12-12T20:43:43.8017160Z src/app/main.py                        8      2      0      0    75%   25-26
2025-12-12T20:43:43.8017830Z src/app/secure_system.py              45      0      2      0   100%
2025-12-12T20:43:43.8018270Z src/stack/__init__.py                  5      0      0      0   100%
2025-12-12T20:43:43.8018810Z src/stack/config/__init__.py           3      0      0      0   100%
2025-12-12T20:43:43.8019350Z src/stack/config/generators.py        34     25     14      0    19%   27-28, 124-182, 218, 264, 311, 349-357
2025-12-12T20:43:43.8019870Z src/stack/config/models.py            73      2     12      1    96%   235-236
2025-12-12T20:43:43.8020290Z src/stack/security/__init__.py         4      0      0      0   100%
2025-12-12T20:43:43.8021290Z src/stack/security/guards.py          83     23     44      4    68%   100-101, 117->125, 119, 250->259, 253, 283-348
2025-12-12T20:43:43.8021860Z src/stack/security/sanitizers.py     104     95     58      0     6%   40-70, 100-152, 177-224, 244-260, 278-297
2025-12-12T20:43:43.8022510Z src/stack/security/validators.py     125     25     54     11    80%   54->56, 56->59, 65-66, 114-116, 160-161, 164-165, 196-198, 209-210, 212->221, 218-219, 251-252, 255-256, 259-260, 285-287
2025-12-12T20:43:43.8023090Z src/stack/utils/__init__.py            4      4      0      0     0%   3-7
2025-12-12T20:43:43.8023520Z src/stack/utils/filesystem.py        113    113     62      0     0%   8-349
2025-12-12T20:43:43.8023960Z src/stack/utils/logging.py            99     99     32      0     0%   8-324
2025-12-12T20:43:43.8024410Z src/stack/utils/subprocess.py         73     73     26      0     0%   8-340
2025-12-12T20:43:43.8024820Z ------------------------------------------------------------------------------
2025-12-12T20:43:43.8025700Z TOTAL                                774    461    304     16    37%
2025-12-12T20:43:43.8027080Z Coverage HTML written to dir htmlcov
2025-12-12T20:43:43.8027850Z Coverage XML written to file coverage.xml
2025-12-12T20:43:43.8028750Z FAIL Required test coverage of 80.0% not reached. Total coverage: 36.64%
2025-12-12T20:43:43.8029700Z ============================== 74 passed in 2.17s ==============================
2025-12-12T20:43:43.8920150Z ##[error]Process completed with exit code 1.
2025-12-12T20:43:43.9024810Z Post job cleanup.
2025-12-12T20:43:44.0464140Z [command]/opt/homebrew/bin/git version
2025-12-12T20:43:44.0679130Z git version 2.50.1
2025-12-12T20:43:44.0711030Z Copying '/Users/runner/.gitconfig' to '/Users/runner/work/_temp/15d39531-7c7b-47b8-91f2-e632f399eb63/.gitconfig'
2025-12-12T20:43:44.0741850Z Temporarily overriding HOME='/Users/runner/work/_temp/15d39531-7c7b-47b8-91f2-e632f399eb63' before making global git config changes
2025-12-12T20:43:44.0742550Z Adding repository directory to the temporary git global config as a safe directory
2025-12-12T20:43:44.0743070Z [command]/opt/homebrew/bin/git config --global --add safe.directory /Users/runner/work/Stack/Stack
2025-12-12T20:43:44.0860600Z [command]/opt/homebrew/bin/git config --local --name-only --get-regexp core\.sshCommand
2025-12-12T20:43:44.0949130Z [command]/opt/homebrew/bin/git submodule foreach --recursive sh -c "git config --local --name-only --get-regexp 'core\.sshCommand' && git config --local --unset-all 'core.sshCommand' || :"
2025-12-12T20:43:44.1889080Z [command]/opt/homebrew/bin/git config --local --name-only --get-regexp http\.https\:\/\/github\.com\/\.extraheader
2025-12-12T20:43:44.1950700Z http.https://github.com/.extraheader
2025-12-12T20:43:44.1960440Z [command]/opt/homebrew/bin/git config --local --unset-all http.https://github.com/.extraheader
2025-12-12T20:43:44.2041580Z [command]/opt/homebrew/bin/git submodule foreach --recursive sh -c "git config --local --name-only --get-regexp 'http\.https\:\/\/github\.com\/\.extraheader' && git config --local --unset-all 'http.https://github.com/.extraheader' || :"
2025-12-12T20:43:44.2970030Z [command]/opt/homebrew/bin/git config --local --name-only --get-regexp ^includeIf\.gitdir:
2025-12-12T20:43:44.3043540Z [command]/opt/homebrew/bin/git submodule foreach --recursive git config --local --show-origin --name-only --get-regexp remote.origin.url
2025-12-12T20:43:44.4680490Z Cleaning up orphan processes
