2025-12-12T20:43:16.2808506Z Current runner version: '2.329.0'
2025-12-12T20:43:16.2841808Z ##[group]Runner Image Provisioner
2025-12-12T20:43:16.2843194Z Hosted Compute Agent
2025-12-12T20:43:16.2844180Z Version: 20251202.455
2025-12-12T20:43:16.2845196Z Commit: 6c10caca4910e198df60de23adf20ad317c474e3
2025-12-12T20:43:16.2846489Z Build Date: 2025-12-02T15:56:59Z
2025-12-12T20:43:16.2847522Z Worker ID: {ec882b28-8fa9-4f4e-8393-26f1bb6cb403}
2025-12-12T20:43:16.2848987Z ##[endgroup]
2025-12-12T20:43:16.2849947Z ##[group]Operating System
2025-12-12T20:43:16.2851020Z Ubuntu
2025-12-12T20:43:16.2851863Z 24.04.3
2025-12-12T20:43:16.2852787Z LTS
2025-12-12T20:43:16.2853624Z ##[endgroup]
2025-12-12T20:43:16.2854454Z ##[group]Runner Image
2025-12-12T20:43:16.2855452Z Image: ubuntu-24.04
2025-12-12T20:43:16.2856371Z Version: 20251208.163.1
2025-12-12T20:43:16.2858247Z Included Software: https://github.com/actions/runner-images/blob/ubuntu24/20251208.163/images/ubuntu/Ubuntu2404-Readme.md
2025-12-12T20:43:16.2861337Z Image Release: https://github.com/actions/runner-images/releases/tag/ubuntu24%2F20251208.163
2025-12-12T20:43:16.2863215Z ##[endgroup]
2025-12-12T20:43:16.2865152Z ##[group]GITHUB_TOKEN Permissions
2025-12-12T20:43:16.2867876Z Contents: read
2025-12-12T20:43:16.2869002Z Metadata: read
2025-12-12T20:43:16.2870016Z Packages: read
2025-12-12T20:43:16.2870848Z ##[endgroup]
2025-12-12T20:43:16.2873427Z Secret source: Actions
2025-12-12T20:43:16.2875262Z Prepare workflow directory
2025-12-12T20:43:16.3331341Z Prepare all required actions
2025-12-12T20:43:16.3386446Z Getting action download info
2025-12-12T20:43:16.6614668Z Download action repository 'actions/checkout@v4' (SHA:34e114876b0b11c390a56381ad16ebd13914f8d5)
2025-12-12T20:43:16.7771416Z Download action repository 'actions/setup-python@v5' (SHA:a26af69be951a213d495a4c3e4e4022e16d87065)
2025-12-12T20:43:16.9298238Z Complete job name: Docstring Coverage
2025-12-12T20:43:16.9949578Z ##[group]Run actions/checkout@v4
2025-12-12T20:43:16.9950415Z with:
2025-12-12T20:43:16.9950818Z   repository: gabrielima7/Stack
2025-12-12T20:43:16.9951453Z   token: ***
2025-12-12T20:43:16.9951835Z   ssh-strict: true
2025-12-12T20:43:16.9952229Z   ssh-user: git
2025-12-12T20:43:16.9952634Z   persist-credentials: true
2025-12-12T20:43:16.9953074Z   clean: true
2025-12-12T20:43:16.9953473Z   sparse-checkout-cone-mode: true
2025-12-12T20:43:16.9953950Z   fetch-depth: 1
2025-12-12T20:43:16.9954330Z   fetch-tags: false
2025-12-12T20:43:16.9954731Z   show-progress: true
2025-12-12T20:43:16.9955128Z   lfs: false
2025-12-12T20:43:16.9955497Z   submodules: false
2025-12-12T20:43:16.9955945Z   set-safe-directory: true
2025-12-12T20:43:16.9956735Z env:
2025-12-12T20:43:16.9957115Z   PYTHON_VERSION_DEFAULT: 3.11
2025-12-12T20:43:16.9957569Z ##[endgroup]
2025-12-12T20:43:17.1048872Z Syncing repository: gabrielima7/Stack
2025-12-12T20:43:17.1050583Z ##[group]Getting Git version info
2025-12-12T20:43:17.1051302Z Working directory is '/home/runner/work/Stack/Stack'
2025-12-12T20:43:17.1052746Z [command]/usr/bin/git version
2025-12-12T20:43:17.1125536Z git version 2.52.0
2025-12-12T20:43:17.1152462Z ##[endgroup]
2025-12-12T20:43:17.1167756Z Temporarily overriding HOME='/home/runner/work/_temp/d80087de-eb1d-418c-b1c3-152f7b56b99f' before making global git config changes
2025-12-12T20:43:17.1170324Z Adding repository directory to the temporary git global config as a safe directory
2025-12-12T20:43:17.1180794Z [command]/usr/bin/git config --global --add safe.directory /home/runner/work/Stack/Stack
2025-12-12T20:43:17.1217932Z Deleting the contents of '/home/runner/work/Stack/Stack'
2025-12-12T20:43:17.1222089Z ##[group]Initializing the repository
2025-12-12T20:43:17.1226564Z [command]/usr/bin/git init /home/runner/work/Stack/Stack
2025-12-12T20:43:17.1342638Z hint: Using 'master' as the name for the initial branch. This default branch name
2025-12-12T20:43:17.1343611Z hint: will change to "main" in Git 3.0. To configure the initial branch name
2025-12-12T20:43:17.1344456Z hint: to use in all of your new repositories, which will suppress this warning,
2025-12-12T20:43:17.1345386Z hint: call:
2025-12-12T20:43:17.1345746Z hint:
2025-12-12T20:43:17.1346215Z hint: 	git config --global init.defaultBranch <name>
2025-12-12T20:43:17.1346779Z hint:
2025-12-12T20:43:17.1347635Z hint: Names commonly chosen instead of 'master' are 'main', 'trunk' and
2025-12-12T20:43:17.1349436Z hint: 'development'. The just-created branch can be renamed via this command:
2025-12-12T20:43:17.1350647Z hint:
2025-12-12T20:43:17.1351245Z hint: 	git branch -m <name>
2025-12-12T20:43:17.1351962Z hint:
2025-12-12T20:43:17.1352757Z hint: Disable this message with "git config set advice.defaultBranchName false"
2025-12-12T20:43:17.1353691Z Initialized empty Git repository in /home/runner/work/Stack/Stack/.git/
2025-12-12T20:43:17.1362541Z [command]/usr/bin/git remote add origin https://github.com/gabrielima7/Stack
2025-12-12T20:43:17.1396559Z ##[endgroup]
2025-12-12T20:43:17.1397260Z ##[group]Disabling automatic garbage collection
2025-12-12T20:43:17.1400706Z [command]/usr/bin/git config --local gc.auto 0
2025-12-12T20:43:17.1427657Z ##[endgroup]
2025-12-12T20:43:17.1428308Z ##[group]Setting up auth
2025-12-12T20:43:17.1434325Z [command]/usr/bin/git config --local --name-only --get-regexp core\.sshCommand
2025-12-12T20:43:17.1463085Z [command]/usr/bin/git submodule foreach --recursive sh -c "git config --local --name-only --get-regexp 'core\.sshCommand' && git config --local --unset-all 'core.sshCommand' || :"
2025-12-12T20:43:17.1788102Z [command]/usr/bin/git config --local --name-only --get-regexp http\.https\:\/\/github\.com\/\.extraheader
2025-12-12T20:43:17.1815390Z [command]/usr/bin/git submodule foreach --recursive sh -c "git config --local --name-only --get-regexp 'http\.https\:\/\/github\.com\/\.extraheader' && git config --local --unset-all 'http.https://github.com/.extraheader' || :"
2025-12-12T20:43:17.2029460Z [command]/usr/bin/git config --local --name-only --get-regexp ^includeIf\.gitdir:
2025-12-12T20:43:17.2057110Z [command]/usr/bin/git submodule foreach --recursive git config --local --show-origin --name-only --get-regexp remote.origin.url
2025-12-12T20:43:17.2281478Z [command]/usr/bin/git config --local http.https://github.com/.extraheader AUTHORIZATION: basic ***
2025-12-12T20:43:17.2314157Z ##[endgroup]
2025-12-12T20:43:17.2314952Z ##[group]Fetching the repository
2025-12-12T20:43:17.2322365Z [command]/usr/bin/git -c protocol.version=2 fetch --no-tags --prune --no-recurse-submodules --depth=1 origin +66608d266f8835005cdc5ce8e255cf8beab12bfe:refs/remotes/origin/main
2025-12-12T20:43:17.5228926Z From https://github.com/gabrielima7/Stack
2025-12-12T20:43:17.5230219Z  * [new ref]         66608d266f8835005cdc5ce8e255cf8beab12bfe -> origin/main
2025-12-12T20:43:17.5260476Z ##[endgroup]
2025-12-12T20:43:17.5261550Z ##[group]Determining the checkout info
2025-12-12T20:43:17.5262731Z ##[endgroup]
2025-12-12T20:43:17.5267532Z [command]/usr/bin/git sparse-checkout disable
2025-12-12T20:43:17.5306230Z [command]/usr/bin/git config --local --unset-all extensions.worktreeConfig
2025-12-12T20:43:17.5330993Z ##[group]Checking out the ref
2025-12-12T20:43:17.5334175Z [command]/usr/bin/git checkout --progress --force -B main refs/remotes/origin/main
2025-12-12T20:43:17.5443002Z Switched to a new branch 'main'
2025-12-12T20:43:17.5445789Z branch 'main' set up to track 'origin/main'.
2025-12-12T20:43:17.5452710Z ##[endgroup]
2025-12-12T20:43:17.5485133Z [command]/usr/bin/git log -1 --format=%H
2025-12-12T20:43:17.5505955Z 66608d266f8835005cdc5ce8e255cf8beab12bfe
2025-12-12T20:43:17.5729200Z ##[group]Run actions/setup-python@v5
2025-12-12T20:43:17.5729755Z with:
2025-12-12T20:43:17.5730117Z   python-version: 3.11
2025-12-12T20:43:17.5730526Z   check-latest: false
2025-12-12T20:43:17.5731064Z   token: ***
2025-12-12T20:43:17.5731439Z   update-environment: true
2025-12-12T20:43:17.5731916Z   allow-prereleases: false
2025-12-12T20:43:17.5732345Z   freethreaded: false
2025-12-12T20:43:17.5732732Z env:
2025-12-12T20:43:17.5733084Z   PYTHON_VERSION_DEFAULT: 3.11
2025-12-12T20:43:17.5733516Z ##[endgroup]
2025-12-12T20:43:17.7362443Z ##[group]Installed versions
2025-12-12T20:43:17.7471543Z Successfully set up CPython (3.11.14)
2025-12-12T20:43:17.7473405Z ##[endgroup]
2025-12-12T20:43:17.7607563Z ##[group]Run pip install interrogate
2025-12-12T20:43:17.7608423Z [36;1mpip install interrogate[0m
2025-12-12T20:43:17.7654598Z shell: /usr/bin/bash -e {0}
2025-12-12T20:43:17.7655209Z env:
2025-12-12T20:43:17.7655631Z   PYTHON_VERSION_DEFAULT: 3.11
2025-12-12T20:43:17.7656468Z   pythonLocation: /opt/hostedtoolcache/Python/3.11.14/x64
2025-12-12T20:43:17.7657698Z   PKG_CONFIG_PATH: /opt/hostedtoolcache/Python/3.11.14/x64/lib/pkgconfig
2025-12-12T20:43:17.7659085Z   Python_ROOT_DIR: /opt/hostedtoolcache/Python/3.11.14/x64
2025-12-12T20:43:17.7660152Z   Python2_ROOT_DIR: /opt/hostedtoolcache/Python/3.11.14/x64
2025-12-12T20:43:17.7661301Z   Python3_ROOT_DIR: /opt/hostedtoolcache/Python/3.11.14/x64
2025-12-12T20:43:17.7662471Z   LD_LIBRARY_PATH: /opt/hostedtoolcache/Python/3.11.14/x64/lib
2025-12-12T20:43:17.7663430Z ##[endgroup]
2025-12-12T20:43:19.0220539Z Collecting interrogate
2025-12-12T20:43:19.1075800Z   Downloading interrogate-1.7.0-py3-none-any.whl.metadata (37 kB)
2025-12-12T20:43:19.1444807Z Collecting attrs (from interrogate)
2025-12-12T20:43:19.1587890Z   Downloading attrs-25.4.0-py3-none-any.whl.metadata (10 kB)
2025-12-12T20:43:19.1810406Z Collecting click>=7.1 (from interrogate)
2025-12-12T20:43:19.1965579Z   Downloading click-8.3.1-py3-none-any.whl.metadata (2.6 kB)
2025-12-12T20:43:19.2129188Z Collecting colorama (from interrogate)
2025-12-12T20:43:19.2270683Z   Downloading colorama-0.4.6-py2.py3-none-any.whl.metadata (17 kB)
2025-12-12T20:43:19.2490390Z Collecting py (from interrogate)
2025-12-12T20:43:19.2634945Z   Downloading py-1.11.0-py2.py3-none-any.whl.metadata (2.8 kB)
2025-12-12T20:43:19.6793993Z Collecting tabulate (from interrogate)
2025-12-12T20:43:19.6942049Z   Downloading tabulate-0.9.0-py3-none-any.whl.metadata (34 kB)
2025-12-12T20:43:19.8917191Z Downloading interrogate-1.7.0-py3-none-any.whl (46 kB)
2025-12-12T20:43:19.9274866Z Downloading click-8.3.1-py3-none-any.whl (108 kB)
2025-12-12T20:43:19.9749911Z Downloading attrs-25.4.0-py3-none-any.whl (67 kB)
2025-12-12T20:43:20.0390926Z Downloading colorama-0.4.6-py2.py3-none-any.whl (25 kB)
2025-12-12T20:43:20.2329621Z Downloading py-1.11.0-py2.py3-none-any.whl (98 kB)
2025-12-12T20:43:20.3114978Z Downloading tabulate-0.9.0-py3-none-any.whl (35 kB)
2025-12-12T20:43:20.5874568Z Installing collected packages: tabulate, py, colorama, click, attrs, interrogate
2025-12-12T20:43:20.9351899Z 
2025-12-12T20:43:20.9362431Z Successfully installed attrs-25.4.0 click-8.3.1 colorama-0.4.6 interrogate-1.7.0 py-1.11.0 tabulate-0.9.0
2025-12-12T20:43:21.0867238Z ##[group]Run interrogate -v --fail-under=70 src/
2025-12-12T20:43:21.0867635Z [36;1minterrogate -v --fail-under=70 src/[0m
2025-12-12T20:43:21.0902279Z shell: /usr/bin/bash -e {0}
2025-12-12T20:43:21.0902545Z env:
2025-12-12T20:43:21.0902717Z   PYTHON_VERSION_DEFAULT: 3.11
2025-12-12T20:43:21.0903028Z   pythonLocation: /opt/hostedtoolcache/Python/3.11.14/x64
2025-12-12T20:43:21.0903419Z   PKG_CONFIG_PATH: /opt/hostedtoolcache/Python/3.11.14/x64/lib/pkgconfig
2025-12-12T20:43:21.0903796Z   Python_ROOT_DIR: /opt/hostedtoolcache/Python/3.11.14/x64
2025-12-12T20:43:21.0904136Z   Python2_ROOT_DIR: /opt/hostedtoolcache/Python/3.11.14/x64
2025-12-12T20:43:21.0904470Z   Python3_ROOT_DIR: /opt/hostedtoolcache/Python/3.11.14/x64
2025-12-12T20:43:21.0904812Z   LD_LIBRARY_PATH: /opt/hostedtoolcache/Python/3.11.14/x64/lib
2025-12-12T20:43:21.0905088Z ##[endgroup]
2025-12-12T20:43:21.2267974Z =============== Coverage for /home/runner/work/Stack/Stack/src/ ================
2025-12-12T20:43:21.2269300Z ----------------------------------- Summary ------------------------------------
2025-12-12T20:43:21.2276039Z | Name                             |    Total |    Miss |    Cover |    Cover% |
2025-12-12T20:43:21.2278978Z |----------------------------------|----------|---------|----------|-----------|
2025-12-12T20:43:21.2279912Z | app/main.py                      |        3 |       0 |        3 |      100% |
2025-12-12T20:43:21.2280504Z | app/secure_system.py             |       16 |       0 |       16 |      100% |
2025-12-12T20:43:21.2281137Z | stack/config/generators.py       |        7 |       0 |        7 |      100% |
2025-12-12T20:43:21.2281782Z | stack/config/models.py           |       10 |       0 |       10 |      100% |
2025-12-12T20:43:21.2282442Z | stack/security/guards.py         |        8 |       1 |        7 |       88% |
2025-12-12T20:43:21.2283189Z | stack/security/sanitizers.py     |        6 |       0 |        6 |      100% |
2025-12-12T20:43:21.2283866Z | stack/security/validators.py     |        8 |       0 |        8 |      100% |
2025-12-12T20:43:21.2284548Z | stack/utils/filesystem.py        |        8 |       0 |        8 |      100% |
2025-12-12T20:43:21.2285197Z | stack/utils/logging.py           |       14 |       0 |       14 |      100% |
2025-12-12T20:43:21.2285850Z | stack/utils/subprocess.py        |        9 |       0 |        9 |      100% |
2025-12-12T20:43:21.2286470Z |----------------------------------|----------|---------|----------|-----------|
2025-12-12T20:43:21.2286975Z | TOTAL                            |       89 |       1 |       88 |     98.9% |
2025-12-12T20:43:21.2287582Z ---------------- RESULT: PASSED (minimum: 70.0%, actual: 98.9%) ----------------
2025-12-12T20:43:21.2442343Z Post job cleanup.
2025-12-12T20:43:21.4109899Z Post job cleanup.
2025-12-12T20:43:21.5033839Z [command]/usr/bin/git version
2025-12-12T20:43:21.5070334Z git version 2.52.0
2025-12-12T20:43:21.5113834Z Temporarily overriding HOME='/home/runner/work/_temp/fb244fdc-74e8-40eb-a4e6-f0c51ee7a511' before making global git config changes
2025-12-12T20:43:21.5115208Z Adding repository directory to the temporary git global config as a safe directory
2025-12-12T20:43:21.5120441Z [command]/usr/bin/git config --global --add safe.directory /home/runner/work/Stack/Stack
2025-12-12T20:43:21.5161713Z [command]/usr/bin/git config --local --name-only --get-regexp core\.sshCommand
2025-12-12T20:43:21.5193802Z [command]/usr/bin/git submodule foreach --recursive sh -c "git config --local --name-only --get-regexp 'core\.sshCommand' && git config --local --unset-all 'core.sshCommand' || :"
2025-12-12T20:43:21.5421659Z [command]/usr/bin/git config --local --name-only --get-regexp http\.https\:\/\/github\.com\/\.extraheader
2025-12-12T20:43:21.5441895Z http.https://github.com/.extraheader
2025-12-12T20:43:21.5453707Z [command]/usr/bin/git config --local --unset-all http.https://github.com/.extraheader
2025-12-12T20:43:21.5482753Z [command]/usr/bin/git submodule foreach --recursive sh -c "git config --local --name-only --get-regexp 'http\.https\:\/\/github\.com\/\.extraheader' && git config --local --unset-all 'http.https://github.com/.extraheader' || :"
2025-12-12T20:43:21.5698271Z [command]/usr/bin/git config --local --name-only --get-regexp ^includeIf\.gitdir:
2025-12-12T20:43:21.5728367Z [command]/usr/bin/git submodule foreach --recursive git config --local --show-origin --name-only --get-regexp remote.origin.url
2025-12-12T20:43:21.6044609Z Cleaning up orphan processes
