2025-12-12T20:43:15.9710232Z Current runner version: '2.329.0'
2025-12-12T20:43:15.9734954Z ##[group]Runner Image Provisioner
2025-12-12T20:43:15.9735800Z Hosted Compute Agent
2025-12-12T20:43:15.9736261Z Version: 20251202.455
2025-12-12T20:43:15.9736796Z Commit: 6c10caca4910e198df60de23adf20ad317c474e3
2025-12-12T20:43:15.9737390Z Build Date: 2025-12-02T15:56:59Z
2025-12-12T20:43:15.9737966Z Worker ID: {92069fca-b237-4f00-b042-5f985e245535}
2025-12-12T20:43:15.9738528Z ##[endgroup]
2025-12-12T20:43:15.9739042Z ##[group]Operating System
2025-12-12T20:43:15.9739511Z Ubuntu
2025-12-12T20:43:15.9739937Z 24.04.3
2025-12-12T20:43:15.9740362Z LTS
2025-12-12T20:43:15.9740744Z ##[endgroup]
2025-12-12T20:43:15.9741311Z ##[group]Runner Image
2025-12-12T20:43:15.9741744Z Image: ubuntu-24.04
2025-12-12T20:43:15.9742238Z Version: 20251208.163.1
2025-12-12T20:43:15.9743111Z Included Software: https://github.com/actions/runner-images/blob/ubuntu24/20251208.163/images/ubuntu/Ubuntu2404-Readme.md
2025-12-12T20:43:15.9744531Z Image Release: https://github.com/actions/runner-images/releases/tag/ubuntu24%2F20251208.163
2025-12-12T20:43:15.9745384Z ##[endgroup]
2025-12-12T20:43:15.9746339Z ##[group]GITHUB_TOKEN Permissions
2025-12-12T20:43:15.9748466Z Contents: read
2025-12-12T20:43:15.9748903Z Metadata: read
2025-12-12T20:43:15.9749383Z Packages: read
2025-12-12T20:43:15.9749776Z ##[endgroup]
2025-12-12T20:43:15.9752037Z Secret source: Actions
2025-12-12T20:43:15.9752747Z Prepare workflow directory
2025-12-12T20:43:16.0136100Z Prepare all required actions
2025-12-12T20:43:16.0177315Z Getting action download info
2025-12-12T20:43:16.3744482Z Download action repository 'actions/checkout@v4' (SHA:34e114876b0b11c390a56381ad16ebd13914f8d5)
2025-12-12T20:43:16.4840633Z Download action repository 'actions/setup-python@v5' (SHA:a26af69be951a213d495a4c3e4e4022e16d87065)
2025-12-12T20:43:16.6212622Z Complete job name: Type Checking
2025-12-12T20:43:16.6821431Z ##[group]Run actions/checkout@v4
2025-12-12T20:43:16.6822379Z with:
2025-12-12T20:43:16.6822846Z   repository: gabrielima7/Stack
2025-12-12T20:43:16.6823626Z   token: ***
2025-12-12T20:43:16.6824039Z   ssh-strict: true
2025-12-12T20:43:16.6824511Z   ssh-user: git
2025-12-12T20:43:16.6824917Z   persist-credentials: true
2025-12-12T20:43:16.6825410Z   clean: true
2025-12-12T20:43:16.6825835Z   sparse-checkout-cone-mode: true
2025-12-12T20:43:16.6826351Z   fetch-depth: 1
2025-12-12T20:43:16.6826728Z   fetch-tags: false
2025-12-12T20:43:16.6827199Z   show-progress: true
2025-12-12T20:43:16.6827655Z   lfs: false
2025-12-12T20:43:16.6828016Z   submodules: false
2025-12-12T20:43:16.6828504Z   set-safe-directory: true
2025-12-12T20:43:16.6829194Z env:
2025-12-12T20:43:16.6829594Z   PYTHON_VERSION_DEFAULT: 3.11
2025-12-12T20:43:16.6830099Z ##[endgroup]
2025-12-12T20:43:16.7890253Z Syncing repository: gabrielima7/Stack
2025-12-12T20:43:16.7892766Z ##[group]Getting Git version info
2025-12-12T20:43:16.7893670Z Working directory is '/home/runner/work/Stack/Stack'
2025-12-12T20:43:16.7894613Z [command]/usr/bin/git version
2025-12-12T20:43:16.7947186Z git version 2.52.0
2025-12-12T20:43:16.7971449Z ##[endgroup]
2025-12-12T20:43:16.7988016Z Temporarily overriding HOME='/home/runner/work/_temp/957bd787-9e5f-4dff-935c-0de77d55bde8' before making global git config changes
2025-12-12T20:43:16.7990210Z Adding repository directory to the temporary git global config as a safe directory
2025-12-12T20:43:16.8002947Z [command]/usr/bin/git config --global --add safe.directory /home/runner/work/Stack/Stack
2025-12-12T20:43:16.8040765Z Deleting the contents of '/home/runner/work/Stack/Stack'
2025-12-12T20:43:16.8044643Z ##[group]Initializing the repository
2025-12-12T20:43:16.8049145Z [command]/usr/bin/git init /home/runner/work/Stack/Stack
2025-12-12T20:43:16.8138639Z hint: Using 'master' as the name for the initial branch. This default branch name
2025-12-12T20:43:16.8140277Z hint: will change to "main" in Git 3.0. To configure the initial branch name
2025-12-12T20:43:16.8141802Z hint: to use in all of your new repositories, which will suppress this warning,
2025-12-12T20:43:16.8143454Z hint: call:
2025-12-12T20:43:16.8144098Z hint:
2025-12-12T20:43:16.8144913Z hint: 	git config --global init.defaultBranch <name>
2025-12-12T20:43:16.8145911Z hint:
2025-12-12T20:43:16.8146705Z hint: Names commonly chosen instead of 'master' are 'main', 'trunk' and
2025-12-12T20:43:16.8148082Z hint: 'development'. The just-created branch can be renamed via this command:
2025-12-12T20:43:16.8149334Z hint:
2025-12-12T20:43:16.8149989Z hint: 	git branch -m <name>
2025-12-12T20:43:16.8151001Z hint:
2025-12-12T20:43:16.8151971Z hint: Disable this message with "git config set advice.defaultBranchName false"
2025-12-12T20:43:16.8153491Z Initialized empty Git repository in /home/runner/work/Stack/Stack/.git/
2025-12-12T20:43:16.8156225Z [command]/usr/bin/git remote add origin https://github.com/gabrielima7/Stack
2025-12-12T20:43:16.8191574Z ##[endgroup]
2025-12-12T20:43:16.8192941Z ##[group]Disabling automatic garbage collection
2025-12-12T20:43:16.8196246Z [command]/usr/bin/git config --local gc.auto 0
2025-12-12T20:43:16.8224292Z ##[endgroup]
2025-12-12T20:43:16.8225432Z ##[group]Setting up auth
2025-12-12T20:43:16.8232212Z [command]/usr/bin/git config --local --name-only --get-regexp core\.sshCommand
2025-12-12T20:43:16.8261641Z [command]/usr/bin/git submodule foreach --recursive sh -c "git config --local --name-only --get-regexp 'core\.sshCommand' && git config --local --unset-all 'core.sshCommand' || :"
2025-12-12T20:43:16.8562705Z [command]/usr/bin/git config --local --name-only --get-regexp http\.https\:\/\/github\.com\/\.extraheader
2025-12-12T20:43:16.8590181Z [command]/usr/bin/git submodule foreach --recursive sh -c "git config --local --name-only --get-regexp 'http\.https\:\/\/github\.com\/\.extraheader' && git config --local --unset-all 'http.https://github.com/.extraheader' || :"
2025-12-12T20:43:16.8772906Z [command]/usr/bin/git config --local --name-only --get-regexp ^includeIf\.gitdir:
2025-12-12T20:43:16.8801001Z [command]/usr/bin/git submodule foreach --recursive git config --local --show-origin --name-only --get-regexp remote.origin.url
2025-12-12T20:43:16.8995338Z [command]/usr/bin/git config --local http.https://github.com/.extraheader AUTHORIZATION: basic ***
2025-12-12T20:43:16.9026613Z ##[endgroup]
2025-12-12T20:43:16.9027389Z ##[group]Fetching the repository
2025-12-12T20:43:16.9034850Z [command]/usr/bin/git -c protocol.version=2 fetch --no-tags --prune --no-recurse-submodules --depth=1 origin +66608d266f8835005cdc5ce8e255cf8beab12bfe:refs/remotes/origin/main
2025-12-12T20:43:17.3853182Z From https://github.com/gabrielima7/Stack
2025-12-12T20:43:17.3854011Z  * [new ref]         66608d266f8835005cdc5ce8e255cf8beab12bfe -> origin/main
2025-12-12T20:43:17.3882351Z ##[endgroup]
2025-12-12T20:43:17.3883537Z ##[group]Determining the checkout info
2025-12-12T20:43:17.3884895Z ##[endgroup]
2025-12-12T20:43:17.3889652Z [command]/usr/bin/git sparse-checkout disable
2025-12-12T20:43:17.3927131Z [command]/usr/bin/git config --local --unset-all extensions.worktreeConfig
2025-12-12T20:43:17.3951539Z ##[group]Checking out the ref
2025-12-12T20:43:17.3955960Z [command]/usr/bin/git checkout --progress --force -B main refs/remotes/origin/main
2025-12-12T20:43:17.4047620Z Switched to a new branch 'main'
2025-12-12T20:43:17.4048684Z branch 'main' set up to track 'origin/main'.
2025-12-12T20:43:17.4054113Z ##[endgroup]
2025-12-12T20:43:17.4087738Z [command]/usr/bin/git log -1 --format=%H
2025-12-12T20:43:17.4109749Z 66608d266f8835005cdc5ce8e255cf8beab12bfe
2025-12-12T20:43:17.4441070Z ##[group]Run actions/setup-python@v5
2025-12-12T20:43:17.4441565Z with:
2025-12-12T20:43:17.4441894Z   python-version: 3.11
2025-12-12T20:43:17.4442258Z   check-latest: false
2025-12-12T20:43:17.4442783Z   token: ***
2025-12-12T20:43:17.4443112Z   update-environment: true
2025-12-12T20:43:17.4443494Z   allow-prereleases: false
2025-12-12T20:43:17.4443863Z   freethreaded: false
2025-12-12T20:43:17.4444210Z env:
2025-12-12T20:43:17.4444521Z   PYTHON_VERSION_DEFAULT: 3.11
2025-12-12T20:43:17.4444919Z ##[endgroup]
2025-12-12T20:43:17.6058942Z ##[group]Installed versions
2025-12-12T20:43:17.6174697Z Successfully set up CPython (3.11.14)
2025-12-12T20:43:17.6176069Z ##[endgroup]
2025-12-12T20:43:17.6280455Z ##[group]Run pipx install poetry
2025-12-12T20:43:17.6281399Z [36;1mpipx install poetry[0m
2025-12-12T20:43:17.6313905Z shell: /usr/bin/bash -e {0}
2025-12-12T20:43:17.6314464Z env:
2025-12-12T20:43:17.6314848Z   PYTHON_VERSION_DEFAULT: 3.11
2025-12-12T20:43:17.6315502Z   pythonLocation: /opt/hostedtoolcache/Python/3.11.14/x64
2025-12-12T20:43:17.6316410Z   PKG_CONFIG_PATH: /opt/hostedtoolcache/Python/3.11.14/x64/lib/pkgconfig
2025-12-12T20:43:17.6317304Z   Python_ROOT_DIR: /opt/hostedtoolcache/Python/3.11.14/x64
2025-12-12T20:43:17.6318078Z   Python2_ROOT_DIR: /opt/hostedtoolcache/Python/3.11.14/x64
2025-12-12T20:43:17.6318867Z   Python3_ROOT_DIR: /opt/hostedtoolcache/Python/3.11.14/x64
2025-12-12T20:43:17.6319664Z   LD_LIBRARY_PATH: /opt/hostedtoolcache/Python/3.11.14/x64/lib
2025-12-12T20:43:17.6320325Z ##[endgroup]
2025-12-12T20:43:17.9314195Z creating virtual environment...
2025-12-12T20:43:18.0610234Z installing poetry...
2025-12-12T20:43:27.4694337Z done! ✨ 🌟 ✨
2025-12-12T20:43:27.4695619Z   installed package poetry 2.2.1, installed using Python 3.12.3
2025-12-12T20:43:27.4698073Z   These apps are now globally available
2025-12-12T20:43:27.4698941Z     - poetry
2025-12-12T20:43:27.4922888Z ##[group]Run poetry install --with dev
2025-12-12T20:43:27.4923254Z [36;1mpoetry install --with dev[0m
2025-12-12T20:43:27.4945256Z shell: /usr/bin/bash -e {0}
2025-12-12T20:43:27.4945558Z env:
2025-12-12T20:43:27.4945776Z   PYTHON_VERSION_DEFAULT: 3.11
2025-12-12T20:43:27.4946107Z   pythonLocation: /opt/hostedtoolcache/Python/3.11.14/x64
2025-12-12T20:43:27.4946526Z   PKG_CONFIG_PATH: /opt/hostedtoolcache/Python/3.11.14/x64/lib/pkgconfig
2025-12-12T20:43:27.4946948Z   Python_ROOT_DIR: /opt/hostedtoolcache/Python/3.11.14/x64
2025-12-12T20:43:27.4947337Z   Python2_ROOT_DIR: /opt/hostedtoolcache/Python/3.11.14/x64
2025-12-12T20:43:27.4947774Z   Python3_ROOT_DIR: /opt/hostedtoolcache/Python/3.11.14/x64
2025-12-12T20:43:27.4948174Z   LD_LIBRARY_PATH: /opt/hostedtoolcache/Python/3.11.14/x64/lib
2025-12-12T20:43:27.4948499Z ##[endgroup]
2025-12-12T20:43:28.2853828Z Creating virtualenv stack-mVHv_5u6-py3.11 in /home/runner/.cache/pypoetry/virtualenvs
2025-12-12T20:43:29.0309748Z Installing dependencies from lock file
2025-12-12T20:43:29.1528143Z 
2025-12-12T20:43:29.1529118Z Package operations: 75 installs, 0 updates, 0 removals
2025-12-12T20:43:29.1529548Z 
2025-12-12T20:43:29.1533071Z   - Installing mdurl (0.1.2)
2025-12-12T20:43:29.1541648Z   - Installing pycparser (2.23)
2025-12-12T20:43:29.1544610Z   - Installing typing-extensions (4.15.0)
2025-12-12T20:43:29.4257908Z   - Installing annotated-types (0.7.0)
2025-12-12T20:43:29.4266397Z   - Installing certifi (2025.11.12)
2025-12-12T20:43:29.4275588Z   - Installing cffi (2.0.0)
2025-12-12T20:43:29.4276498Z   - Installing idna (3.11)
2025-12-12T20:43:29.4284098Z   - Installing h11 (0.16.0)
2025-12-12T20:43:29.4299338Z   - Installing markdown-it-py (4.0.0)
2025-12-12T20:43:29.4310083Z   - Installing packaging (25.0)
2025-12-12T20:43:29.4324046Z   - Installing pydantic-core (2.41.5)
2025-12-12T20:43:29.4972113Z   - Installing pygments (2.19.2)
2025-12-12T20:43:29.5095832Z   - Installing ruamel-yaml-clib (0.2.14)
2025-12-12T20:43:29.5150442Z   - Installing typing-inspection (0.4.2)
2025-12-12T20:43:29.8881364Z   - Installing anyio (4.12.0)
2025-12-12T20:43:29.8884682Z   - Installing charset-normalizer (3.4.4)
2025-12-12T20:43:29.8891154Z   - Installing click (8.1.8)
2025-12-12T20:43:29.8898940Z   - Installing cryptography (46.0.3)
2025-12-12T20:43:29.8915807Z   - Installing distlib (0.4.0)
2025-12-12T20:43:29.8923080Z   - Installing dparse (0.6.4)
2025-12-12T20:43:29.8928095Z   - Installing filelock (3.20.0)
2025-12-12T20:43:29.8940691Z   - Installing httpcore (1.0.9)
2025-12-12T20:43:29.9942927Z   - Installing iniconfig (2.3.0)
2025-12-12T20:43:29.9979472Z   - Installing joblib (1.5.2)
2025-12-12T20:43:30.0204124Z   - Installing markupsafe (3.0.3)
2025-12-12T20:43:30.0449007Z   - Installing platformdirs (4.5.1)
2025-12-12T20:43:30.0557400Z   - Installing pluggy (1.6.0)
2025-12-12T20:43:30.0913990Z   - Installing pydantic (2.12.5)
2025-12-12T20:43:30.1343844Z   - Installing regex (2025.11.3)
2025-12-12T20:43:30.1508650Z   - Installing rich (13.5.3)
2025-12-12T20:43:30.1513598Z   - Installing ruamel-yaml (0.18.16)
2025-12-12T20:43:30.1575506Z   - Installing shellingham (1.5.4)
2025-12-12T20:43:30.1834913Z   - Installing tqdm (4.67.1)
2025-12-12T20:43:30.2475890Z   - Installing urllib3 (2.6.2)
2025-12-12T20:43:30.4813671Z   - Installing attrs (25.4.0)
2025-12-12T20:43:30.4824955Z   - Installing authlib (1.6.6)
2025-12-12T20:43:30.4832185Z   - Installing cfgv (3.5.0)
2025-12-12T20:43:30.4836688Z   - Installing colorama (0.4.6)
2025-12-12T20:43:30.4843168Z   - Installing coverage (7.13.0)
2025-12-12T20:43:30.4855834Z   - Installing dnspython (2.8.0)
2025-12-12T20:43:30.4860638Z   - Installing execnet (2.1.2)
2025-12-12T20:43:30.4874067Z   - Installing httpx (0.28.1)
2025-12-12T20:43:30.5724915Z   - Installing identify (2.6.15)
2025-12-12T20:43:30.6138352Z   - Installing jinja2 (3.1.6)
2025-12-12T20:43:30.6211945Z   - Installing librt (0.7.3)
2025-12-12T20:43:30.6269127Z   - Installing marshmallow (4.1.1)
2025-12-12T20:43:30.6369516Z   - Installing mypy-extensions (1.1.0)
2025-12-12T20:43:30.7004262Z   - Installing nltk (3.9.2)
2025-12-12T20:43:30.7215061Z   - Installing nodeenv (1.9.1)
2025-12-12T20:43:30.7469372Z   - Installing pathspec (0.12.1)
2025-12-12T20:43:30.7547570Z   - Installing py (1.11.0)
2025-12-12T20:43:30.7595999Z   - Installing pytest (9.0.2)
2025-12-12T20:43:30.7614574Z   - Installing pyyaml (6.0.3)
2025-12-12T20:43:30.8230907Z   - Installing requests (2.32.5)
2025-12-12T20:43:30.8518181Z   - Installing safety-schemas (0.0.16)
2025-12-12T20:43:30.9149900Z   - Installing sortedcontainers (2.4.0)
2025-12-12T20:43:30.9452019Z   - Installing stevedore (5.6.0)
2025-12-12T20:43:30.9477024Z   - Installing tabulate (0.9.0)
2025-12-12T20:43:30.9542368Z   - Installing tenacity (9.1.2)
2025-12-12T20:43:30.9891539Z   - Installing tomlkit (0.13.3)
2025-12-12T20:43:30.9957258Z   - Installing typer (0.20.0)
2025-12-12T20:43:31.0543983Z   - Installing virtualenv (20.35.4)
2025-12-12T20:43:31.2355670Z   - Installing bandit (1.9.2)
2025-12-12T20:43:31.2361238Z   - Installing email-validator (2.3.0)
2025-12-12T20:43:31.2365857Z   - Installing hypothesis (6.148.7)
2025-12-12T20:43:31.2377960Z   - Installing interrogate (1.7.0)
2025-12-12T20:43:31.2383752Z   - Installing mypy (1.19.0)
2025-12-12T20:43:31.2399203Z   - Installing orjson (3.11.5)
2025-12-12T20:43:31.2409104Z   - Installing pre-commit (4.5.0)
2025-12-12T20:43:31.2414073Z   - Installing pytest-cov (7.0.0)
2025-12-12T20:43:31.3559193Z   - Installing pytest-timeout (2.4.0)
2025-12-12T20:43:31.3754528Z   - Installing pytest-xdist (3.8.0)
2025-12-12T20:43:31.3787601Z   - Installing ruff (0.14.9)
2025-12-12T20:43:31.3937568Z   - Installing safety (3.7.0)
2025-12-12T20:43:31.4408226Z   - Installing vulture (2.14)
2025-12-12T20:43:32.1477803Z 
2025-12-12T20:43:32.1478379Z Installing the current project: stack (2.0.0)
2025-12-12T20:43:32.2573047Z ##[group]Run poetry run mypy src/ --strict
2025-12-12T20:43:32.2573347Z [36;1mpoetry run mypy src/ --strict[0m
2025-12-12T20:43:32.2592977Z shell: /usr/bin/bash -e {0}
2025-12-12T20:43:32.2593181Z env:
2025-12-12T20:43:32.2593362Z   PYTHON_VERSION_DEFAULT: 3.11
2025-12-12T20:43:32.2593629Z   pythonLocation: /opt/hostedtoolcache/Python/3.11.14/x64
2025-12-12T20:43:32.2594002Z   PKG_CONFIG_PATH: /opt/hostedtoolcache/Python/3.11.14/x64/lib/pkgconfig
2025-12-12T20:43:32.2594358Z   Python_ROOT_DIR: /opt/hostedtoolcache/Python/3.11.14/x64
2025-12-12T20:43:32.2594673Z   Python2_ROOT_DIR: /opt/hostedtoolcache/Python/3.11.14/x64
2025-12-12T20:43:32.2594989Z   Python3_ROOT_DIR: /opt/hostedtoolcache/Python/3.11.14/x64
2025-12-12T20:43:32.2595301Z   LD_LIBRARY_PATH: /opt/hostedtoolcache/Python/3.11.14/x64/lib
2025-12-12T20:43:32.2595697Z ##[endgroup]
2025-12-12T20:43:37.8254058Z Success: no issues found in 15 source files
2025-12-12T20:43:37.8395072Z Post job cleanup.
2025-12-12T20:43:37.9946324Z Post job cleanup.
2025-12-12T20:43:38.0829963Z [command]/usr/bin/git version
2025-12-12T20:43:38.0862069Z git version 2.52.0
2025-12-12T20:43:38.0901246Z Temporarily overriding HOME='/home/runner/work/_temp/20c689a6-62da-44e8-8f77-34e7af04eadd' before making global git config changes
2025-12-12T20:43:38.0902396Z Adding repository directory to the temporary git global config as a safe directory
2025-12-12T20:43:38.0907593Z [command]/usr/bin/git config --global --add safe.directory /home/runner/work/Stack/Stack
2025-12-12T20:43:38.0942355Z [command]/usr/bin/git config --local --name-only --get-regexp core\.sshCommand
2025-12-12T20:43:38.0973163Z [command]/usr/bin/git submodule foreach --recursive sh -c "git config --local --name-only --get-regexp 'core\.sshCommand' && git config --local --unset-all 'core.sshCommand' || :"
2025-12-12T20:43:38.1161453Z [command]/usr/bin/git config --local --name-only --get-regexp http\.https\:\/\/github\.com\/\.extraheader
2025-12-12T20:43:38.1181735Z http.https://github.com/.extraheader
2025-12-12T20:43:38.1193993Z [command]/usr/bin/git config --local --unset-all http.https://github.com/.extraheader
2025-12-12T20:43:38.1222086Z [command]/usr/bin/git submodule foreach --recursive sh -c "git config --local --name-only --get-regexp 'http\.https\:\/\/github\.com\/\.extraheader' && git config --local --unset-all 'http.https://github.com/.extraheader' || :"
2025-12-12T20:43:38.1405075Z [command]/usr/bin/git config --local --name-only --get-regexp ^includeIf\.gitdir:
2025-12-12T20:43:38.1434795Z [command]/usr/bin/git submodule foreach --recursive git config --local --show-origin --name-only --get-regexp remote.origin.url
2025-12-12T20:43:38.1699877Z Cleaning up orphan processes
