2025-12-12T20:43:15.1789687Z Current runner version: '2.329.0'
2025-12-12T20:43:15.1827545Z ##[group]Runner Image Provisioner
2025-12-12T20:43:15.1828716Z Hosted Compute Agent
2025-12-12T20:43:15.1829511Z Version: 20251202.455
2025-12-12T20:43:15.1830601Z Commit: 6c10caca4910e198df60de23adf20ad317c474e3
2025-12-12T20:43:15.1831706Z Build Date: 2025-12-02T15:56:59Z
2025-12-12T20:43:15.1832785Z Worker ID: {eb097d06-146d-410b-8224-adbb33f9f2ca}
2025-12-12T20:43:15.1834194Z ##[endgroup]
2025-12-12T20:43:15.1835075Z ##[group]Operating System
2025-12-12T20:43:15.1835948Z Ubuntu
2025-12-12T20:43:15.1836802Z 24.04.3
2025-12-12T20:43:15.1837533Z LTS
2025-12-12T20:43:15.1838250Z ##[endgroup]
2025-12-12T20:43:15.1839224Z ##[group]Runner Image
2025-12-12T20:43:15.1840046Z Image: ubuntu-24.04
2025-12-12T20:43:15.1840891Z Version: 20251208.163.1
2025-12-12T20:43:15.1842846Z Included Software: https://github.com/actions/runner-images/blob/ubuntu24/20251208.163/images/ubuntu/Ubuntu2404-Readme.md
2025-12-12T20:43:15.1845910Z Image Release: https://github.com/actions/runner-images/releases/tag/ubuntu24%2F20251208.163
2025-12-12T20:43:15.1847840Z ##[endgroup]
2025-12-12T20:43:15.1849631Z ##[group]GITHUB_TOKEN Permissions
2025-12-12T20:43:15.1852519Z Contents: read
2025-12-12T20:43:15.1853640Z Metadata: read
2025-12-12T20:43:15.1854460Z Packages: read
2025-12-12T20:43:15.1855481Z ##[endgroup]
2025-12-12T20:43:15.1859024Z Secret source: Actions
2025-12-12T20:43:15.1860752Z Prepare workflow directory
2025-12-12T20:43:15.2450034Z Prepare all required actions
2025-12-12T20:43:15.2510469Z Getting action download info
2025-12-12T20:43:15.6045432Z Download action repository 'actions/checkout@v4' (SHA:34e114876b0b11c390a56381ad16ebd13914f8d5)
2025-12-12T20:43:15.6976357Z Download action repository 'actions/setup-python@v5' (SHA:a26af69be951a213d495a4c3e4e4022e16d87065)
2025-12-12T20:43:15.7855292Z Download action repository 'actions/cache@v4' (SHA:0057852bfaa89a56745cba8c7296529d2fc39830)
2025-12-12T20:43:15.8857025Z Download action repository 'codecov/codecov-action@v4' (SHA:b9fd7d16f6d7d1b5d2bec1a2887e65ceed900238)
2025-12-12T20:43:16.3396569Z Complete job name: Test Python 3.13 on ubuntu-latest
2025-12-12T20:43:16.4060022Z ##[group]Run actions/checkout@v4
2025-12-12T20:43:16.4060861Z with:
2025-12-12T20:43:16.4061278Z   repository: gabrielima7/Stack
2025-12-12T20:43:16.4062035Z   token: ***
2025-12-12T20:43:16.4062413Z   ssh-strict: true
2025-12-12T20:43:16.4062807Z   ssh-user: git
2025-12-12T20:43:16.4063508Z   persist-credentials: true
2025-12-12T20:43:16.4064112Z   clean: true
2025-12-12T20:43:16.4064513Z   sparse-checkout-cone-mode: true
2025-12-12T20:43:16.4065000Z   fetch-depth: 1
2025-12-12T20:43:16.4065398Z   fetch-tags: false
2025-12-12T20:43:16.4065804Z   show-progress: true
2025-12-12T20:43:16.4066211Z   lfs: false
2025-12-12T20:43:16.4066571Z   submodules: false
2025-12-12T20:43:16.4066977Z   set-safe-directory: true
2025-12-12T20:43:16.4067761Z env:
2025-12-12T20:43:16.4068152Z   PYTHON_VERSION_DEFAULT: 3.11
2025-12-12T20:43:16.4068596Z ##[endgroup]
2025-12-12T20:43:16.5165984Z Syncing repository: gabrielima7/Stack
2025-12-12T20:43:16.5167861Z ##[group]Getting Git version info
2025-12-12T20:43:16.5168645Z Working directory is '/home/runner/work/Stack/Stack'
2025-12-12T20:43:16.5169743Z [command]/usr/bin/git version
2025-12-12T20:43:16.5242612Z git version 2.52.0
2025-12-12T20:43:16.5270223Z ##[endgroup]
2025-12-12T20:43:16.5286021Z Temporarily overriding HOME='/home/runner/work/_temp/3b87ff4a-95a7-4682-bf42-ddd7225112ec' before making global git config changes
2025-12-12T20:43:16.5288320Z Adding repository directory to the temporary git global config as a safe directory
2025-12-12T20:43:16.5299141Z [command]/usr/bin/git config --global --add safe.directory /home/runner/work/Stack/Stack
2025-12-12T20:43:16.5339950Z Deleting the contents of '/home/runner/work/Stack/Stack'
2025-12-12T20:43:16.5344501Z ##[group]Initializing the repository
2025-12-12T20:43:16.5348825Z [command]/usr/bin/git init /home/runner/work/Stack/Stack
2025-12-12T20:43:16.5456918Z hint: Using 'master' as the name for the initial branch. This default branch name
2025-12-12T20:43:16.5459133Z hint: will change to "main" in Git 3.0. To configure the initial branch name
2025-12-12T20:43:16.5460838Z hint: to use in all of your new repositories, which will suppress this warning,
2025-12-12T20:43:16.5462395Z hint: call:
2025-12-12T20:43:16.5462940Z hint:
2025-12-12T20:43:16.5463715Z hint: 	git config --global init.defaultBranch <name>
2025-12-12T20:43:16.5464333Z hint:
2025-12-12T20:43:16.5464916Z hint: Names commonly chosen instead of 'master' are 'main', 'trunk' and
2025-12-12T20:43:16.5465822Z hint: 'development'. The just-created branch can be renamed via this command:
2025-12-12T20:43:16.5466616Z hint:
2025-12-12T20:43:16.5467206Z hint: 	git branch -m <name>
2025-12-12T20:43:16.5467753Z hint:
2025-12-12T20:43:16.5468317Z hint: Disable this message with "git config set advice.defaultBranchName false"
2025-12-12T20:43:16.5469240Z Initialized empty Git repository in /home/runner/work/Stack/Stack/.git/
2025-12-12T20:43:16.5473327Z [command]/usr/bin/git remote add origin https://github.com/gabrielima7/Stack
2025-12-12T20:43:16.5535379Z ##[endgroup]
2025-12-12T20:43:16.5536097Z ##[group]Disabling automatic garbage collection
2025-12-12T20:43:16.5539843Z [command]/usr/bin/git config --local gc.auto 0
2025-12-12T20:43:16.5570894Z ##[endgroup]
2025-12-12T20:43:16.5572012Z ##[group]Setting up auth
2025-12-12T20:43:16.5577738Z [command]/usr/bin/git config --local --name-only --get-regexp core\.sshCommand
2025-12-12T20:43:16.5609790Z [command]/usr/bin/git submodule foreach --recursive sh -c "git config --local --name-only --get-regexp 'core\.sshCommand' && git config --local --unset-all 'core.sshCommand' || :"
2025-12-12T20:43:16.5944090Z [command]/usr/bin/git config --local --name-only --get-regexp http\.https\:\/\/github\.com\/\.extraheader
2025-12-12T20:43:16.5977613Z [command]/usr/bin/git submodule foreach --recursive sh -c "git config --local --name-only --get-regexp 'http\.https\:\/\/github\.com\/\.extraheader' && git config --local --unset-all 'http.https://github.com/.extraheader' || :"
2025-12-12T20:43:16.6207293Z [command]/usr/bin/git config --local --name-only --get-regexp ^includeIf\.gitdir:
2025-12-12T20:43:16.6237510Z [command]/usr/bin/git submodule foreach --recursive git config --local --show-origin --name-only --get-regexp remote.origin.url
2025-12-12T20:43:16.6474885Z [command]/usr/bin/git config --local http.https://github.com/.extraheader AUTHORIZATION: basic ***
2025-12-12T20:43:16.6510264Z ##[endgroup]
2025-12-12T20:43:16.6511112Z ##[group]Fetching the repository
2025-12-12T20:43:16.6518681Z [command]/usr/bin/git -c protocol.version=2 fetch --no-tags --prune --no-recurse-submodules --depth=1 origin +66608d266f8835005cdc5ce8e255cf8beab12bfe:refs/remotes/origin/main
2025-12-12T20:43:16.9314301Z From https://github.com/gabrielima7/Stack
2025-12-12T20:43:16.9315210Z  * [new ref]         66608d266f8835005cdc5ce8e255cf8beab12bfe -> origin/main
2025-12-12T20:43:16.9348020Z ##[endgroup]
2025-12-12T20:43:16.9348790Z ##[group]Determining the checkout info
2025-12-12T20:43:16.9350281Z ##[endgroup]
2025-12-12T20:43:16.9356238Z [command]/usr/bin/git sparse-checkout disable
2025-12-12T20:43:16.9398601Z [command]/usr/bin/git config --local --unset-all extensions.worktreeConfig
2025-12-12T20:43:16.9424390Z ##[group]Checking out the ref
2025-12-12T20:43:16.9428097Z [command]/usr/bin/git checkout --progress --force -B main refs/remotes/origin/main
2025-12-12T20:43:16.9539428Z Switched to a new branch 'main'
2025-12-12T20:43:16.9540976Z branch 'main' set up to track 'origin/main'.
2025-12-12T20:43:16.9548639Z ##[endgroup]
2025-12-12T20:43:16.9586084Z [command]/usr/bin/git log -1 --format=%H
2025-12-12T20:43:16.9609549Z 66608d266f8835005cdc5ce8e255cf8beab12bfe
2025-12-12T20:43:16.9836474Z ##[group]Run actions/setup-python@v5
2025-12-12T20:43:16.9837026Z with:
2025-12-12T20:43:16.9837383Z   python-version: 3.13
2025-12-12T20:43:16.9837792Z   check-latest: false
2025-12-12T20:43:16.9838357Z   token: ***
2025-12-12T20:43:16.9838935Z   update-environment: true
2025-12-12T20:43:16.9839378Z   allow-prereleases: false
2025-12-12T20:43:16.9839800Z   freethreaded: false
2025-12-12T20:43:16.9840176Z env:
2025-12-12T20:43:16.9840524Z   PYTHON_VERSION_DEFAULT: 3.11
2025-12-12T20:43:16.9840949Z ##[endgroup]
2025-12-12T20:43:17.1579620Z ##[group]Installed versions
2025-12-12T20:43:17.1676118Z Successfully set up CPython (3.13.11)
2025-12-12T20:43:17.1678335Z ##[endgroup]
2025-12-12T20:43:17.1824521Z ##[group]Run pipx install poetry
2025-12-12T20:43:17.1825963Z [36;1mpipx install poetry[0m
2025-12-12T20:43:17.1870759Z shell: /usr/bin/bash -e {0}
2025-12-12T20:43:17.1871941Z env:
2025-12-12T20:43:17.1872943Z   PYTHON_VERSION_DEFAULT: 3.11
2025-12-12T20:43:17.1874595Z   pythonLocation: /opt/hostedtoolcache/Python/3.13.11/x64
2025-12-12T20:43:17.1876657Z   PKG_CONFIG_PATH: /opt/hostedtoolcache/Python/3.13.11/x64/lib/pkgconfig
2025-12-12T20:43:17.1878647Z   Python_ROOT_DIR: /opt/hostedtoolcache/Python/3.13.11/x64
2025-12-12T20:43:17.1880360Z   Python2_ROOT_DIR: /opt/hostedtoolcache/Python/3.13.11/x64
2025-12-12T20:43:17.1882097Z   Python3_ROOT_DIR: /opt/hostedtoolcache/Python/3.13.11/x64
2025-12-12T20:43:17.1884109Z   LD_LIBRARY_PATH: /opt/hostedtoolcache/Python/3.13.11/x64/lib
2025-12-12T20:43:17.1885578Z ##[endgroup]
2025-12-12T20:43:17.4885552Z creating virtual environment...
2025-12-12T20:43:17.6166609Z installing poetry...
2025-12-12T20:43:26.9070013Z done! ✨ 🌟 ✨
2025-12-12T20:43:26.9070844Z   installed package poetry 2.2.1, installed using Python 3.12.3
2025-12-12T20:43:26.9071430Z   These apps are now globally available
2025-12-12T20:43:26.9071789Z     - poetry
2025-12-12T20:43:26.9297240Z ##[group]Run poetry config virtualenvs.in-project true
2025-12-12T20:43:26.9297738Z [36;1mpoetry config virtualenvs.in-project true[0m
2025-12-12T20:43:26.9334271Z shell: /usr/bin/bash -e {0}
2025-12-12T20:43:26.9334567Z env:
2025-12-12T20:43:26.9334787Z   PYTHON_VERSION_DEFAULT: 3.11
2025-12-12T20:43:26.9335129Z   pythonLocation: /opt/hostedtoolcache/Python/3.13.11/x64
2025-12-12T20:43:26.9335623Z   PKG_CONFIG_PATH: /opt/hostedtoolcache/Python/3.13.11/x64/lib/pkgconfig
2025-12-12T20:43:26.9336051Z   Python_ROOT_DIR: /opt/hostedtoolcache/Python/3.13.11/x64
2025-12-12T20:43:26.9336454Z   Python2_ROOT_DIR: /opt/hostedtoolcache/Python/3.13.11/x64
2025-12-12T20:43:26.9336869Z   Python3_ROOT_DIR: /opt/hostedtoolcache/Python/3.13.11/x64
2025-12-12T20:43:26.9337281Z   LD_LIBRARY_PATH: /opt/hostedtoolcache/Python/3.13.11/x64/lib
2025-12-12T20:43:26.9337616Z ##[endgroup]
2025-12-12T20:43:27.6144083Z ##[group]Run actions/cache@v4
2025-12-12T20:43:27.6144414Z with:
2025-12-12T20:43:27.6144593Z   path: .venv
2025-12-12T20:43:27.6144993Z   key: Linux-poetry-3.13-dddbcec77aace8ea46b8e4dc49af4adbf8a33d76eb561e7fb5c3f00a438f980a
2025-12-12T20:43:27.6145455Z   restore-keys: Linux-poetry-3.13-

2025-12-12T20:43:27.6145739Z   enableCrossOsArchive: false
2025-12-12T20:43:27.6145974Z   fail-on-cache-miss: false
2025-12-12T20:43:27.6146193Z   lookup-only: false
2025-12-12T20:43:27.6146408Z   save-always: false
2025-12-12T20:43:27.6146587Z env:
2025-12-12T20:43:27.6146764Z   PYTHON_VERSION_DEFAULT: 3.11
2025-12-12T20:43:27.6147051Z   pythonLocation: /opt/hostedtoolcache/Python/3.13.11/x64
2025-12-12T20:43:27.6147464Z   PKG_CONFIG_PATH: /opt/hostedtoolcache/Python/3.13.11/x64/lib/pkgconfig
2025-12-12T20:43:27.6147889Z   Python_ROOT_DIR: /opt/hostedtoolcache/Python/3.13.11/x64
2025-12-12T20:43:27.6148265Z   Python2_ROOT_DIR: /opt/hostedtoolcache/Python/3.13.11/x64
2025-12-12T20:43:27.6148652Z   Python3_ROOT_DIR: /opt/hostedtoolcache/Python/3.13.11/x64
2025-12-12T20:43:27.6149010Z   LD_LIBRARY_PATH: /opt/hostedtoolcache/Python/3.13.11/x64/lib
2025-12-12T20:43:27.6149309Z ##[endgroup]
2025-12-12T20:43:27.8634069Z Cache not found for input keys: Linux-poetry-3.13-dddbcec77aace8ea46b8e4dc49af4adbf8a33d76eb561e7fb5c3f00a438f980a, Linux-poetry-3.13-
2025-12-12T20:43:27.8708345Z ##[group]Run poetry install --with dev
2025-12-12T20:43:27.8708672Z [36;1mpoetry install --with dev[0m
2025-12-12T20:43:27.8742135Z shell: /usr/bin/bash -e {0}
2025-12-12T20:43:27.8742376Z env:
2025-12-12T20:43:27.8742559Z   PYTHON_VERSION_DEFAULT: 3.11
2025-12-12T20:43:27.8742867Z   pythonLocation: /opt/hostedtoolcache/Python/3.13.11/x64
2025-12-12T20:43:27.8743454Z   PKG_CONFIG_PATH: /opt/hostedtoolcache/Python/3.13.11/x64/lib/pkgconfig
2025-12-12T20:43:27.8743861Z   Python_ROOT_DIR: /opt/hostedtoolcache/Python/3.13.11/x64
2025-12-12T20:43:27.8744222Z   Python2_ROOT_DIR: /opt/hostedtoolcache/Python/3.13.11/x64
2025-12-12T20:43:27.8744573Z   Python3_ROOT_DIR: /opt/hostedtoolcache/Python/3.13.11/x64
2025-12-12T20:43:27.8744933Z   LD_LIBRARY_PATH: /opt/hostedtoolcache/Python/3.13.11/x64/lib
2025-12-12T20:43:27.8745226Z ##[endgroup]
2025-12-12T20:43:28.6112747Z Creating virtualenv stack in /home/runner/work/Stack/Stack/.venv
2025-12-12T20:43:29.2136576Z Installing dependencies from lock file
2025-12-12T20:43:29.3561698Z 
2025-12-12T20:43:29.3562501Z Package operations: 75 installs, 0 updates, 0 removals
2025-12-12T20:43:29.3563090Z 
2025-12-12T20:43:29.3566817Z   - Installing mdurl (0.1.2)
2025-12-12T20:43:29.3573351Z   - Installing pycparser (2.23)
2025-12-12T20:43:29.3577957Z   - Installing typing-extensions (4.15.0)
2025-12-12T20:43:29.5396816Z   - Installing annotated-types (0.7.0)
2025-12-12T20:43:29.5403025Z   - Installing certifi (2025.11.12)
2025-12-12T20:43:29.5406510Z   - Installing cffi (2.0.0)
2025-12-12T20:43:29.5428432Z   - Installing h11 (0.16.0)
2025-12-12T20:43:29.5438076Z   - Installing markdown-it-py (4.0.0)
2025-12-12T20:43:29.5452867Z   - Installing packaging (25.0)
2025-12-12T20:43:29.5458278Z   - Installing pydantic-core (2.41.5)
2025-12-12T20:43:29.5459471Z   - Installing idna (3.11)
2025-12-12T20:43:29.6199246Z   - Installing pygments (2.19.2)
2025-12-12T20:43:29.6548680Z   - Installing ruamel-yaml-clib (0.2.14)
2025-12-12T20:43:29.7125585Z   - Installing typing-inspection (0.4.2)
2025-12-12T20:43:29.9338396Z   - Installing anyio (4.12.0)
2025-12-12T20:43:29.9343037Z   - Installing charset-normalizer (3.4.4)
2025-12-12T20:43:29.9344644Z   - Installing click (8.1.8)
2025-12-12T20:43:29.9365342Z   - Installing cryptography (46.0.3)
2025-12-12T20:43:29.9369700Z   - Installing distlib (0.4.0)
2025-12-12T20:43:29.9376069Z   - Installing dparse (0.6.4)
2025-12-12T20:43:29.9383846Z   - Installing filelock (3.20.0)
2025-12-12T20:43:29.9388453Z   - Installing httpcore (1.0.9)
2025-12-12T20:43:30.0391935Z   - Installing iniconfig (2.3.0)
2025-12-12T20:43:30.0651004Z   - Installing joblib (1.5.2)
2025-12-12T20:43:30.0673537Z   - Installing markupsafe (3.0.3)
2025-12-12T20:43:30.1084429Z   - Installing platformdirs (4.5.1)
2025-12-12T20:43:30.1291083Z   - Installing pluggy (1.6.0)
2025-12-12T20:43:30.1534190Z   - Installing pydantic (2.12.5)
2025-12-12T20:43:30.1803412Z   - Installing regex (2025.11.3)
2025-12-12T20:43:30.1880909Z   - Installing rich (13.5.3)
2025-12-12T20:43:30.1904896Z   - Installing ruamel-yaml (0.18.16)
2025-12-12T20:43:30.2009613Z   - Installing shellingham (1.5.4)
2025-12-12T20:43:30.2335618Z   - Installing tqdm (4.67.1)
2025-12-12T20:43:30.3019830Z   - Installing urllib3 (2.6.2)
2025-12-12T20:43:30.5940043Z   - Installing attrs (25.4.0)
2025-12-12T20:43:30.5945306Z   - Installing authlib (1.6.6)
2025-12-12T20:43:30.5949818Z   - Installing cfgv (3.5.0)
2025-12-12T20:43:30.5959299Z   - Installing colorama (0.4.6)
2025-12-12T20:43:30.5963854Z   - Installing coverage (7.13.0)
2025-12-12T20:43:30.5979290Z   - Installing dnspython (2.8.0)
2025-12-12T20:43:30.5985999Z   - Installing execnet (2.1.2)
2025-12-12T20:43:30.5995904Z   - Installing httpx (0.28.1)
2025-12-12T20:43:30.6806443Z   - Installing identify (2.6.15)
2025-12-12T20:43:30.7081036Z   - Installing jinja2 (3.1.6)
2025-12-12T20:43:30.7507314Z   - Installing librt (0.7.3)
2025-12-12T20:43:30.7850792Z   - Installing marshmallow (4.1.1)
2025-12-12T20:43:30.7919527Z   - Installing mypy-extensions (1.1.0)
2025-12-12T20:43:30.8287404Z   - Installing nltk (3.9.2)
2025-12-12T20:43:30.8623088Z   - Installing nodeenv (1.9.1)
2025-12-12T20:43:30.8751177Z   - Installing pathspec (0.12.1)
2025-12-12T20:43:30.8806719Z   - Installing py (1.11.0)
2025-12-12T20:43:30.9029449Z   - Installing pytest (9.0.2)
2025-12-12T20:43:30.9241924Z   - Installing pyyaml (6.0.3)
2025-12-12T20:43:30.9533382Z   - Installing requests (2.32.5)
2025-12-12T20:43:30.9799494Z   - Installing safety-schemas (0.0.16)
2025-12-12T20:43:31.0681105Z   - Installing sortedcontainers (2.4.0)
2025-12-12T20:43:31.0714225Z   - Installing stevedore (5.6.0)
2025-12-12T20:43:31.1050310Z   - Installing tabulate (0.9.0)
2025-12-12T20:43:31.1280422Z   - Installing tenacity (9.1.2)
2025-12-12T20:43:31.1529402Z   - Installing tomlkit (0.13.3)
2025-12-12T20:43:31.1966400Z   - Installing typer (0.20.0)
2025-12-12T20:43:31.2129078Z   - Installing virtualenv (20.35.4)
2025-12-12T20:43:31.4352201Z   - Installing bandit (1.9.2)
2025-12-12T20:43:31.4353561Z   - Installing email-validator (2.3.0)
2025-12-12T20:43:31.4358950Z   - Installing hypothesis (6.148.7)
2025-12-12T20:43:31.4371507Z   - Installing interrogate (1.7.0)
2025-12-12T20:43:31.4383721Z   - Installing mypy (1.19.0)
2025-12-12T20:43:31.4395367Z   - Installing orjson (3.11.5)
2025-12-12T20:43:31.4402787Z   - Installing pre-commit (4.5.0)
2025-12-12T20:43:31.4414576Z   - Installing pytest-cov (7.0.0)
2025-12-12T20:43:31.5365765Z   - Installing pytest-timeout (2.4.0)
2025-12-12T20:43:31.5399057Z   - Installing pytest-xdist (3.8.0)
2025-12-12T20:43:31.5710272Z   - Installing ruff (0.14.9)
2025-12-12T20:43:31.5778899Z   - Installing safety (3.7.0)
2025-12-12T20:43:31.6122279Z   - Installing vulture (2.14)
2025-12-12T20:43:32.5752835Z 
2025-12-12T20:43:32.5753578Z Installing the current project: stack (2.0.0)
2025-12-12T20:43:32.6893892Z ##[group]Run poetry run pytest tests/ -v --cov=src --cov-report=xml --cov-report=term --timeout=60
2025-12-12T20:43:32.6895053Z [36;1mpoetry run pytest tests/ -v --cov=src --cov-report=xml --cov-report=term --timeout=60[0m
2025-12-12T20:43:32.6944056Z shell: /usr/bin/bash -e {0}
2025-12-12T20:43:32.6944458Z env:
2025-12-12T20:43:32.6944789Z   PYTHON_VERSION_DEFAULT: 3.11
2025-12-12T20:43:32.6945331Z   pythonLocation: /opt/hostedtoolcache/Python/3.13.11/x64
2025-12-12T20:43:32.6946069Z   PKG_CONFIG_PATH: /opt/hostedtoolcache/Python/3.13.11/x64/lib/pkgconfig
2025-12-12T20:43:32.6946775Z   Python_ROOT_DIR: /opt/hostedtoolcache/Python/3.13.11/x64
2025-12-12T20:43:32.6947413Z   Python2_ROOT_DIR: /opt/hostedtoolcache/Python/3.13.11/x64
2025-12-12T20:43:32.6948068Z   Python3_ROOT_DIR: /opt/hostedtoolcache/Python/3.13.11/x64
2025-12-12T20:43:32.6948711Z   LD_LIBRARY_PATH: /opt/hostedtoolcache/Python/3.13.11/x64/lib
2025-12-12T20:43:32.6949237Z ##[endgroup]
2025-12-12T20:43:36.2958658Z ============================= test session starts ==============================
2025-12-12T20:43:36.2959645Z platform linux -- Python 3.13.11, pytest-9.0.2, pluggy-1.6.0 -- /home/runner/work/Stack/Stack/.venv/bin/python
2025-12-12T20:43:36.2960548Z cachedir: .pytest_cache
2025-12-12T20:43:36.2961482Z hypothesis profile 'ci' -> database=None, deadline=None, print_blob=True, derandomize=True, suppress_health_check=(HealthCheck.too_slow,)
2025-12-12T20:43:36.2962470Z rootdir: /home/runner/work/Stack/Stack
2025-12-12T20:43:36.2962906Z configfile: pyproject.toml
2025-12-12T20:43:36.2963970Z plugins: hypothesis-6.148.7, timeout-2.4.0, anyio-4.12.0, cov-7.0.0, xdist-3.8.0
2025-12-12T20:43:36.2964636Z timeout: 60.0s
2025-12-12T20:43:36.2964977Z timeout method: signal
2025-12-12T20:43:36.2965345Z timeout func_only: False
2025-12-12T20:43:36.8748943Z collecting ... collected 74 items
2025-12-12T20:43:36.8749222Z 
2025-12-12T20:43:36.8776512Z tests/test_config_models.py::TestSecurityConfig::test_default_values PASSED [  1%]
2025-12-12T20:43:36.8791922Z tests/test_config_models.py::TestSecurityConfig::test_paranoid_level PASSED [  2%]
2025-12-12T20:43:36.8809522Z tests/test_config_models.py::TestSecurityConfig::test_frozen_config PASSED [  4%]
2025-12-12T20:43:36.8823694Z tests/test_config_models.py::TestSecurityConfig::test_extra_fields_forbidden PASSED [  5%]
2025-12-12T20:43:36.8838125Z tests/test_config_models.py::TestDependencyConfig::test_default_values PASSED [  6%]
2025-12-12T20:43:36.8852083Z tests/test_config_models.py::TestDependencyConfig::test_custom_dependencies PASSED [  8%]
2025-12-12T20:43:36.8866037Z tests/test_config_models.py::TestLoggingConfig::test_default_values PASSED [  9%]
2025-12-12T20:43:36.8879677Z tests/test_config_models.py::TestLoggingConfig::test_valid_levels PASSED [ 10%]
2025-12-12T20:43:36.8893794Z tests/test_config_models.py::TestLoggingConfig::test_invalid_level_rejected PASSED [ 12%]
2025-12-12T20:43:36.8912692Z tests/test_config_models.py::TestStackConfig::test_default_values PASSED [ 13%]
2025-12-12T20:43:36.8927871Z tests/test_config_models.py::TestStackConfig::test_valid_project_name PASSED [ 14%]
2025-12-12T20:43:36.8945747Z tests/test_config_models.py::TestStackConfig::test_invalid_project_name_rejected PASSED [ 16%]
2025-12-12T20:43:36.8960741Z tests/test_config_models.py::TestStackConfig::test_valid_python_version PASSED [ 17%]
2025-12-12T20:43:36.8976897Z tests/test_config_models.py::TestStackConfig::test_invalid_python_version_rejected PASSED [ 18%]
2025-12-12T20:43:36.9067279Z tests/test_config_models.py::TestStackConfig::test_path_traversal_rejected PASSED [ 20%]
2025-12-12T20:43:36.9085546Z tests/test_config_models.py::TestStackConfig::test_paranoid_requires_all_tools PASSED [ 21%]
2025-12-12T20:43:36.9101146Z tests/test_config_models.py::TestStackConfig::test_to_target_version PASSED [ 22%]
2025-12-12T20:43:36.9117987Z tests/test_config_models.py::TestStackConfig::test_nested_configs PASSED [ 24%]
2025-12-12T20:43:36.9133133Z tests/test_example.py::test_greet PASSED                                 [ 25%]
2025-12-12T20:43:36.9148409Z tests/test_example.py::test_greet_empty PASSED                           [ 27%]
2025-12-12T20:43:36.9932769Z tests/test_secure_system.py::test_create_user_success PASSED             [ 28%]
2025-12-12T20:43:36.9948689Z tests/test_secure_system.py::test_create_user_invalid_email PASSED       [ 29%]
2025-12-12T20:43:36.9965309Z tests/test_secure_system.py::test_create_user_invalid_username PASSED    [ 31%]
2025-12-12T20:43:36.9986384Z tests/test_secure_system.py::test_get_non_existent_user PASSED           [ 32%]
2025-12-12T20:43:37.0010415Z tests/test_security_guards.py::TestGuardPathTraversal::test_safe_path_passes PASSED [ 33%]
2025-12-12T20:43:37.0035214Z tests/test_security_guards.py::TestGuardPathTraversal::test_relative_path_within_base PASSED [ 35%]
2025-12-12T20:43:37.0056713Z tests/test_security_guards.py::TestGuardPathTraversal::test_path_traversal_blocked PASSED [ 36%]
2025-12-12T20:43:37.0078118Z tests/test_security_guards.py::TestGuardPathTraversal::test_double_dot_blocked PASSED [ 37%]
2025-12-12T20:43:37.0099489Z tests/test_security_guards.py::TestGuardPathTraversal::test_url_encoded_traversal_blocked PASSED [ 39%]
2025-12-12T20:43:37.0125464Z tests/test_security_guards.py::TestGuardPathTraversal::test_path_escapes_base_dir PASSED [ 40%]
2025-12-12T20:43:37.0139630Z tests/test_security_guards.py::TestGuardCommandInjection::test_safe_command_passes PASSED [ 41%]
2025-12-12T20:43:37.0153784Z tests/test_security_guards.py::TestGuardCommandInjection::test_empty_command_blocked PASSED [ 43%]
2025-12-12T20:43:37.0167932Z tests/test_security_guards.py::TestGuardCommandInjection::test_semicolon_blocked PASSED [ 44%]
2025-12-12T20:43:37.0181686Z tests/test_security_guards.py::TestGuardCommandInjection::test_pipe_blocked PASSED [ 45%]
2025-12-12T20:43:37.0195625Z tests/test_security_guards.py::TestGuardCommandInjection::test_backtick_blocked PASSED [ 47%]
2025-12-12T20:43:37.0209382Z tests/test_security_guards.py::TestGuardCommandInjection::test_dollar_expansion_blocked PASSED [ 48%]
2025-12-12T20:43:37.0223134Z tests/test_security_guards.py::TestGuardCommandInjection::test_allowed_commands_whitelist PASSED [ 50%]
2025-12-12T20:43:37.0237383Z tests/test_security_guards.py::TestGuardCommandInjection::test_command_not_in_whitelist_blocked PASSED [ 51%]
2025-12-12T20:43:37.0251478Z tests/test_security_guards.py::TestGuardFileExtension::test_safe_extension_passes PASSED [ 52%]
2025-12-12T20:43:37.0265504Z tests/test_security_guards.py::TestGuardFileExtension::test_dangerous_extension_blocked PASSED [ 54%]
2025-12-12T20:43:37.0279314Z tests/test_security_guards.py::TestGuardFileExtension::test_custom_denied_extensions PASSED [ 55%]
2025-12-12T20:43:37.0294466Z tests/test_security_guards.py::TestGuardFileExtension::test_extension_with_dot PASSED [ 56%]
2025-12-12T20:43:37.0310863Z tests/test_security_validators.py::TestValidateProjectName::test_valid_project_name PASSED [ 58%]
2025-12-12T20:43:37.0325832Z tests/test_security_validators.py::TestValidateProjectName::test_empty_name_rejected PASSED [ 59%]
2025-12-12T20:43:37.0340929Z tests/test_security_validators.py::TestValidateProjectName::test_name_must_start_with_letter PASSED [ 60%]
2025-12-12T20:43:37.0355849Z tests/test_security_validators.py::TestValidateProjectName::test_reserved_names_rejected PASSED [ 62%]
2025-12-12T20:43:37.0370729Z tests/test_security_validators.py::TestValidateProjectName::test_max_length_enforced PASSED [ 63%]
2025-12-12T20:43:37.0384714Z tests/test_security_validators.py::TestValidatePythonVersion::test_valid_versions PASSED [ 64%]
2025-12-12T20:43:37.0399942Z tests/test_security_validators.py::TestValidatePythonVersion::test_invalid_format_rejected PASSED [ 66%]
2025-12-12T20:43:37.0416218Z tests/test_security_validators.py::TestValidatePythonVersion::test_unsupported_version_rejected PASSED [ 67%]
2025-12-12T20:43:37.0432458Z tests/test_security_validators.py::TestValidateEmail::test_valid_emails PASSED [ 68%]
2025-12-12T20:43:37.0447036Z tests/test_security_validators.py::TestValidateEmail::test_empty_email_rejected PASSED [ 70%]
2025-12-12T20:43:37.0462029Z tests/test_security_validators.py::TestValidateEmail::test_invalid_format_rejected PASSED [ 71%]
2025-12-12T20:43:37.0477336Z tests/test_security_validators.py::TestValidateUrl::test_valid_urls PASSED [ 72%]
2025-12-12T20:43:37.0491161Z tests/test_security_validators.py::TestValidateUrl::test_empty_url_rejected PASSED [ 74%]
2025-12-12T20:43:37.0506267Z tests/test_security_validators.py::TestValidateUrl::test_missing_scheme_rejected PASSED [ 75%]
2025-12-12T20:43:37.0521257Z tests/test_security_validators.py::TestValidateUrl::test_invalid_scheme_rejected PASSED [ 77%]
2025-12-12T20:43:37.0535384Z tests/test_security_validators.py::TestValidateIpAddress::test_valid_ipv4 PASSED [ 78%]
2025-12-12T20:43:37.0550127Z tests/test_security_validators.py::TestValidateIpAddress::test_valid_ipv6 PASSED [ 79%]
2025-12-12T20:43:37.0565707Z tests/test_security_validators.py::TestValidateIpAddress::test_invalid_ip_rejected PASSED [ 81%]
2025-12-12T20:43:37.0579762Z tests/test_security_validators.py::TestValidatePort::test_valid_ports PASSED [ 82%]
2025-12-12T20:43:37.0595407Z tests/test_security_validators.py::TestValidatePort::test_invalid_port_rejected PASSED [ 83%]
2025-12-12T20:43:37.0610628Z tests/test_security_validators.py::TestValidatePort::test_privileged_ports_blocked PASSED [ 85%]
2025-12-12T20:43:37.0629219Z tests/test_security_validators.py::TestValidateSemver::test_valid_semver PASSED [ 86%]
2025-12-12T20:43:37.0646454Z tests/test_security_validators.py::TestValidateSemver::test_invalid_semver_rejected PASSED [ 87%]
2025-12-12T20:43:37.0785703Z tests/test_stack_script.py::test_dry_run_does_not_create_files PASSED    [ 89%]
2025-12-12T20:43:37.0859869Z tests/test_stack_script.py::test_safe_write_creates_backup PASSED        [ 90%]
2025-12-12T20:43:37.0930387Z tests/test_stack_script.py::test_force_mode_overwrites_without_backup PASSED [ 91%]
2025-12-12T20:43:37.1051109Z tests/test_stack_script.py::test_idempotency_for_pyproject_toml PASSED   [ 93%]
2025-12-12T20:43:37.1121606Z tests/test_stack_script.py::test_git_initialization PASSED               [ 94%]
2025-12-12T20:43:37.1192797Z tests/test_stack_script.py::test_project_structure_creation PASSED       [ 95%]
2025-12-12T20:43:37.1264930Z tests/test_stack_script.py::test_optional_dependencies_flag PASSED       [ 97%]
2025-12-12T20:43:37.1340840Z tests/test_stack_script.py::test_install_runtime_deps_flag PASSED        [ 98%]
2025-12-12T20:43:37.7623671Z tests/test_stack_script.py::test_python_version_detection PASSED         [100%]
2025-12-12T20:43:37.7624679Z ERROR: Coverage failure: total of 37 is less than fail-under=80
2025-12-12T20:43:37.7625218Z 
2025-12-12T20:43:37.7625227Z 
2025-12-12T20:43:37.7625468Z ================================ tests coverage ================================
2025-12-12T20:43:37.7626236Z _______________ coverage: platform linux, python 3.13.11-final-0 _______________
2025-12-12T20:43:37.7626764Z 
2025-12-12T20:43:37.7626987Z Name                               Stmts   Miss Branch BrPart  Cover   Missing
2025-12-12T20:43:37.7627467Z ------------------------------------------------------------------------------
2025-12-12T20:43:37.7627970Z src/app/__init__.py                    1      0      0      0   100%
2025-12-12T20:43:37.7628447Z src/app/main.py                        8      2      0      0    75%   25-26
2025-12-12T20:43:37.7628967Z src/app/secure_system.py              45      0      2      0   100%
2025-12-12T20:43:37.7629465Z src/stack/__init__.py                  5      0      0      0   100%
2025-12-12T20:43:37.7629955Z src/stack/config/__init__.py           3      0      0      0   100%
2025-12-12T20:43:37.7630581Z src/stack/config/generators.py        34     25     14      0    19%   27-28, 124-182, 218, 264, 311, 349-357
2025-12-12T20:43:37.7631229Z src/stack/config/models.py            73      2     12      1    96%   235-236
2025-12-12T20:43:37.7631792Z src/stack/security/__init__.py         4      0      0      0   100%
2025-12-12T20:43:37.7632748Z src/stack/security/guards.py          83     23     44      4    68%   100-101, 117->125, 119, 250->259, 253, 283-348
2025-12-12T20:43:37.7633603Z src/stack/security/sanitizers.py     104     95     58      0     6%   40-70, 100-152, 177-224, 244-260, 278-297
2025-12-12T20:43:37.7634378Z src/stack/security/validators.py     125     25     54     11    80%   54->56, 56->59, 65-66, 114-116, 160-161, 164-165, 196-198, 209-210, 212->221, 218-219, 251-252, 255-256, 259-260, 285-287
2025-12-12T20:43:37.7635053Z src/stack/utils/__init__.py            4      4      0      0     0%   3-7
2025-12-12T20:43:37.7635519Z src/stack/utils/filesystem.py        113    113     62      0     0%   8-349
2025-12-12T20:43:37.7635986Z src/stack/utils/logging.py            99     99     32      0     0%   8-324
2025-12-12T20:43:37.7636450Z src/stack/utils/subprocess.py         73     73     26      0     0%   8-340
2025-12-12T20:43:37.7636890Z ------------------------------------------------------------------------------
2025-12-12T20:43:37.7637250Z TOTAL                                774    461    304     16    37%
2025-12-12T20:43:37.7637563Z Coverage HTML written to dir htmlcov
2025-12-12T20:43:37.7637844Z Coverage XML written to file coverage.xml
2025-12-12T20:43:37.7638231Z FAIL Required test coverage of 80.0% not reached. Total coverage: 36.64%
2025-12-12T20:43:37.7638642Z ============================== 74 passed in 2.49s ==============================
2025-12-12T20:43:37.9054381Z ##[error]Process completed with exit code 1.
2025-12-12T20:43:37.9135324Z Post job cleanup.
2025-12-12T20:43:38.0171605Z [command]/usr/bin/git version
2025-12-12T20:43:38.0221805Z git version 2.52.0
2025-12-12T20:43:38.0267547Z Temporarily overriding HOME='/home/runner/work/_temp/f1e6ec51-b641-42b0-b8c4-68c61756caaa' before making global git config changes
2025-12-12T20:43:38.0268866Z Adding repository directory to the temporary git global config as a safe directory
2025-12-12T20:43:38.0281106Z [command]/usr/bin/git config --global --add safe.directory /home/runner/work/Stack/Stack
2025-12-12T20:43:38.0317635Z [command]/usr/bin/git config --local --name-only --get-regexp core\.sshCommand
2025-12-12T20:43:38.0350966Z [command]/usr/bin/git submodule foreach --recursive sh -c "git config --local --name-only --get-regexp 'core\.sshCommand' && git config --local --unset-all 'core.sshCommand' || :"
2025-12-12T20:43:38.0584821Z [command]/usr/bin/git config --local --name-only --get-regexp http\.https\:\/\/github\.com\/\.extraheader
2025-12-12T20:43:38.0607856Z http.https://github.com/.extraheader
2025-12-12T20:43:38.0636745Z [command]/usr/bin/git config --local --unset-all http.https://github.com/.extraheader
2025-12-12T20:43:38.0661589Z [command]/usr/bin/git submodule foreach --recursive sh -c "git config --local --name-only --get-regexp 'http\.https\:\/\/github\.com\/\.extraheader' && git config --local --unset-all 'http.https://github.com/.extraheader' || :"
2025-12-12T20:43:38.0892762Z [command]/usr/bin/git config --local --name-only --get-regexp ^includeIf\.gitdir:
2025-12-12T20:43:38.0924633Z [command]/usr/bin/git submodule foreach --recursive git config --local --show-origin --name-only --get-regexp remote.origin.url
2025-12-12T20:43:38.1255306Z Cleaning up orphan processes
