2025-12-12T20:43:15.2778590Z Current runner version: '2.329.0'
2025-12-12T20:43:15.2816780Z ##[group]Runner Image Provisioner
2025-12-12T20:43:15.2817320Z Hosted Compute Agent
2025-12-12T20:43:15.2833750Z Version: 20251211.462
2025-12-12T20:43:15.2834890Z Commit: 6cbad8c2bb55d58165063d031ccabf57e2d2db61
2025-12-12T20:43:15.2836060Z Build Date: 2025-12-11T16:28:49Z
2025-12-12T20:43:15.2837210Z Worker ID: {4f0c6d39-e58b-44e2-b115-87eec56207cd}
2025-12-12T20:43:15.2838350Z ##[endgroup]
2025-12-12T20:43:15.2839490Z ##[group]Operating System
2025-12-12T20:43:15.2840780Z macOS
2025-12-12T20:43:15.2842930Z 15.7.2
2025-12-12T20:43:15.2843750Z 24G325
2025-12-12T20:43:15.2845630Z ##[endgroup]
2025-12-12T20:43:15.2846500Z ##[group]Runner Image
2025-12-12T20:43:15.2847630Z Image: macos-15-arm64
2025-12-12T20:43:15.2848060Z Version: 20251203.0057.1
2025-12-12T20:43:15.2848800Z Included Software: https://github.com/actions/runner-images/blob/macos-15-arm64/20251203.0057.1/images/macos/macos-15-arm64-Readme.md
2025-12-12T20:43:15.2849910Z Image Release: https://github.com/actions/runner-images/releases/tag/macos-15-arm64%2F20251203.0057.1
2025-12-12T20:43:15.2850590Z ##[endgroup]
2025-12-12T20:43:15.2851340Z ##[group]GITHUB_TOKEN Permissions
2025-12-12T20:43:15.2852940Z Contents: read
2025-12-12T20:43:15.2853280Z Metadata: read
2025-12-12T20:43:15.2853570Z Packages: read
2025-12-12T20:43:15.2853870Z ##[endgroup]
2025-12-12T20:43:15.2858060Z Secret source: Actions
2025-12-12T20:43:15.2859220Z Prepare workflow directory
2025-12-12T20:43:15.3212280Z Prepare all required actions
2025-12-12T20:43:15.3240480Z Getting action download info
2025-12-12T20:43:15.7351010Z Download action repository 'actions/checkout@v4' (SHA:34e114876b0b11c390a56381ad16ebd13914f8d5)
2025-12-12T20:43:17.0210380Z Download action repository 'actions/setup-python@v5' (SHA:a26af69be951a213d495a4c3e4e4022e16d87065)
2025-12-12T20:43:17.1652270Z Download action repository 'actions/cache@v4' (SHA:0057852bfaa89a56745cba8c7296529d2fc39830)
2025-12-12T20:43:17.2528260Z Download action repository 'codecov/codecov-action@v4' (SHA:b9fd7d16f6d7d1b5d2bec1a2887e65ceed900238)
2025-12-12T20:43:18.3305960Z Complete job name: Test Python 3.13 on macos-latest
2025-12-12T20:43:18.3681000Z ##[group]Run actions/checkout@v4
2025-12-12T20:43:18.3681600Z with:
2025-12-12T20:43:18.3681910Z   repository: gabrielima7/Stack
2025-12-12T20:43:18.3682480Z   token: ***
2025-12-12T20:43:18.3682770Z   ssh-strict: true
2025-12-12T20:43:18.3683080Z   ssh-user: git
2025-12-12T20:43:18.3683400Z   persist-credentials: true
2025-12-12T20:43:18.3683780Z   clean: true
2025-12-12T20:43:18.3684100Z   sparse-checkout-cone-mode: true
2025-12-12T20:43:18.3684540Z   fetch-depth: 1
2025-12-12T20:43:18.3684850Z   fetch-tags: false
2025-12-12T20:43:18.3685170Z   show-progress: true
2025-12-12T20:43:18.3685500Z   lfs: false
2025-12-12T20:43:18.3685790Z   submodules: false
2025-12-12T20:43:18.3686210Z   set-safe-directory: true
2025-12-12T20:43:18.3686690Z env:
2025-12-12T20:43:18.3687000Z   PYTHON_VERSION_DEFAULT: 3.11
2025-12-12T20:43:18.3687410Z ##[endgroup]
2025-12-12T20:43:19.0265690Z Syncing repository: gabrielima7/Stack
2025-12-12T20:43:19.0272660Z ##[group]Getting Git version info
2025-12-12T20:43:19.0273890Z Working directory is '/Users/runner/work/Stack/Stack'
2025-12-12T20:43:19.0274930Z [command]/opt/homebrew/bin/git version
2025-12-12T20:43:19.0856840Z git version 2.50.1
2025-12-12T20:43:19.1207920Z ##[endgroup]
2025-12-12T20:43:19.1220220Z Copying '/Users/runner/.gitconfig' to '/Users/runner/work/_temp/6585ab61-8e3f-4d68-91af-ae2df9217adb/.gitconfig'
2025-12-12T20:43:19.1222060Z Temporarily overriding HOME='/Users/runner/work/_temp/6585ab61-8e3f-4d68-91af-ae2df9217adb' before making global git config changes
2025-12-12T20:43:19.1223530Z Adding repository directory to the temporary git global config as a safe directory
2025-12-12T20:43:19.1224710Z [command]/opt/homebrew/bin/git config --global --add safe.directory /Users/runner/work/Stack/Stack
2025-12-12T20:43:19.1226320Z Deleting the contents of '/Users/runner/work/Stack/Stack'
2025-12-12T20:43:19.1228070Z ##[group]Initializing the repository
2025-12-12T20:43:19.1228740Z [command]/opt/homebrew/bin/git init /Users/runner/work/Stack/Stack
2025-12-12T20:43:19.1424860Z hint: Using 'master' as the name for the initial branch. This default branch name
2025-12-12T20:43:19.1427670Z hint: is subject to change. To configure the initial branch name to use in all
2025-12-12T20:43:19.1428710Z hint: of your new repositories, which will suppress this warning, call:
2025-12-12T20:43:19.1447730Z hint:
2025-12-12T20:43:19.1521020Z hint: 	git config --global init.defaultBranch <name>
2025-12-12T20:43:19.1523400Z hint:
2025-12-12T20:43:19.1525500Z hint: Names commonly chosen instead of 'master' are 'main', 'trunk' and
2025-12-12T20:43:19.1529390Z hint: 'development'. The just-created branch can be renamed via this command:
2025-12-12T20:43:19.1531320Z hint:
2025-12-12T20:43:19.1532420Z hint: 	git branch -m <name>
2025-12-12T20:43:19.1533530Z hint:
2025-12-12T20:43:19.1535100Z hint: Disable this message with "git config set advice.defaultBranchName false"
2025-12-12T20:43:19.1539650Z Initialized empty Git repository in /Users/runner/work/Stack/Stack/.git/
2025-12-12T20:43:19.1541560Z [command]/opt/homebrew/bin/git remote add origin https://github.com/gabrielima7/Stack
2025-12-12T20:43:19.1563520Z ##[endgroup]
2025-12-12T20:43:19.1565590Z ##[group]Disabling automatic garbage collection
2025-12-12T20:43:19.1567500Z [command]/opt/homebrew/bin/git config --local gc.auto 0
2025-12-12T20:43:19.1657030Z ##[endgroup]
2025-12-12T20:43:19.1659000Z ##[group]Setting up auth
2025-12-12T20:43:19.1665240Z [command]/opt/homebrew/bin/git config --local --name-only --get-regexp core\.sshCommand
2025-12-12T20:43:19.1802030Z [command]/opt/homebrew/bin/git submodule foreach --recursive sh -c "git config --local --name-only --get-regexp 'core\.sshCommand' && git config --local --unset-all 'core.sshCommand' || :"
2025-12-12T20:43:19.3317860Z [command]/opt/homebrew/bin/git config --local --name-only --get-regexp http\.https\:\/\/github\.com\/\.extraheader
2025-12-12T20:43:19.3377400Z [command]/opt/homebrew/bin/git submodule foreach --recursive sh -c "git config --local --name-only --get-regexp 'http\.https\:\/\/github\.com\/\.extraheader' && git config --local --unset-all 'http.https://github.com/.extraheader' || :"
2025-12-12T20:43:19.4477530Z [command]/opt/homebrew/bin/git config --local --name-only --get-regexp ^includeIf\.gitdir:
2025-12-12T20:43:19.4785470Z [command]/opt/homebrew/bin/git submodule foreach --recursive git config --local --show-origin --name-only --get-regexp remote.origin.url
2025-12-12T20:43:19.6387650Z [command]/opt/homebrew/bin/git config --local http.https://github.com/.extraheader AUTHORIZATION: basic ***
2025-12-12T20:43:19.6698590Z ##[endgroup]
2025-12-12T20:43:19.6732160Z ##[group]Fetching the repository
2025-12-12T20:43:19.6741260Z [command]/opt/homebrew/bin/git -c protocol.version=2 fetch --no-tags --prune --no-recurse-submodules --depth=1 origin +66608d266f8835005cdc5ce8e255cf8beab12bfe:refs/remotes/origin/main
2025-12-12T20:43:20.3445630Z From https://github.com/gabrielima7/Stack
2025-12-12T20:43:20.3446280Z  * [new ref]         66608d266f8835005cdc5ce8e255cf8beab12bfe -> origin/main
2025-12-12T20:43:20.3514800Z ##[endgroup]
2025-12-12T20:43:20.3515350Z ##[group]Determining the checkout info
2025-12-12T20:43:20.3515960Z ##[endgroup]
2025-12-12T20:43:20.3518140Z [command]/opt/homebrew/bin/git sparse-checkout disable
2025-12-12T20:43:20.3584310Z [command]/opt/homebrew/bin/git config --local --unset-all extensions.worktreeConfig
2025-12-12T20:43:20.3639250Z ##[group]Checking out the ref
2025-12-12T20:43:20.3642130Z [command]/opt/homebrew/bin/git checkout --progress --force -B main refs/remotes/origin/main
2025-12-12T20:43:20.3863780Z Switched to a new branch 'main'
2025-12-12T20:43:20.3970430Z branch 'main' set up to track 'origin/main'.
2025-12-12T20:43:20.4274030Z ##[endgroup]
2025-12-12T20:43:20.4575930Z [command]/opt/homebrew/bin/git log -1 --format=%H
2025-12-12T20:43:20.4676850Z 66608d266f8835005cdc5ce8e255cf8beab12bfe
2025-12-12T20:43:20.5306280Z ##[group]Run actions/setup-python@v5
2025-12-12T20:43:20.5307390Z with:
2025-12-12T20:43:20.5307590Z   python-version: 3.13
2025-12-12T20:43:20.5307780Z   check-latest: false
2025-12-12T20:43:20.5308180Z   token: ***
2025-12-12T20:43:20.5308380Z   update-environment: true
2025-12-12T20:43:20.5308610Z   allow-prereleases: false
2025-12-12T20:43:20.5308830Z   freethreaded: false
2025-12-12T20:43:20.5309020Z env:
2025-12-12T20:43:20.5309180Z   PYTHON_VERSION_DEFAULT: 3.11
2025-12-12T20:43:20.5309380Z ##[endgroup]
2025-12-12T20:43:20.7381320Z ##[group]Installed versions
2025-12-12T20:43:20.7501080Z Successfully set up CPython (3.13.10)
2025-12-12T20:43:20.7502450Z ##[endgroup]
2025-12-12T20:43:20.7685340Z ##[group]Run pipx install poetry
2025-12-12T20:43:20.7685790Z [36;1mpipx install poetry[0m
2025-12-12T20:43:20.7774890Z shell: /bin/bash -e {0}
2025-12-12T20:43:20.7775150Z env:
2025-12-12T20:43:20.7791950Z   PYTHON_VERSION_DEFAULT: 3.11
2025-12-12T20:43:20.7792310Z   pythonLocation: /Users/runner/hostedtoolcache/Python/3.13.10/arm64
2025-12-12T20:43:20.7792920Z   PKG_CONFIG_PATH: /Users/runner/hostedtoolcache/Python/3.13.10/arm64/lib/pkgconfig
2025-12-12T20:43:20.7793390Z   Python_ROOT_DIR: /Users/runner/hostedtoolcache/Python/3.13.10/arm64
2025-12-12T20:43:20.7793790Z   Python2_ROOT_DIR: /Users/runner/hostedtoolcache/Python/3.13.10/arm64
2025-12-12T20:43:20.7794150Z   Python3_ROOT_DIR: /Users/runner/hostedtoolcache/Python/3.13.10/arm64
2025-12-12T20:43:20.7794430Z ##[endgroup]
2025-12-12T20:43:21.4613880Z creating virtual environment...
2025-12-12T20:43:21.5454890Z creating shared libraries...
2025-12-12T20:43:24.3646450Z upgrading shared libraries...
2025-12-12T20:43:26.1617480Z installing poetry...
2025-12-12T20:43:33.4212600Z done! ✨ 🌟 ✨
2025-12-12T20:43:33.4214200Z   installed package poetry 2.2.1, installed using Python 3.14.0
2025-12-12T20:43:33.4214700Z   These apps are now globally available
2025-12-12T20:43:33.4215070Z     - poetry
2025-12-12T20:43:33.4502630Z ##[group]Run poetry config virtualenvs.in-project true
2025-12-12T20:43:33.4503240Z [36;1mpoetry config virtualenvs.in-project true[0m
2025-12-12T20:43:33.4540470Z shell: /bin/bash -e {0}
2025-12-12T20:43:33.4540700Z env:
2025-12-12T20:43:33.4540900Z   PYTHON_VERSION_DEFAULT: 3.11
2025-12-12T20:43:33.4541250Z   pythonLocation: /Users/runner/hostedtoolcache/Python/3.13.10/arm64
2025-12-12T20:43:33.4541740Z   PKG_CONFIG_PATH: /Users/runner/hostedtoolcache/Python/3.13.10/arm64/lib/pkgconfig
2025-12-12T20:43:33.4542150Z   Python_ROOT_DIR: /Users/runner/hostedtoolcache/Python/3.13.10/arm64
2025-12-12T20:43:33.4542520Z   Python2_ROOT_DIR: /Users/runner/hostedtoolcache/Python/3.13.10/arm64
2025-12-12T20:43:33.4542950Z   Python3_ROOT_DIR: /Users/runner/hostedtoolcache/Python/3.13.10/arm64
2025-12-12T20:43:33.4543260Z ##[endgroup]
2025-12-12T20:43:34.9385670Z ##[group]Run actions/cache@v4
2025-12-12T20:43:34.9385950Z with:
2025-12-12T20:43:34.9386140Z   path: .venv
2025-12-12T20:43:34.9386520Z   key: macOS-poetry-3.13-dddbcec77aace8ea46b8e4dc49af4adbf8a33d76eb561e7fb5c3f00a438f980a
2025-12-12T20:43:34.9387060Z   restore-keys: macOS-poetry-3.13-

2025-12-12T20:43:34.9387320Z   enableCrossOsArchive: false
2025-12-12T20:43:34.9387570Z   fail-on-cache-miss: false
2025-12-12T20:43:34.9387870Z   lookup-only: false
2025-12-12T20:43:34.9388070Z   save-always: false
2025-12-12T20:43:34.9388320Z env:
2025-12-12T20:43:34.9388520Z   PYTHON_VERSION_DEFAULT: 3.11
2025-12-12T20:43:34.9388830Z   pythonLocation: /Users/runner/hostedtoolcache/Python/3.13.10/arm64
2025-12-12T20:43:34.9389260Z   PKG_CONFIG_PATH: /Users/runner/hostedtoolcache/Python/3.13.10/arm64/lib/pkgconfig
2025-12-12T20:43:34.9389750Z   Python_ROOT_DIR: /Users/runner/hostedtoolcache/Python/3.13.10/arm64
2025-12-12T20:43:34.9390230Z   Python2_ROOT_DIR: /Users/runner/hostedtoolcache/Python/3.13.10/arm64
2025-12-12T20:43:34.9390600Z   Python3_ROOT_DIR: /Users/runner/hostedtoolcache/Python/3.13.10/arm64
2025-12-12T20:43:34.9390910Z ##[endgroup]
2025-12-12T20:43:35.2756370Z Cache not found for input keys: macOS-poetry-3.13-dddbcec77aace8ea46b8e4dc49af4adbf8a33d76eb561e7fb5c3f00a438f980a, macOS-poetry-3.13-
2025-12-12T20:43:35.2838100Z ##[group]Run poetry install --with dev
2025-12-12T20:43:35.2838430Z [36;1mpoetry install --with dev[0m
2025-12-12T20:43:35.2873600Z shell: /bin/bash -e {0}
2025-12-12T20:43:35.2873760Z env:
2025-12-12T20:43:35.2873900Z   PYTHON_VERSION_DEFAULT: 3.11
2025-12-12T20:43:35.2874150Z   pythonLocation: /Users/runner/hostedtoolcache/Python/3.13.10/arm64
2025-12-12T20:43:35.2874520Z   PKG_CONFIG_PATH: /Users/runner/hostedtoolcache/Python/3.13.10/arm64/lib/pkgconfig
2025-12-12T20:43:35.2874870Z   Python_ROOT_DIR: /Users/runner/hostedtoolcache/Python/3.13.10/arm64
2025-12-12T20:43:35.2875280Z   Python2_ROOT_DIR: /Users/runner/hostedtoolcache/Python/3.13.10/arm64
2025-12-12T20:43:35.2875790Z   Python3_ROOT_DIR: /Users/runner/hostedtoolcache/Python/3.13.10/arm64
2025-12-12T20:43:35.2876030Z ##[endgroup]
2025-12-12T20:43:36.0585020Z Creating virtualenv stack in /Users/runner/work/Stack/Stack/.venv
2025-12-12T20:43:36.7044130Z Installing dependencies from lock file
2025-12-12T20:43:36.8513080Z 
2025-12-12T20:43:36.8614990Z Package operations: 75 installs, 0 updates, 0 removals
2025-12-12T20:43:36.8717150Z 
2025-12-12T20:43:36.8820550Z   - Installing mdurl (0.1.2)
2025-12-12T20:43:36.8933700Z   - Installing pycparser (2.23)
2025-12-12T20:43:36.9036710Z   - Installing typing-extensions (4.15.0)
2025-12-12T20:43:37.2122250Z   - Installing h11 (0.16.0)
2025-12-12T20:43:37.2149640Z   - Installing certifi (2025.11.12)
2025-12-12T20:43:37.2228430Z   - Installing cffi (2.0.0)
2025-12-12T20:43:37.2289060Z   - Installing annotated-types (0.7.0)
2025-12-12T20:43:37.2401170Z   - Installing idna (3.11)
2025-12-12T20:43:37.2505070Z   - Installing markdown-it-py (4.0.0)
2025-12-12T20:43:37.2588320Z   - Installing packaging (25.0)
2025-12-12T20:43:37.3129410Z   - Installing pydantic-core (2.41.5)
2025-12-12T20:43:37.3231390Z   - Installing pygments (2.19.2)
2025-12-12T20:43:37.3335260Z   - Installing ruamel-yaml-clib (0.2.14)
2025-12-12T20:43:37.3841460Z   - Installing typing-inspection (0.4.2)
2025-12-12T20:43:37.5912250Z   - Installing anyio (4.12.0)
2025-12-12T20:43:37.6016280Z   - Installing distlib (0.4.0)
2025-12-12T20:43:37.6118780Z   - Installing click (8.1.8)
2025-12-12T20:43:37.6219830Z   - Installing charset-normalizer (3.4.4)
2025-12-12T20:43:37.6320840Z   - Installing filelock (3.20.0)
2025-12-12T20:43:37.6427070Z   - Installing cryptography (46.0.3)
2025-12-12T20:43:37.6530880Z   - Installing dparse (0.6.4)
2025-12-12T20:43:37.7134600Z   - Installing httpcore (1.0.9)
2025-12-12T20:43:37.7337590Z   - Installing iniconfig (2.3.0)
2025-12-12T20:43:37.7696680Z   - Installing joblib (1.5.2)
2025-12-12T20:43:37.7900150Z   - Installing markupsafe (3.0.3)
2025-12-12T20:43:37.8911910Z   - Installing platformdirs (4.5.1)
2025-12-12T20:43:37.9344270Z   - Installing pluggy (1.6.0)
2025-12-12T20:43:37.9641690Z   - Installing pydantic (2.12.5)
2025-12-12T20:43:37.9743020Z   - Installing regex (2025.11.3)
2025-12-12T20:43:38.0722350Z   - Installing rich (13.5.3)
2025-12-12T20:43:38.0958580Z   - Installing ruamel-yaml (0.18.16)
2025-12-12T20:43:38.1059870Z   - Installing shellingham (1.5.4)
2025-12-12T20:43:38.2192080Z   - Installing tqdm (4.67.1)
2025-12-12T20:43:38.2397480Z   - Installing urllib3 (2.6.2)
2025-12-12T20:43:38.4102520Z   - Installing coverage (7.13.0)
2025-12-12T20:43:38.4204450Z   - Installing dnspython (2.8.0)
2025-12-12T20:43:38.4304590Z   - Installing cfgv (3.5.0)
2025-12-12T20:43:38.4407920Z   - Installing attrs (25.4.0)
2025-12-12T20:43:38.4510400Z   - Installing authlib (1.6.6)
2025-12-12T20:43:38.4611410Z   - Installing colorama (0.4.6)
2025-12-12T20:43:38.4712750Z   - Installing execnet (2.1.2)
2025-12-12T20:43:38.5145970Z   - Installing httpx (0.28.1)
2025-12-12T20:43:38.5247390Z   - Installing identify (2.6.15)
2025-12-12T20:43:38.5850890Z   - Installing jinja2 (3.1.6)
2025-12-12T20:43:38.6354560Z   - Installing librt (0.7.3)
2025-12-12T20:43:38.6959920Z   - Installing marshmallow (4.1.1)
2025-12-12T20:43:38.7262000Z   - Installing mypy-extensions (1.1.0)
2025-12-12T20:43:38.7676290Z   - Installing nltk (3.9.2)
2025-12-12T20:43:38.7899800Z   - Installing nodeenv (1.9.1)
2025-12-12T20:43:38.8003920Z   - Installing pathspec (0.12.1)
2025-12-12T20:43:38.8107550Z   - Installing py (1.11.0)
2025-12-12T20:43:38.8211610Z   - Installing pytest (9.0.2)
2025-12-12T20:43:38.8319070Z   - Installing pyyaml (6.0.3)
2025-12-12T20:43:38.8422220Z   - Installing requests (2.32.5)
2025-12-12T20:43:38.8748360Z   - Installing safety-schemas (0.0.16)
2025-12-12T20:43:38.9358160Z   - Installing sortedcontainers (2.4.0)
2025-12-12T20:43:38.9776840Z   - Installing stevedore (5.6.0)
2025-12-12T20:43:38.9878370Z   - Installing tabulate (0.9.0)
2025-12-12T20:43:39.0395220Z   - Installing tenacity (9.1.2)
2025-12-12T20:43:39.0909240Z   - Installing tomlkit (0.13.3)
2025-12-12T20:43:39.1111360Z   - Installing typer (0.20.0)
2025-12-12T20:43:39.1212330Z   - Installing virtualenv (20.35.4)
2025-12-12T20:43:39.3604150Z   - Installing bandit (1.9.2)
2025-12-12T20:43:39.3728050Z   - Installing hypothesis (6.148.7)
2025-12-12T20:43:39.3829780Z   - Installing pre-commit (4.5.0)
2025-12-12T20:43:39.3971260Z   - Installing mypy (1.19.0)
2025-12-12T20:43:39.4086390Z   - Installing interrogate (1.7.0)
2025-12-12T20:43:39.4188110Z   - Installing email-validator (2.3.0)
2025-12-12T20:43:39.4288300Z   - Installing orjson (3.11.5)
2025-12-12T20:43:39.4792290Z   - Installing pytest-cov (7.0.0)
2025-12-12T20:43:39.5502600Z   - Installing pytest-timeout (2.4.0)
2025-12-12T20:43:39.5603440Z   - Installing pytest-xdist (3.8.0)
2025-12-12T20:43:39.6981930Z   - Installing ruff (0.14.9)
2025-12-12T20:43:39.7492220Z   - Installing safety (3.7.0)
2025-12-12T20:43:39.7593310Z   - Installing vulture (2.14)
2025-12-12T20:43:40.6461040Z 
2025-12-12T20:43:40.6562310Z Installing the current project: stack (2.0.0)
2025-12-12T20:43:40.8400670Z ##[group]Run poetry run pytest tests/ -v --cov=src --cov-report=xml --cov-report=term --timeout=60
2025-12-12T20:43:40.8402410Z [36;1mpoetry run pytest tests/ -v --cov=src --cov-report=xml --cov-report=term --timeout=60[0m
2025-12-12T20:43:40.8467460Z shell: /bin/bash -e {0}
2025-12-12T20:43:40.8468180Z env:
2025-12-12T20:43:40.8468630Z   PYTHON_VERSION_DEFAULT: 3.11
2025-12-12T20:43:40.8469500Z   pythonLocation: /Users/runner/hostedtoolcache/Python/3.13.10/arm64
2025-12-12T20:43:40.8470810Z   PKG_CONFIG_PATH: /Users/runner/hostedtoolcache/Python/3.13.10/arm64/lib/pkgconfig
2025-12-12T20:43:40.8471380Z   Python_ROOT_DIR: /Users/runner/hostedtoolcache/Python/3.13.10/arm64
2025-12-12T20:43:40.8471860Z   Python2_ROOT_DIR: /Users/runner/hostedtoolcache/Python/3.13.10/arm64
2025-12-12T20:43:40.8472290Z   Python3_ROOT_DIR: /Users/runner/hostedtoolcache/Python/3.13.10/arm64
2025-12-12T20:43:40.8472630Z ##[endgroup]
2025-12-12T20:43:44.0257680Z ============================= test session starts ==============================
2025-12-12T20:43:44.0259770Z platform darwin -- Python 3.13.10, pytest-9.0.2, pluggy-1.6.0 -- /Users/runner/work/Stack/Stack/.venv/bin/python
2025-12-12T20:43:44.0261200Z cachedir: .pytest_cache
2025-12-12T20:43:44.0262500Z hypothesis profile 'ci' -> database=None, deadline=None, print_blob=True, derandomize=True, suppress_health_check=(HealthCheck.too_slow,)
2025-12-12T20:43:44.0264930Z rootdir: /Users/runner/work/Stack/Stack
2025-12-12T20:43:44.0265880Z configfile: pyproject.toml
2025-12-12T20:43:44.0267920Z plugins: anyio-4.12.0, xdist-3.8.0, timeout-2.4.0, hypothesis-6.148.7, cov-7.0.0
2025-12-12T20:43:44.0269530Z timeout: 60.0s
2025-12-12T20:43:44.0270120Z timeout method: signal
2025-12-12T20:43:44.0270730Z timeout func_only: False
2025-12-12T20:43:44.6076000Z collecting ... collected 74 items
2025-12-12T20:43:44.6278220Z 
2025-12-12T20:43:44.6380940Z tests/test_config_models.py::TestSecurityConfig::test_default_values PASSED [  1%]
2025-12-12T20:43:44.6381780Z tests/test_config_models.py::TestSecurityConfig::test_paranoid_level PASSED [  2%]
2025-12-12T20:43:44.6383910Z tests/test_config_models.py::TestSecurityConfig::test_frozen_config PASSED [  4%]
2025-12-12T20:43:44.6385480Z tests/test_config_models.py::TestSecurityConfig::test_extra_fields_forbidden PASSED [  5%]
2025-12-12T20:43:44.6387990Z tests/test_config_models.py::TestDependencyConfig::test_default_values PASSED [  6%]
2025-12-12T20:43:44.6390100Z tests/test_config_models.py::TestDependencyConfig::test_custom_dependencies PASSED [  8%]
2025-12-12T20:43:44.6390890Z tests/test_config_models.py::TestLoggingConfig::test_default_values PASSED [  9%]
2025-12-12T20:43:44.6391720Z tests/test_config_models.py::TestLoggingConfig::test_valid_levels PASSED [ 10%]
2025-12-12T20:43:44.6393130Z tests/test_config_models.py::TestLoggingConfig::test_invalid_level_rejected PASSED [ 12%]
2025-12-12T20:43:44.6394060Z tests/test_config_models.py::TestStackConfig::test_default_values PASSED [ 13%]
2025-12-12T20:43:44.6396560Z tests/test_config_models.py::TestStackConfig::test_valid_project_name PASSED [ 14%]
2025-12-12T20:43:44.6410190Z tests/test_config_models.py::TestStackConfig::test_invalid_project_name_rejected PASSED [ 16%]
2025-12-12T20:43:44.6412360Z tests/test_config_models.py::TestStackConfig::test_valid_python_version PASSED [ 17%]
2025-12-12T20:43:44.6514810Z tests/test_config_models.py::TestStackConfig::test_invalid_python_version_rejected PASSED [ 18%]
2025-12-12T20:43:44.6585460Z tests/test_config_models.py::TestStackConfig::test_path_traversal_rejected PASSED [ 20%]
2025-12-12T20:43:44.6605450Z tests/test_config_models.py::TestStackConfig::test_paranoid_requires_all_tools PASSED [ 21%]
2025-12-12T20:43:44.6607480Z tests/test_config_models.py::TestStackConfig::test_to_target_version PASSED [ 22%]
2025-12-12T20:43:44.6610490Z tests/test_config_models.py::TestStackConfig::test_nested_configs PASSED [ 24%]
2025-12-12T20:43:44.6673760Z tests/test_example.py::test_greet PASSED                                 [ 25%]
2025-12-12T20:43:44.6757950Z tests/test_example.py::test_greet_empty PASSED                           [ 27%]
2025-12-12T20:43:44.7396210Z tests/test_secure_system.py::test_create_user_success PASSED             [ 28%]
2025-12-12T20:43:44.7419520Z tests/test_secure_system.py::test_create_user_invalid_email PASSED       [ 29%]
2025-12-12T20:43:44.7439120Z tests/test_secure_system.py::test_create_user_invalid_username PASSED    [ 31%]
2025-12-12T20:43:44.7456790Z tests/test_secure_system.py::test_get_non_existent_user PASSED           [ 32%]
2025-12-12T20:43:44.7558350Z tests/test_security_guards.py::TestGuardPathTraversal::test_safe_path_passes PASSED [ 33%]
2025-12-12T20:43:44.7661830Z tests/test_security_guards.py::TestGuardPathTraversal::test_relative_path_within_base PASSED [ 35%]
2025-12-12T20:43:44.7766490Z tests/test_security_guards.py::TestGuardPathTraversal::test_path_traversal_blocked PASSED [ 36%]
2025-12-12T20:43:44.7869240Z tests/test_security_guards.py::TestGuardPathTraversal::test_double_dot_blocked PASSED [ 37%]
2025-12-12T20:43:44.7973440Z tests/test_security_guards.py::TestGuardPathTraversal::test_url_encoded_traversal_blocked PASSED [ 39%]
2025-12-12T20:43:44.8096850Z tests/test_security_guards.py::TestGuardPathTraversal::test_path_escapes_base_dir PASSED [ 40%]
2025-12-12T20:43:44.8198830Z tests/test_security_guards.py::TestGuardCommandInjection::test_safe_command_passes PASSED [ 41%]
2025-12-12T20:43:44.8310350Z tests/test_security_guards.py::TestGuardCommandInjection::test_empty_command_blocked PASSED [ 43%]
2025-12-12T20:43:44.8420940Z tests/test_security_guards.py::TestGuardCommandInjection::test_semicolon_blocked PASSED [ 44%]
2025-12-12T20:43:44.8524200Z tests/test_security_guards.py::TestGuardCommandInjection::test_pipe_blocked PASSED [ 45%]
2025-12-12T20:43:44.8626320Z tests/test_security_guards.py::TestGuardCommandInjection::test_backtick_blocked PASSED [ 47%]
2025-12-12T20:43:44.8777790Z tests/test_security_guards.py::TestGuardCommandInjection::test_dollar_expansion_blocked PASSED [ 48%]
2025-12-12T20:43:44.8884960Z tests/test_security_guards.py::TestGuardCommandInjection::test_allowed_commands_whitelist PASSED [ 50%]
2025-12-12T20:43:44.8941000Z tests/test_security_guards.py::TestGuardCommandInjection::test_command_not_in_whitelist_blocked PASSED [ 51%]
2025-12-12T20:43:44.8998630Z tests/test_security_guards.py::TestGuardFileExtension::test_safe_extension_passes PASSED [ 52%]
2025-12-12T20:43:44.9004400Z tests/test_security_guards.py::TestGuardFileExtension::test_dangerous_extension_blocked PASSED [ 54%]
2025-12-12T20:43:44.9015380Z tests/test_security_guards.py::TestGuardFileExtension::test_custom_denied_extensions PASSED [ 55%]
2025-12-12T20:43:44.9024100Z tests/test_security_guards.py::TestGuardFileExtension::test_extension_with_dot PASSED [ 56%]
2025-12-12T20:43:44.9027870Z tests/test_security_validators.py::TestValidateProjectName::test_valid_project_name PASSED [ 58%]
2025-12-12T20:43:44.9032800Z tests/test_security_validators.py::TestValidateProjectName::test_empty_name_rejected PASSED [ 59%]
2025-12-12T20:43:44.9191220Z tests/test_security_validators.py::TestValidateProjectName::test_name_must_start_with_letter PASSED [ 60%]
2025-12-12T20:43:44.9271760Z tests/test_security_validators.py::TestValidateProjectName::test_reserved_names_rejected PASSED [ 62%]
2025-12-12T20:43:44.9350640Z tests/test_security_validators.py::TestValidateProjectName::test_max_length_enforced PASSED [ 63%]
2025-12-12T20:43:44.9352250Z tests/test_security_validators.py::TestValidatePythonVersion::test_valid_versions PASSED [ 64%]
2025-12-12T20:43:44.9353000Z tests/test_security_validators.py::TestValidatePythonVersion::test_invalid_format_rejected PASSED [ 66%]
2025-12-12T20:43:44.9353610Z tests/test_security_validators.py::TestValidatePythonVersion::test_unsupported_version_rejected PASSED [ 67%]
2025-12-12T20:43:44.9354080Z tests/test_security_validators.py::TestValidateEmail::test_valid_emails PASSED [ 68%]
2025-12-12T20:43:44.9355070Z tests/test_security_validators.py::TestValidateEmail::test_empty_email_rejected PASSED [ 70%]
2025-12-12T20:43:44.9355580Z tests/test_security_validators.py::TestValidateEmail::test_invalid_format_rejected PASSED [ 71%]
2025-12-12T20:43:44.9356120Z tests/test_security_validators.py::TestValidateUrl::test_valid_urls PASSED [ 72%]
2025-12-12T20:43:44.9356660Z tests/test_security_validators.py::TestValidateUrl::test_empty_url_rejected PASSED [ 74%]
2025-12-12T20:43:44.9357170Z tests/test_security_validators.py::TestValidateUrl::test_missing_scheme_rejected PASSED [ 75%]
2025-12-12T20:43:44.9357670Z tests/test_security_validators.py::TestValidateUrl::test_invalid_scheme_rejected PASSED [ 77%]
2025-12-12T20:43:44.9358210Z tests/test_security_validators.py::TestValidateIpAddress::test_valid_ipv4 PASSED [ 78%]
2025-12-12T20:43:44.9358720Z tests/test_security_validators.py::TestValidateIpAddress::test_valid_ipv6 PASSED [ 79%]
2025-12-12T20:43:44.9361370Z tests/test_security_validators.py::TestValidateIpAddress::test_invalid_ip_rejected PASSED [ 81%]
2025-12-12T20:43:44.9362100Z tests/test_security_validators.py::TestValidatePort::test_valid_ports PASSED [ 82%]
2025-12-12T20:43:44.9363350Z tests/test_security_validators.py::TestValidatePort::test_invalid_port_rejected PASSED [ 83%]
2025-12-12T20:43:44.9364740Z tests/test_security_validators.py::TestValidatePort::test_privileged_ports_blocked PASSED [ 85%]
2025-12-12T20:43:44.9365330Z tests/test_security_validators.py::TestValidateSemver::test_valid_semver PASSED [ 86%]
2025-12-12T20:43:44.9365920Z tests/test_security_validators.py::TestValidateSemver::test_invalid_semver_rejected PASSED [ 87%]
2025-12-12T20:43:44.9366690Z tests/test_stack_script.py::test_dry_run_does_not_create_files PASSED    [ 89%]
2025-12-12T20:43:44.9367060Z tests/test_stack_script.py::test_safe_write_creates_backup PASSED        [ 90%]
2025-12-12T20:43:44.9367480Z tests/test_stack_script.py::test_force_mode_overwrites_without_backup PASSED [ 91%]
2025-12-12T20:43:44.9818140Z tests/test_stack_script.py::test_idempotency_for_pyproject_toml PASSED   [ 93%]
2025-12-12T20:43:45.0212840Z tests/test_stack_script.py::test_git_initialization PASSED               [ 94%]
2025-12-12T20:43:45.0390080Z tests/test_stack_script.py::test_project_structure_creation PASSED       [ 95%]
2025-12-12T20:43:45.0651790Z tests/test_stack_script.py::test_optional_dependencies_flag PASSED       [ 97%]
2025-12-12T20:43:45.0861610Z tests/test_stack_script.py::test_install_runtime_deps_flag PASSED        [ 98%]
2025-12-12T20:43:45.9337750Z tests/test_stack_script.py::test_python_version_detection PASSED         [100%]
2025-12-12T20:43:45.9439020Z ERROR: Coverage failure: total of 37 is less than fail-under=80
2025-12-12T20:43:45.9539930Z 
2025-12-12T20:43:45.9629540Z 
2025-12-12T20:43:45.9631130Z ================================ tests coverage ================================
2025-12-12T20:43:45.9631610Z ______________ coverage: platform darwin, python 3.13.10-final-0 _______________
2025-12-12T20:43:45.9632200Z 
2025-12-12T20:43:45.9632380Z Name                               Stmts   Miss Branch BrPart  Cover   Missing
2025-12-12T20:43:45.9633000Z ------------------------------------------------------------------------------
2025-12-12T20:43:45.9633420Z src/app/__init__.py                    1      0      0      0   100%
2025-12-12T20:43:45.9633820Z src/app/main.py                        8      2      0      0    75%   25-26
2025-12-12T20:43:45.9634320Z src/app/secure_system.py              45      0      2      0   100%
2025-12-12T20:43:45.9634710Z src/stack/__init__.py                  5      0      0      0   100%
2025-12-12T20:43:45.9635390Z src/stack/config/__init__.py           3      0      0      0   100%
2025-12-12T20:43:45.9636240Z src/stack/config/generators.py        34     25     14      0    19%   27-28, 124-182, 218, 264, 311, 349-357
2025-12-12T20:43:45.9636860Z src/stack/config/models.py            73      2     12      1    96%   235-236
2025-12-12T20:43:45.9637650Z src/stack/security/__init__.py         4      0      0      0   100%
2025-12-12T20:43:45.9638710Z src/stack/security/guards.py          83     23     44      4    68%   100-101, 117->125, 119, 250->259, 253, 283-348
2025-12-12T20:43:45.9639650Z src/stack/security/sanitizers.py     104     95     58      0     6%   40-70, 100-152, 177-224, 244-260, 278-297
2025-12-12T20:43:45.9640390Z src/stack/security/validators.py     125     25     54     11    80%   54->56, 56->59, 65-66, 114-116, 160-161, 164-165, 196-198, 209-210, 212->221, 218-219, 251-252, 255-256, 259-260, 285-287
2025-12-12T20:43:45.9640990Z src/stack/utils/__init__.py            4      4      0      0     0%   3-7
2025-12-12T20:43:45.9641690Z src/stack/utils/filesystem.py        113    113     62      0     0%   8-349
2025-12-12T20:43:45.9642250Z src/stack/utils/logging.py            99     99     32      0     0%   8-324
2025-12-12T20:43:45.9642760Z src/stack/utils/subprocess.py         73     73     26      0     0%   8-340
2025-12-12T20:43:45.9643270Z ------------------------------------------------------------------------------
2025-12-12T20:43:45.9644000Z TOTAL                                774    461    304     16    37%
2025-12-12T20:43:45.9644380Z Coverage HTML written to dir htmlcov
2025-12-12T20:43:45.9644740Z Coverage XML written to file coverage.xml
2025-12-12T20:43:45.9645890Z FAIL Required test coverage of 80.0% not reached. Total coverage: 36.64%
2025-12-12T20:43:45.9646420Z ============================== 74 passed in 2.62s ==============================
2025-12-12T20:43:46.1853600Z ##[error]Process completed with exit code 1.
2025-12-12T20:43:46.2097790Z Post job cleanup.
2025-12-12T20:43:46.5368700Z [command]/opt/homebrew/bin/git version
2025-12-12T20:43:46.5819870Z git version 2.50.1
2025-12-12T20:43:46.6333110Z Copying '/Users/runner/.gitconfig' to '/Users/runner/work/_temp/b9edcf77-5c12-4e4d-900e-367e7fdaaa5a/.gitconfig'
2025-12-12T20:43:46.6436160Z Temporarily overriding HOME='/Users/runner/work/_temp/b9edcf77-5c12-4e4d-900e-367e7fdaaa5a' before making global git config changes
2025-12-12T20:43:46.6544780Z Adding repository directory to the temporary git global config as a safe directory
2025-12-12T20:43:46.6646760Z [command]/opt/homebrew/bin/git config --global --add safe.directory /Users/runner/work/Stack/Stack
2025-12-12T20:43:46.6949030Z [command]/opt/homebrew/bin/git config --local --name-only --get-regexp core\.sshCommand
2025-12-12T20:43:46.7253210Z [command]/opt/homebrew/bin/git submodule foreach --recursive sh -c "git config --local --name-only --get-regexp 'core\.sshCommand' && git config --local --unset-all 'core.sshCommand' || :"
2025-12-12T20:43:46.7892520Z [command]/opt/homebrew/bin/git config --local --name-only --get-regexp http\.https\:\/\/github\.com\/\.extraheader
2025-12-12T20:43:46.8008100Z http.https://github.com/.extraheader
2025-12-12T20:43:46.8017030Z [command]/opt/homebrew/bin/git config --local --unset-all http.https://github.com/.extraheader
2025-12-12T20:43:46.8089080Z [command]/opt/homebrew/bin/git submodule foreach --recursive sh -c "git config --local --name-only --get-regexp 'http\.https\:\/\/github\.com\/\.extraheader' && git config --local --unset-all 'http.https://github.com/.extraheader' || :"
2025-12-12T20:43:46.9492930Z [command]/opt/homebrew/bin/git config --local --name-only --get-regexp ^includeIf\.gitdir:
2025-12-12T20:43:46.9614520Z [command]/opt/homebrew/bin/git submodule foreach --recursive git config --local --show-origin --name-only --get-regexp remote.origin.url
2025-12-12T20:43:47.1079440Z Cleaning up orphan processes
