2025-12-12T20:43:15.7208511Z Current runner version: '2.329.0'
2025-12-12T20:43:15.7233856Z ##[group]Runner Image Provisioner
2025-12-12T20:43:15.7234607Z Hosted Compute Agent
2025-12-12T20:43:15.7235090Z Version: 20251202.455
2025-12-12T20:43:15.7235628Z Commit: 6c10caca4910e198df60de23adf20ad317c474e3
2025-12-12T20:43:15.7236241Z Build Date: 2025-12-02T15:56:59Z
2025-12-12T20:43:15.7236807Z Worker ID: {cebd7b50-5162-49d7-825e-a66c2a13e995}
2025-12-12T20:43:15.7237396Z ##[endgroup]
2025-12-12T20:43:15.7237812Z ##[group]Operating System
2025-12-12T20:43:15.7238327Z Microsoft Windows Server 2025
2025-12-12T20:43:15.7238791Z 10.0.26100
2025-12-12T20:43:15.7239187Z Datacenter
2025-12-12T20:43:15.7239543Z ##[endgroup]
2025-12-12T20:43:15.7239981Z ##[group]Runner Image
2025-12-12T20:43:15.7240425Z Image: windows-2025
2025-12-12T20:43:15.7240804Z Version: 20251208.136.1
2025-12-12T20:43:15.7242154Z Included Software: https://github.com/actions/runner-images/blob/win25/20251208.136/images/windows/Windows2025-Readme.md
2025-12-12T20:43:15.7243451Z Image Release: https://github.com/actions/runner-images/releases/tag/win25%2F20251208.136
2025-12-12T20:43:15.7244187Z ##[endgroup]
2025-12-12T20:43:15.7245602Z ##[group]GITHUB_TOKEN Permissions
2025-12-12T20:43:15.7247482Z Contents: read
2025-12-12T20:43:15.7247933Z Metadata: read
2025-12-12T20:43:15.7248302Z Packages: read
2025-12-12T20:43:15.7248744Z ##[endgroup]
2025-12-12T20:43:15.7250743Z Secret source: Actions
2025-12-12T20:43:15.7251339Z Prepare workflow directory
2025-12-12T20:43:15.7688765Z Prepare all required actions
2025-12-12T20:43:15.7727638Z Getting action download info
2025-12-12T20:43:16.1856931Z Download action repository 'actions/checkout@v4' (SHA:34e114876b0b11c390a56381ad16ebd13914f8d5)
2025-12-12T20:43:16.3077048Z Download action repository 'actions/setup-python@v5' (SHA:a26af69be951a213d495a4c3e4e4022e16d87065)
2025-12-12T20:43:16.4499343Z Download action repository 'actions/cache@v4' (SHA:0057852bfaa89a56745cba8c7296529d2fc39830)
2025-12-12T20:43:16.5839406Z Download action repository 'codecov/codecov-action@v4' (SHA:b9fd7d16f6d7d1b5d2bec1a2887e65ceed900238)
2025-12-12T20:43:17.5670691Z Complete job name: Test Python 3.11 on windows-latest
2025-12-12T20:43:17.6926991Z ##[group]Run actions/checkout@v4
2025-12-12T20:43:17.6928993Z with:
2025-12-12T20:43:17.6929705Z   repository: gabrielima7/Stack
2025-12-12T20:43:17.6930892Z   token: ***
2025-12-12T20:43:17.6931545Z   ssh-strict: true
2025-12-12T20:43:17.6932310Z   ssh-user: git
2025-12-12T20:43:17.6933000Z   persist-credentials: true
2025-12-12T20:43:17.6933801Z   clean: true
2025-12-12T20:43:17.6934546Z   sparse-checkout-cone-mode: true
2025-12-12T20:43:17.6935386Z   fetch-depth: 1
2025-12-12T20:43:17.6936080Z   fetch-tags: false
2025-12-12T20:43:17.6936786Z   show-progress: true
2025-12-12T20:43:17.6937505Z   lfs: false
2025-12-12T20:43:17.6938128Z   submodules: false
2025-12-12T20:43:17.6939062Z   set-safe-directory: true
2025-12-12T20:43:17.6940229Z env:
2025-12-12T20:43:17.6940902Z   PYTHON_VERSION_DEFAULT: 3.11
2025-12-12T20:43:17.6941756Z ##[endgroup]
2025-12-12T20:43:17.8817601Z Syncing repository: gabrielima7/Stack
2025-12-12T20:43:17.8820330Z ##[group]Getting Git version info
2025-12-12T20:43:17.8821878Z Working directory is 'D:\a\Stack\Stack'
2025-12-12T20:43:17.9815051Z [command]"C:\Program Files\Git\bin\git.exe" version
2025-12-12T20:43:18.3495377Z git version 2.52.0.windows.1
2025-12-12T20:43:18.3550945Z ##[endgroup]
2025-12-12T20:43:18.3573787Z Temporarily overriding HOME='D:\a\_temp\0cebbefd-321c-49ef-bd11-e311230c0fd7' before making global git config changes
2025-12-12T20:43:18.3575972Z Adding repository directory to the temporary git global config as a safe directory
2025-12-12T20:43:18.3586166Z [command]"C:\Program Files\Git\bin\git.exe" config --global --add safe.directory D:\a\Stack\Stack
2025-12-12T20:43:18.4283509Z Deleting the contents of 'D:\a\Stack\Stack'
2025-12-12T20:43:18.4290663Z ##[group]Initializing the repository
2025-12-12T20:43:18.4300306Z [command]"C:\Program Files\Git\bin\git.exe" init D:\a\Stack\Stack
2025-12-12T20:43:18.5055037Z Initialized empty Git repository in D:/a/Stack/Stack/.git/
2025-12-12T20:43:18.5109587Z [command]"C:\Program Files\Git\bin\git.exe" remote add origin https://github.com/gabrielima7/Stack
2025-12-12T20:43:18.5654733Z ##[endgroup]
2025-12-12T20:43:18.5655885Z ##[group]Disabling automatic garbage collection
2025-12-12T20:43:18.5665207Z [command]"C:\Program Files\Git\bin\git.exe" config --local gc.auto 0
2025-12-12T20:43:18.5971472Z ##[endgroup]
2025-12-12T20:43:18.5972540Z ##[group]Setting up auth
2025-12-12T20:43:18.5985537Z [command]"C:\Program Files\Git\bin\git.exe" config --local --name-only --get-regexp core\.sshCommand
2025-12-12T20:43:18.6328048Z [command]"C:\Program Files\Git\bin\git.exe" submodule foreach --recursive "sh -c \"git config --local --name-only --get-regexp 'core\.sshCommand' && git config --local --unset-all 'core.sshCommand' || :\""
2025-12-12T20:43:20.0565042Z [command]"C:\Program Files\Git\bin\git.exe" config --local --name-only --get-regexp http\.https\:\/\/github\.com\/\.extraheader
2025-12-12T20:43:20.0890345Z [command]"C:\Program Files\Git\bin\git.exe" submodule foreach --recursive "sh -c \"git config --local --name-only --get-regexp 'http\.https\:\/\/github\.com\/\.extraheader' && git config --local --unset-all 'http.https://github.com/.extraheader' || :\""
2025-12-12T20:43:20.6343706Z [command]"C:\Program Files\Git\bin\git.exe" config --local --name-only --get-regexp ^includeIf\.gitdir:
2025-12-12T20:43:20.6676288Z [command]"C:\Program Files\Git\bin\git.exe" submodule foreach --recursive "git config --local --show-origin --name-only --get-regexp remote.origin.url"
2025-12-12T20:43:21.2118245Z [command]"C:\Program Files\Git\bin\git.exe" config --local http.https://github.com/.extraheader "AUTHORIZATION: basic ***"
2025-12-12T20:43:21.2447815Z ##[endgroup]
2025-12-12T20:43:21.2448586Z ##[group]Fetching the repository
2025-12-12T20:43:21.2462885Z [command]"C:\Program Files\Git\bin\git.exe" -c protocol.version=2 fetch --no-tags --prune --no-recurse-submodules --depth=1 origin +66608d266f8835005cdc5ce8e255cf8beab12bfe:refs/remotes/origin/main
2025-12-12T20:43:22.5900737Z From https://github.com/gabrielima7/Stack
2025-12-12T20:43:22.5901672Z  * [new ref]         66608d266f8835005cdc5ce8e255cf8beab12bfe -> origin/main
2025-12-12T20:43:22.6218094Z ##[endgroup]
2025-12-12T20:43:22.6218734Z ##[group]Determining the checkout info
2025-12-12T20:43:22.6220152Z ##[endgroup]
2025-12-12T20:43:22.6231588Z [command]"C:\Program Files\Git\bin\git.exe" sparse-checkout disable
2025-12-12T20:43:22.6696940Z [command]"C:\Program Files\Git\bin\git.exe" config --local --unset-all extensions.worktreeConfig
2025-12-12T20:43:22.7019521Z ##[group]Checking out the ref
2025-12-12T20:43:22.7029982Z [command]"C:\Program Files\Git\bin\git.exe" checkout --progress --force -B main refs/remotes/origin/main
2025-12-12T20:43:22.7811636Z branch 'main' set up to track 'origin/main'.
2025-12-12T20:43:22.7819819Z Switched to a new branch 'main'
2025-12-12T20:43:22.7862873Z ##[endgroup]
2025-12-12T20:43:22.8291604Z [command]"C:\Program Files\Git\bin\git.exe" log -1 --format=%H
2025-12-12T20:43:22.8568703Z 66608d266f8835005cdc5ce8e255cf8beab12bfe
2025-12-12T20:43:22.9010903Z ##[group]Run actions/setup-python@v5
2025-12-12T20:43:22.9011371Z with:
2025-12-12T20:43:22.9011609Z   python-version: 3.11
2025-12-12T20:43:22.9011851Z   check-latest: false
2025-12-12T20:43:22.9012305Z   token: ***
2025-12-12T20:43:22.9012532Z   update-environment: true
2025-12-12T20:43:22.9012777Z   allow-prereleases: false
2025-12-12T20:43:22.9013044Z   freethreaded: false
2025-12-12T20:43:22.9013263Z env:
2025-12-12T20:43:22.9013461Z   PYTHON_VERSION_DEFAULT: 3.11
2025-12-12T20:43:22.9013693Z ##[endgroup]
2025-12-12T20:43:23.1272454Z ##[group]Installed versions
2025-12-12T20:43:23.1655856Z Successfully set up CPython (3.11.9)
2025-12-12T20:43:23.1656675Z ##[endgroup]
2025-12-12T20:43:23.1967828Z ##[group]Run pipx install poetry
2025-12-12T20:43:23.1968923Z [36;1mpipx install poetry[0m
2025-12-12T20:43:23.2532597Z shell: C:\Program Files\PowerShell\7\pwsh.EXE -command ". '{0}'"
2025-12-12T20:43:23.2532978Z env:
2025-12-12T20:43:23.2533191Z   PYTHON_VERSION_DEFAULT: 3.11
2025-12-12T20:43:23.2533520Z   pythonLocation: C:\hostedtoolcache\windows\Python\3.11.9\x64
2025-12-12T20:43:23.2534005Z   PKG_CONFIG_PATH: C:\hostedtoolcache\windows\Python\3.11.9\x64/lib/pkgconfig
2025-12-12T20:43:23.2534476Z   Python_ROOT_DIR: C:\hostedtoolcache\windows\Python\3.11.9\x64
2025-12-12T20:43:23.2534894Z   Python2_ROOT_DIR: C:\hostedtoolcache\windows\Python\3.11.9\x64
2025-12-12T20:43:23.2535302Z   Python3_ROOT_DIR: C:\hostedtoolcache\windows\Python\3.11.9\x64
2025-12-12T20:43:23.2535610Z ##[endgroup]
2025-12-12T20:43:29.2124529Z Found a space in the pipx home path. We heavily discourage this, due to
2025-12-12T20:43:29.2125401Z     multiple incompatibilities. Please check our docs for more information on
2025-12-12T20:43:29.2126092Z     this, as well as some pointers on how to migrate to a different home path.
2025-12-12T20:43:29.8189378Z creating virtual environment...
2025-12-12T20:43:30.1630030Z installing poetry...
2025-12-12T20:43:51.0238999Z done! 
2025-12-12T20:43:51.0241721Z   installed package poetry 2.2.1, installed using Python 3.9.13
2025-12-12T20:43:51.0242122Z   These apps are now globally available
2025-12-12T20:43:51.0242405Z     - poetry.exe
2025-12-12T20:43:51.6962630Z ##[group]Run poetry config virtualenvs.in-project true
2025-12-12T20:43:51.6963079Z [36;1mpoetry config virtualenvs.in-project true[0m
2025-12-12T20:43:51.7028878Z shell: C:\Program Files\PowerShell\7\pwsh.EXE -command ". '{0}'"
2025-12-12T20:43:51.7029178Z env:
2025-12-12T20:43:51.7029341Z   PYTHON_VERSION_DEFAULT: 3.11
2025-12-12T20:43:51.7029619Z   pythonLocation: C:\hostedtoolcache\windows\Python\3.11.9\x64
2025-12-12T20:43:51.7029991Z   PKG_CONFIG_PATH: C:\hostedtoolcache\windows\Python\3.11.9\x64/lib/pkgconfig
2025-12-12T20:43:51.7030373Z   Python_ROOT_DIR: C:\hostedtoolcache\windows\Python\3.11.9\x64
2025-12-12T20:43:51.7030726Z   Python2_ROOT_DIR: C:\hostedtoolcache\windows\Python\3.11.9\x64
2025-12-12T20:43:51.7031059Z   Python3_ROOT_DIR: C:\hostedtoolcache\windows\Python\3.11.9\x64
2025-12-12T20:43:51.7031327Z ##[endgroup]
2025-12-12T20:43:53.1582114Z ##[group]Run actions/cache@v4
2025-12-12T20:43:53.1582692Z with:
2025-12-12T20:43:53.1582895Z   path: .venv
2025-12-12T20:43:53.1583302Z   key: Windows-poetry-3.11-dd05d43ec074f1401e9de45214791bc0d37923b8f3b0fe71bb84677460e66455
2025-12-12T20:43:53.1583835Z   restore-keys: Windows-poetry-3.11-

2025-12-12T20:43:53.1584124Z   enableCrossOsArchive: false
2025-12-12T20:43:53.1584597Z   fail-on-cache-miss: false
2025-12-12T20:43:53.1584830Z   lookup-only: false
2025-12-12T20:43:53.1585026Z   save-always: false
2025-12-12T20:43:53.1585219Z env:
2025-12-12T20:43:53.1585399Z   PYTHON_VERSION_DEFAULT: 3.11
2025-12-12T20:43:53.1585729Z   pythonLocation: C:\hostedtoolcache\windows\Python\3.11.9\x64
2025-12-12T20:43:53.1586200Z   PKG_CONFIG_PATH: C:\hostedtoolcache\windows\Python\3.11.9\x64/lib/pkgconfig
2025-12-12T20:43:53.1586650Z   Python_ROOT_DIR: C:\hostedtoolcache\windows\Python\3.11.9\x64
2025-12-12T20:43:53.1587101Z   Python2_ROOT_DIR: C:\hostedtoolcache\windows\Python\3.11.9\x64
2025-12-12T20:43:53.1587502Z   Python3_ROOT_DIR: C:\hostedtoolcache\windows\Python\3.11.9\x64
2025-12-12T20:43:53.1587878Z ##[endgroup]
2025-12-12T20:43:53.7252857Z Cache not found for input keys: Windows-poetry-3.11-dd05d43ec074f1401e9de45214791bc0d37923b8f3b0fe71bb84677460e66455, Windows-poetry-3.11-
2025-12-12T20:43:53.7490045Z ##[group]Run poetry install --with dev
2025-12-12T20:43:53.7490422Z [36;1mpoetry install --with dev[0m
2025-12-12T20:43:53.7565711Z shell: C:\Program Files\PowerShell\7\pwsh.EXE -command ". '{0}'"
2025-12-12T20:43:53.7566004Z env:
2025-12-12T20:43:53.7566172Z   PYTHON_VERSION_DEFAULT: 3.11
2025-12-12T20:43:53.7566442Z   pythonLocation: C:\hostedtoolcache\windows\Python\3.11.9\x64
2025-12-12T20:43:53.7567015Z   PKG_CONFIG_PATH: C:\hostedtoolcache\windows\Python\3.11.9\x64/lib/pkgconfig
2025-12-12T20:43:53.7567387Z   Python_ROOT_DIR: C:\hostedtoolcache\windows\Python\3.11.9\x64
2025-12-12T20:43:53.7567729Z   Python2_ROOT_DIR: C:\hostedtoolcache\windows\Python\3.11.9\x64
2025-12-12T20:43:53.7568068Z   Python3_ROOT_DIR: C:\hostedtoolcache\windows\Python\3.11.9\x64
2025-12-12T20:43:53.7568325Z ##[endgroup]
2025-12-12T20:43:57.5072321Z Creating virtualenv stack in D:\a\Stack\Stack\.venv
2025-12-12T20:44:01.4458263Z Installing dependencies from lock file
2025-12-12T20:44:01.6292144Z 
2025-12-12T20:44:01.6294261Z Package operations: 75 installs, 0 updates, 0 removals
2025-12-12T20:44:01.6294502Z 
2025-12-12T20:44:01.6301838Z   - Installing mdurl (0.1.2)
2025-12-12T20:44:01.6308933Z   - Installing pycparser (2.23)
2025-12-12T20:44:01.6316296Z   - Installing typing-extensions (4.15.0)
2025-12-12T20:44:01.9328088Z   - Installing annotated-types (0.7.0)
2025-12-12T20:44:01.9334562Z   - Installing certifi (2025.11.12)
2025-12-12T20:44:01.9338783Z   - Installing colorama (0.4.6)
2025-12-12T20:44:01.9345444Z   - Installing h11 (0.16.0)
2025-12-12T20:44:01.9354404Z   - Installing idna (3.11)
2025-12-12T20:44:01.9367266Z   - Installing markdown-it-py (4.0.0)
2025-12-12T20:44:01.9387273Z   - Installing cffi (2.0.0)
2025-12-12T20:44:01.9406962Z   - Installing packaging (25.0)
2025-12-12T20:44:02.0761240Z   - Installing pydantic-core (2.41.5)
2025-12-12T20:44:02.0944672Z   - Installing pygments (2.19.2)
2025-12-12T20:44:02.1082071Z   - Installing ruamel-yaml-clib (0.2.14)
2025-12-12T20:44:02.2015052Z   - Installing typing-inspection (0.4.2)
2025-12-12T20:44:02.5040786Z   - Installing anyio (4.12.0)
2025-12-12T20:44:02.5043689Z   - Installing charset-normalizer (3.4.4)
2025-12-12T20:44:02.5050644Z   - Installing click (8.1.8)
2025-12-12T20:44:02.5055815Z   - Installing distlib (0.4.0)
2025-12-12T20:44:02.5059305Z   - Installing dparse (0.6.4)
2025-12-12T20:44:02.5063009Z   - Installing cryptography (46.0.3)
2025-12-12T20:44:02.5066648Z   - Installing filelock (3.20.0)
2025-12-12T20:44:02.5071023Z   - Installing httpcore (1.0.9)
2025-12-12T20:44:02.6631221Z   - Installing iniconfig (2.3.0)
2025-12-12T20:44:02.6793356Z   - Installing joblib (1.5.2)
2025-12-12T20:44:02.7370689Z   - Installing markupsafe (3.0.3)
2025-12-12T20:44:02.7856514Z   - Installing platformdirs (4.5.1)
2025-12-12T20:44:02.8053059Z   - Installing pluggy (1.6.0)
2025-12-12T20:44:02.8498556Z   - Installing pydantic (2.12.5)
2025-12-12T20:44:02.8645124Z   - Installing regex (2025.11.3)
2025-12-12T20:44:02.8670708Z   - Installing rich (13.5.3)
2025-12-12T20:44:02.9167698Z   - Installing ruamel-yaml (0.18.16)
2025-12-12T20:44:02.9707189Z   - Installing shellingham (1.5.4)
2025-12-12T20:44:02.9826620Z   - Installing tqdm (4.67.1)
2025-12-12T20:44:03.0429714Z   - Installing urllib3 (2.6.2)
2025-12-12T20:44:03.4102628Z   - Installing attrs (25.4.0)
2025-12-12T20:44:03.4107546Z   - Installing authlib (1.6.6)
2025-12-12T20:44:03.4112588Z   - Installing coverage (7.13.0)
2025-12-12T20:44:03.4115914Z   - Installing dnspython (2.8.0)
2025-12-12T20:44:03.4121985Z   - Installing execnet (2.1.2)
2025-12-12T20:44:03.4123901Z   - Installing httpx (0.28.1)
2025-12-12T20:44:03.4128050Z   - Installing identify (2.6.15)
2025-12-12T20:44:03.4132216Z   - Installing cfgv (3.5.0)
2025-12-12T20:44:03.5657258Z   - Installing jinja2 (3.1.6)
2025-12-12T20:44:03.6037958Z   - Installing librt (0.7.3)
2025-12-12T20:44:03.6398955Z   - Installing marshmallow (4.1.1)
2025-12-12T20:44:03.6794038Z   - Installing mypy-extensions (1.1.0)
2025-12-12T20:44:03.6964610Z   - Installing nltk (3.9.2)
2025-12-12T20:44:03.7582578Z   - Installing nodeenv (1.9.1)
2025-12-12T20:44:03.7833103Z   - Installing pathspec (0.12.1)
2025-12-12T20:44:03.7922437Z   - Installing py (1.11.0)
2025-12-12T20:44:03.8302575Z   - Installing pytest (9.0.2)
2025-12-12T20:44:03.8873723Z   - Installing pyyaml (6.0.3)
2025-12-12T20:44:03.8938549Z   - Installing requests (2.32.5)
2025-12-12T20:44:03.9267010Z   - Installing safety-schemas (0.0.16)
2025-12-12T20:44:04.0559136Z   - Installing sortedcontainers (2.4.0)
2025-12-12T20:44:04.0741597Z   - Installing stevedore (5.6.0)
2025-12-12T20:44:04.1239037Z   - Installing tabulate (0.9.0)
2025-12-12T20:44:04.1303993Z   - Installing tenacity (9.1.2)
2025-12-12T20:44:04.1735572Z   - Installing tomlkit (0.13.3)
2025-12-12T20:44:04.2407274Z   - Installing typer (0.20.0)
2025-12-12T20:44:04.2490929Z   - Installing virtualenv (20.35.4)
2025-12-12T20:44:04.6011718Z   - Installing bandit (1.9.2)
2025-12-12T20:44:04.6015530Z   - Installing email-validator (2.3.0)
2025-12-12T20:44:04.6022436Z   - Installing hypothesis (6.148.7)
2025-12-12T20:44:04.6026442Z   - Installing mypy (1.19.0)
2025-12-12T20:44:04.6037748Z   - Installing pre-commit (4.5.0)
2025-12-12T20:44:04.6043768Z   - Installing pytest-cov (7.0.0)
2025-12-12T20:44:04.6050653Z   - Installing interrogate (1.7.0)
2025-12-12T20:44:04.6055238Z   - Installing orjson (3.11.5)
2025-12-12T20:44:04.7607317Z   - Installing pytest-timeout (2.4.0)
2025-12-12T20:44:04.7735706Z   - Installing pytest-xdist (3.8.0)
2025-12-12T20:44:04.7972875Z   - Installing ruff (0.14.9)
2025-12-12T20:44:04.8151058Z   - Installing safety (3.7.0)
2025-12-12T20:44:04.8785480Z   - Installing vulture (2.14)
2025-12-12T20:44:06.1020640Z 
2025-12-12T20:44:06.1022604Z Installing the current project: stack (2.0.0)
2025-12-12T20:44:06.3104776Z ##[group]Run poetry run pytest tests/ -v --cov=src --cov-report=xml --cov-report=term --timeout=60
2025-12-12T20:44:06.3105401Z [36;1mpoetry run pytest tests/ -v --cov=src --cov-report=xml --cov-report=term --timeout=60[0m
2025-12-12T20:44:06.3174241Z shell: C:\Program Files\PowerShell\7\pwsh.EXE -command ". '{0}'"
2025-12-12T20:44:06.3174532Z env:
2025-12-12T20:44:06.3174710Z   PYTHON_VERSION_DEFAULT: 3.11
2025-12-12T20:44:06.3174982Z   pythonLocation: C:\hostedtoolcache\windows\Python\3.11.9\x64
2025-12-12T20:44:06.3175371Z   PKG_CONFIG_PATH: C:\hostedtoolcache\windows\Python\3.11.9\x64/lib/pkgconfig
2025-12-12T20:44:06.3175765Z   Python_ROOT_DIR: C:\hostedtoolcache\windows\Python\3.11.9\x64
2025-12-12T20:44:06.3176102Z   Python2_ROOT_DIR: C:\hostedtoolcache\windows\Python\3.11.9\x64
2025-12-12T20:44:06.3176440Z   Python3_ROOT_DIR: C:\hostedtoolcache\windows\Python\3.11.9\x64
2025-12-12T20:44:06.3176699Z ##[endgroup]
2025-12-12T20:44:10.9117262Z ============================= test session starts =============================
2025-12-12T20:44:10.9118239Z platform win32 -- Python 3.11.9, pytest-9.0.2, pluggy-1.6.0 -- D:\a\Stack\Stack\.venv\Scripts\python.exe
2025-12-12T20:44:10.9119044Z cachedir: .pytest_cache
2025-12-12T20:44:10.9119725Z hypothesis profile 'ci' -> database=None, deadline=None, print_blob=True, derandomize=True, suppress_health_check=(HealthCheck.too_slow,)
2025-12-12T20:44:10.9120307Z rootdir: D:\a\Stack\Stack
2025-12-12T20:44:10.9120553Z configfile: pyproject.toml
2025-12-12T20:44:10.9120916Z plugins: anyio-4.12.0, hypothesis-6.148.7, cov-7.0.0, timeout-2.4.0, xdist-3.8.0
2025-12-12T20:44:10.9121310Z timeout: 60.0s
2025-12-12T20:44:10.9121498Z timeout method: thread
2025-12-12T20:44:10.9121716Z timeout func_only: False
2025-12-12T20:44:11.4804627Z collecting ... collected 74 items
2025-12-12T20:44:11.4804987Z 
2025-12-12T20:44:11.4846790Z tests/test_config_models.py::TestSecurityConfig::test_default_values PASSED [  1%]
2025-12-12T20:44:11.4867889Z tests/test_config_models.py::TestSecurityConfig::test_paranoid_level PASSED [  2%]
2025-12-12T20:44:11.4892737Z tests/test_config_models.py::TestSecurityConfig::test_frozen_config PASSED [  4%]
2025-12-12T20:44:11.4913833Z tests/test_config_models.py::TestSecurityConfig::test_extra_fields_forbidden PASSED [  5%]
2025-12-12T20:44:11.4933885Z tests/test_config_models.py::TestDependencyConfig::test_default_values PASSED [  6%]
2025-12-12T20:44:11.4954003Z tests/test_config_models.py::TestDependencyConfig::test_custom_dependencies PASSED [  8%]
2025-12-12T20:44:11.4975958Z tests/test_config_models.py::TestLoggingConfig::test_default_values PASSED [  9%]
2025-12-12T20:44:11.4996021Z tests/test_config_models.py::TestLoggingConfig::test_valid_levels PASSED [ 10%]
2025-12-12T20:44:11.5016177Z tests/test_config_models.py::TestLoggingConfig::test_invalid_level_rejected PASSED [ 12%]
2025-12-12T20:44:11.5043723Z tests/test_config_models.py::TestStackConfig::test_default_values PASSED [ 13%]
2025-12-12T20:44:11.5066336Z tests/test_config_models.py::TestStackConfig::test_valid_project_name PASSED [ 14%]
2025-12-12T20:44:11.5098894Z tests/test_config_models.py::TestStackConfig::test_invalid_project_name_rejected PASSED [ 16%]
2025-12-12T20:44:11.5124402Z tests/test_config_models.py::TestStackConfig::test_valid_python_version PASSED [ 17%]
2025-12-12T20:44:11.5150132Z tests/test_config_models.py::TestStackConfig::test_invalid_python_version_rejected PASSED [ 18%]
2025-12-12T20:44:11.5448728Z tests/test_config_models.py::TestStackConfig::test_path_traversal_rejected PASSED [ 20%]
2025-12-12T20:44:11.5478340Z tests/test_config_models.py::TestStackConfig::test_paranoid_requires_all_tools PASSED [ 21%]
2025-12-12T20:44:11.5501730Z tests/test_config_models.py::TestStackConfig::test_to_target_version PASSED [ 22%]
2025-12-12T20:44:11.5527118Z tests/test_config_models.py::TestStackConfig::test_nested_configs PASSED [ 24%]
2025-12-12T20:44:11.5549380Z tests/test_example.py::test_greet PASSED                                 [ 25%]
2025-12-12T20:44:11.5568860Z tests/test_example.py::test_greet_empty PASSED                           [ 27%]
2025-12-12T20:44:11.6581774Z tests/test_secure_system.py::test_create_user_success PASSED             [ 28%]
2025-12-12T20:44:11.6607034Z tests/test_secure_system.py::test_create_user_invalid_email PASSED       [ 29%]
2025-12-12T20:44:11.6631479Z tests/test_secure_system.py::test_create_user_invalid_username PASSED    [ 31%]
2025-12-12T20:44:11.6659556Z tests/test_secure_system.py::test_get_non_existent_user PASSED           [ 32%]
2025-12-12T20:44:11.6713320Z tests/test_security_guards.py::TestGuardPathTraversal::test_safe_path_passes PASSED [ 33%]
2025-12-12T20:44:11.6769103Z tests/test_security_guards.py::TestGuardPathTraversal::test_relative_path_within_base PASSED [ 35%]
2025-12-12T20:44:11.6810867Z tests/test_security_guards.py::TestGuardPathTraversal::test_path_traversal_blocked PASSED [ 36%]
2025-12-12T20:44:11.6850989Z tests/test_security_guards.py::TestGuardPathTraversal::test_double_dot_blocked PASSED [ 37%]
2025-12-12T20:44:11.6892870Z tests/test_security_guards.py::TestGuardPathTraversal::test_url_encoded_traversal_blocked PASSED [ 39%]
2025-12-12T20:44:11.7329708Z tests/test_security_guards.py::TestGuardPathTraversal::test_path_escapes_base_dir FAILED [ 40%]
2025-12-12T20:44:11.7354873Z tests/test_security_guards.py::TestGuardCommandInjection::test_safe_command_passes PASSED [ 41%]
2025-12-12T20:44:11.7377908Z tests/test_security_guards.py::TestGuardCommandInjection::test_empty_command_blocked PASSED [ 43%]
2025-12-12T20:44:11.7399985Z tests/test_security_guards.py::TestGuardCommandInjection::test_semicolon_blocked PASSED [ 44%]
2025-12-12T20:44:11.7422402Z tests/test_security_guards.py::TestGuardCommandInjection::test_pipe_blocked PASSED [ 45%]
2025-12-12T20:44:11.7444164Z tests/test_security_guards.py::TestGuardCommandInjection::test_backtick_blocked PASSED [ 47%]
2025-12-12T20:44:11.7464849Z tests/test_security_guards.py::TestGuardCommandInjection::test_dollar_expansion_blocked PASSED [ 48%]
2025-12-12T20:44:11.7485441Z tests/test_security_guards.py::TestGuardCommandInjection::test_allowed_commands_whitelist PASSED [ 50%]
2025-12-12T20:44:11.7505813Z tests/test_security_guards.py::TestGuardCommandInjection::test_command_not_in_whitelist_blocked PASSED [ 51%]
2025-12-12T20:44:11.7526275Z tests/test_security_guards.py::TestGuardFileExtension::test_safe_extension_passes PASSED [ 52%]
2025-12-12T20:44:11.7547172Z tests/test_security_guards.py::TestGuardFileExtension::test_dangerous_extension_blocked PASSED [ 54%]
2025-12-12T20:44:11.7569711Z tests/test_security_guards.py::TestGuardFileExtension::test_custom_denied_extensions PASSED [ 55%]
2025-12-12T20:44:11.7591677Z tests/test_security_guards.py::TestGuardFileExtension::test_extension_with_dot PASSED [ 56%]
2025-12-12T20:44:11.7615668Z tests/test_security_validators.py::TestValidateProjectName::test_valid_project_name PASSED [ 58%]
2025-12-12T20:44:11.7639389Z tests/test_security_validators.py::TestValidateProjectName::test_empty_name_rejected PASSED [ 59%]
2025-12-12T20:44:11.7662621Z tests/test_security_validators.py::TestValidateProjectName::test_name_must_start_with_letter PASSED [ 60%]
2025-12-12T20:44:11.7684919Z tests/test_security_validators.py::TestValidateProjectName::test_reserved_names_rejected PASSED [ 62%]
2025-12-12T20:44:11.7708056Z tests/test_security_validators.py::TestValidateProjectName::test_max_length_enforced PASSED [ 63%]
2025-12-12T20:44:11.7728454Z tests/test_security_validators.py::TestValidatePythonVersion::test_valid_versions PASSED [ 64%]
2025-12-12T20:44:11.7750588Z tests/test_security_validators.py::TestValidatePythonVersion::test_invalid_format_rejected PASSED [ 66%]
2025-12-12T20:44:11.7776314Z tests/test_security_validators.py::TestValidatePythonVersion::test_unsupported_version_rejected PASSED [ 67%]
2025-12-12T20:44:11.7800346Z tests/test_security_validators.py::TestValidateEmail::test_valid_emails PASSED [ 68%]
2025-12-12T20:44:11.7821808Z tests/test_security_validators.py::TestValidateEmail::test_empty_email_rejected PASSED [ 70%]
2025-12-12T20:44:11.7843687Z tests/test_security_validators.py::TestValidateEmail::test_invalid_format_rejected PASSED [ 71%]
2025-12-12T20:44:11.7866733Z tests/test_security_validators.py::TestValidateUrl::test_valid_urls PASSED [ 72%]
2025-12-12T20:44:11.7888072Z tests/test_security_validators.py::TestValidateUrl::test_empty_url_rejected PASSED [ 74%]
2025-12-12T20:44:11.7909879Z tests/test_security_validators.py::TestValidateUrl::test_missing_scheme_rejected PASSED [ 75%]
2025-12-12T20:44:11.7932093Z tests/test_security_validators.py::TestValidateUrl::test_invalid_scheme_rejected PASSED [ 77%]
2025-12-12T20:44:11.7952497Z tests/test_security_validators.py::TestValidateIpAddress::test_valid_ipv4 PASSED [ 78%]
2025-12-12T20:44:11.7973656Z tests/test_security_validators.py::TestValidateIpAddress::test_valid_ipv6 PASSED [ 79%]
2025-12-12T20:44:11.7995840Z tests/test_security_validators.py::TestValidateIpAddress::test_invalid_ip_rejected PASSED [ 81%]
2025-12-12T20:44:11.8015991Z tests/test_security_validators.py::TestValidatePort::test_valid_ports PASSED [ 82%]
2025-12-12T20:44:11.8037659Z tests/test_security_validators.py::TestValidatePort::test_invalid_port_rejected PASSED [ 83%]
2025-12-12T20:44:11.8059256Z tests/test_security_validators.py::TestValidatePort::test_privileged_ports_blocked PASSED [ 85%]
2025-12-12T20:44:11.8084315Z tests/test_security_validators.py::TestValidateSemver::test_valid_semver PASSED [ 86%]
2025-12-12T20:44:11.8109029Z tests/test_security_validators.py::TestValidateSemver::test_invalid_semver_rejected PASSED [ 87%]
2025-12-12T20:44:11.8642396Z tests/test_stack_script.py::test_dry_run_does_not_create_files PASSED    [ 89%]
2025-12-12T20:44:11.9129032Z tests/test_stack_script.py::test_safe_write_creates_backup PASSED        [ 90%]
2025-12-12T20:44:11.9537065Z tests/test_stack_script.py::test_force_mode_overwrites_without_backup PASSED [ 91%]
2025-12-12T20:44:12.0281204Z tests/test_stack_script.py::test_idempotency_for_pyproject_toml PASSED   [ 93%]
2025-12-12T20:44:12.0657772Z tests/test_stack_script.py::test_git_initialization PASSED               [ 94%]
2025-12-12T20:44:12.1109504Z tests/test_stack_script.py::test_project_structure_creation PASSED       [ 95%]
2025-12-12T20:44:12.1528783Z tests/test_stack_script.py::test_optional_dependencies_flag PASSED       [ 97%]
2025-12-12T20:44:12.1960070Z tests/test_stack_script.py::test_install_runtime_deps_flag PASSED        [ 98%]
2025-12-12T20:44:13.0611015Z tests/test_stack_script.py::test_python_version_detection PASSED         [100%]
2025-12-12T20:44:13.0612213Z ERROR: Coverage failure: total of 36 is less than fail-under=80
2025-12-12T20:44:13.0612484Z 
2025-12-12T20:44:13.0612490Z 
2025-12-12T20:44:13.0612622Z ================================== FAILURES ===================================
2025-12-12T20:44:13.0613038Z ______________ TestGuardPathTraversal.test_path_escapes_base_dir ______________
2025-12-12T20:44:13.0613335Z 
2025-12-12T20:44:13.0613655Z self = <tests.test_security_guards.TestGuardPathTraversal object at 0x00000270DCE2A690>
2025-12-12T20:44:13.0614406Z tmp_path = WindowsPath('C:/Users/runneradmin/AppData/Local/Temp/pytest-of-runneradmin/pytest-0/test_path_escapes_base_dir0')
2025-12-12T20:44:13.0614903Z 
2025-12-12T20:44:13.0615087Z     def test_path_escapes_base_dir(self, tmp_path: Path) -> None:
2025-12-12T20:44:13.0615485Z         """Test that paths escaping base dir are blocked."""
2025-12-12T20:44:13.0615813Z         with TemporaryDirectory() as other_dir:
2025-12-12T20:44:13.0616150Z             with pytest.raises(SecurityError) as exc_info:
2025-12-12T20:44:13.0616497Z                 guard_path_traversal(Path(other_dir), tmp_path)
2025-12-12T20:44:13.0616871Z >           assert "escapes base directory" in str(exc_info.value)
2025-12-12T20:44:13.0617419Z E           AssertionError: assert 'escapes base directory' in '[path_traversal] Path traversal pattern detected: ~'
2025-12-12T20:44:13.0618817Z E            +  where '[path_traversal] Path traversal pattern detected: ~' = str(SecurityError('[path_traversal] Path traversal pattern detected: ~'))
2025-12-12T20:44:13.0620364Z E            +    where SecurityError('[path_traversal] Path traversal pattern detected: ~') = <ExceptionInfo SecurityError('[path_traversal] Path traversal pattern detected: ~') tblen=2>.value
2025-12-12T20:44:13.0620999Z 
2025-12-12T20:44:13.0621139Z tests\test_security_guards.py:60: AssertionError
2025-12-12T20:44:13.0621462Z =============================== tests coverage ================================
2025-12-12T20:44:13.0621872Z _______________ coverage: platform win32, python 3.11.9-final-0 _______________
2025-12-12T20:44:13.0622150Z 
2025-12-12T20:44:13.0622286Z Name                               Stmts   Miss Branch BrPart  Cover   Missing
2025-12-12T20:44:13.0622668Z ------------------------------------------------------------------------------
2025-12-12T20:44:13.0623051Z src\app\__init__.py                    1      0      0      0   100%
2025-12-12T20:44:13.0623417Z src\app\main.py                        8      2      0      0    75%   25-26
2025-12-12T20:44:13.0623794Z src\app\secure_system.py              45      0      2      0   100%
2025-12-12T20:44:13.0624160Z src\stack\__init__.py                  5      0      0      0   100%
2025-12-12T20:44:13.0624535Z src\stack\config\__init__.py           3      0      0      0   100%
2025-12-12T20:44:13.0624989Z src\stack\config\generators.py        34     25     14      0    19%   27-28, 124-182, 218, 264, 311, 349-357
2025-12-12T20:44:13.0625462Z src\stack\config\models.py            73      2     12      1    96%   235-236
2025-12-12T20:44:13.0625875Z src\stack\security\__init__.py         4      0      0      0   100%
2025-12-12T20:44:13.0626309Z src\stack\security\guards.py          83     25     44      4    66%   100-101, 109-110, 117->125, 119, 250->259, 253, 283-348
2025-12-12T20:44:13.0626761Z src\stack\security\sanitizers.py     104     95     58      0     6%   40-70, 100-152, 177-224, 244-260, 278-297
2025-12-12T20:44:13.0627332Z src\stack\security\validators.py     125     25     54     11    80%   54->56, 56->59, 65-66, 114-116, 160-161, 164-165, 196-198, 209-210, 212->221, 218-219, 251-252, 255-256, 259-260, 285-287
2025-12-12T20:44:13.0627834Z src\stack\utils\__init__.py            4      4      0      0     0%   3-7
2025-12-12T20:44:13.0628185Z src\stack\utils\filesystem.py        113    113     62      0     0%   8-349
2025-12-12T20:44:13.0630835Z src\stack\utils\logging.py            99     99     32      0     0%   8-324
2025-12-12T20:44:13.0631448Z src\stack\utils\subprocess.py         73     73     26      0     0%   8-340
2025-12-12T20:44:13.0631779Z ------------------------------------------------------------------------------
2025-12-12T20:44:13.0632081Z TOTAL                                774    463    304     16    36%
2025-12-12T20:44:13.0632329Z Coverage HTML written to dir htmlcov
2025-12-12T20:44:13.0632576Z Coverage XML written to file coverage.xml
2025-12-12T20:44:13.0632895Z FAIL Required test coverage of 80.0% not reached. Total coverage: 36.46%
2025-12-12T20:44:13.0633223Z =========================== short test summary info ===========================
2025-12-12T20:44:13.0633942Z FAILED tests/test_security_guards.py::TestGuardPathTraversal::test_path_escapes_base_dir - AssertionError: assert 'escapes base directory' in '[path_traversal] Path traversal pattern detected: ~'
2025-12-12T20:44:13.0634842Z  +  where '[path_traversal] Path traversal pattern detected: ~' = str(SecurityError('[path_traversal] Path traversal pattern detected: ~'))
2025-12-12T20:44:13.0635690Z  +    where SecurityError('[path_traversal] Path traversal pattern detected: ~') = <ExceptionInfo SecurityError('[path_traversal] Path traversal pattern detected: ~') tblen=2>.value
2025-12-12T20:44:13.0636313Z ======================== 1 failed, 73 passed in 3.15s =========================
2025-12-12T20:44:13.3836996Z ##[error]Process completed with exit code 1.
2025-12-12T20:44:13.4097434Z Post job cleanup.
2025-12-12T20:44:13.6293159Z [command]"C:\Program Files\Git\bin\git.exe" version
2025-12-12T20:44:13.6583116Z git version 2.52.0.windows.1
2025-12-12T20:44:13.6658033Z Temporarily overriding HOME='D:\a\_temp\19d22ede-fb97-4bfe-8797-c3cb1013d278' before making global git config changes
2025-12-12T20:44:13.6658678Z Adding repository directory to the temporary git global config as a safe directory
2025-12-12T20:44:13.6668747Z [command]"C:\Program Files\Git\bin\git.exe" config --global --add safe.directory D:\a\Stack\Stack
2025-12-12T20:44:13.6986254Z [command]"C:\Program Files\Git\bin\git.exe" config --local --name-only --get-regexp core\.sshCommand
2025-12-12T20:44:13.7300032Z [command]"C:\Program Files\Git\bin\git.exe" submodule foreach --recursive "sh -c \"git config --local --name-only --get-regexp 'core\.sshCommand' && git config --local --unset-all 'core.sshCommand' || :\""
2025-12-12T20:44:14.2606203Z [command]"C:\Program Files\Git\bin\git.exe" config --local --name-only --get-regexp http\.https\:\/\/github\.com\/\.extraheader
2025-12-12T20:44:14.2872866Z http.https://github.com/.extraheader
2025-12-12T20:44:14.2925857Z [command]"C:\Program Files\Git\bin\git.exe" config --local --unset-all http.https://github.com/.extraheader
2025-12-12T20:44:14.3281684Z [command]"C:\Program Files\Git\bin\git.exe" submodule foreach --recursive "sh -c \"git config --local --name-only --get-regexp 'http\.https\:\/\/github\.com\/\.extraheader' && git config --local --unset-all 'http.https://github.com/.extraheader' || :\""
2025-12-12T20:44:14.8955688Z [command]"C:\Program Files\Git\bin\git.exe" config --local --name-only --get-regexp ^includeIf\.gitdir:
2025-12-12T20:44:14.9275528Z [command]"C:\Program Files\Git\bin\git.exe" submodule foreach --recursive "git config --local --show-origin --name-only --get-regexp remote.origin.url"
2025-12-12T20:44:15.4686627Z Cleaning up orphan processes
