2025-12-12T20:43:14.8173194Z Current runner version: '2.329.0'
2025-12-12T20:43:14.8205391Z ##[group]Runner Image Provisioner
2025-12-12T20:43:14.8206473Z Hosted Compute Agent
2025-12-12T20:43:14.8207281Z Version: 20251202.455
2025-12-12T20:43:14.8208434Z Commit: 6c10caca4910e198df60de23adf20ad317c474e3
2025-12-12T20:43:14.8209628Z Build Date: 2025-12-02T15:56:59Z
2025-12-12T20:43:14.8210627Z Worker ID: {3465b019-154b-4fa3-aa46-e96a8188cd69}
2025-12-12T20:43:14.8212162Z ##[endgroup]
2025-12-12T20:43:14.8213010Z ##[group]Operating System
2025-12-12T20:43:14.8213981Z Ubuntu
2025-12-12T20:43:14.8214812Z 24.04.3
2025-12-12T20:43:14.8215660Z LTS
2025-12-12T20:43:14.8216367Z ##[endgroup]
2025-12-12T20:43:14.8217335Z ##[group]Runner Image
2025-12-12T20:43:14.8218306Z Image: ubuntu-24.04
2025-12-12T20:43:14.8219119Z Version: 20251208.163.1
2025-12-12T20:43:14.8221208Z Included Software: https://github.com/actions/runner-images/blob/ubuntu24/20251208.163/images/ubuntu/Ubuntu2404-Readme.md
2025-12-12T20:43:14.8223874Z Image Release: https://github.com/actions/runner-images/releases/tag/ubuntu24%2F20251208.163
2025-12-12T20:43:14.8225752Z ##[endgroup]
2025-12-12T20:43:14.8227457Z ##[group]GITHUB_TOKEN Permissions
2025-12-12T20:43:14.8230077Z Contents: read
2025-12-12T20:43:14.8231215Z Metadata: read
2025-12-12T20:43:14.8232037Z Packages: read
2025-12-12T20:43:14.8233080Z ##[endgroup]
2025-12-12T20:43:14.8235867Z Secret source: Actions
2025-12-12T20:43:14.8237309Z Prepare workflow directory
2025-12-12T20:43:14.8769845Z Prepare all required actions
2025-12-12T20:43:14.8825519Z Getting action download info
2025-12-12T20:43:15.2207227Z Download action repository 'actions/checkout@v4' (SHA:34e114876b0b11c390a56381ad16ebd13914f8d5)
2025-12-12T20:43:15.5004032Z Download action repository 'actions/setup-python@v5' (SHA:a26af69be951a213d495a4c3e4e4022e16d87065)
2025-12-12T20:43:15.6236230Z Download action repository 'actions/cache@v4' (SHA:0057852bfaa89a56745cba8c7296529d2fc39830)
2025-12-12T20:43:15.7971869Z Download action repository 'codecov/codecov-action@v4' (SHA:b9fd7d16f6d7d1b5d2bec1a2887e65ceed900238)
2025-12-12T20:43:16.1402661Z Complete job name: Test Python 3.12 on ubuntu-latest
2025-12-12T20:43:16.2112554Z ##[group]Run actions/checkout@v4
2025-12-12T20:43:16.2113807Z with:
2025-12-12T20:43:16.2114480Z   repository: gabrielima7/Stack
2025-12-12T20:43:16.2115713Z   token: ***
2025-12-12T20:43:16.2116387Z   ssh-strict: true
2025-12-12T20:43:16.2117074Z   ssh-user: git
2025-12-12T20:43:16.2117762Z   persist-credentials: true
2025-12-12T20:43:16.2118539Z   clean: true
2025-12-12T20:43:16.2119231Z   sparse-checkout-cone-mode: true
2025-12-12T20:43:16.2120087Z   fetch-depth: 1
2025-12-12T20:43:16.2121020Z   fetch-tags: false
2025-12-12T20:43:16.2121763Z   show-progress: true
2025-12-12T20:43:16.2122471Z   lfs: false
2025-12-12T20:43:16.2123123Z   submodules: false
2025-12-12T20:43:16.2123830Z   set-safe-directory: true
2025-12-12T20:43:16.2124877Z env:
2025-12-12T20:43:16.2125570Z   PYTHON_VERSION_DEFAULT: 3.11
2025-12-12T20:43:16.2126353Z ##[endgroup]
2025-12-12T20:43:16.3176944Z Syncing repository: gabrielima7/Stack
2025-12-12T20:43:16.3179310Z ##[group]Getting Git version info
2025-12-12T20:43:16.3180494Z Working directory is '/home/runner/work/Stack/Stack'
2025-12-12T20:43:16.3182342Z [command]/usr/bin/git version
2025-12-12T20:43:16.3251919Z git version 2.52.0
2025-12-12T20:43:16.3277530Z ##[endgroup]
2025-12-12T20:43:16.3298345Z Temporarily overriding HOME='/home/runner/work/_temp/2ae80621-f6b6-4fca-9cd5-3cd8e9589cd3' before making global git config changes
2025-12-12T20:43:16.3301750Z Adding repository directory to the temporary git global config as a safe directory
2025-12-12T20:43:16.3304713Z [command]/usr/bin/git config --global --add safe.directory /home/runner/work/Stack/Stack
2025-12-12T20:43:16.3339765Z Deleting the contents of '/home/runner/work/Stack/Stack'
2025-12-12T20:43:16.3343649Z ##[group]Initializing the repository
2025-12-12T20:43:16.3347082Z [command]/usr/bin/git init /home/runner/work/Stack/Stack
2025-12-12T20:43:16.3455553Z hint: Using 'master' as the name for the initial branch. This default branch name
2025-12-12T20:43:16.3458355Z hint: will change to "main" in Git 3.0. To configure the initial branch name
2025-12-12T20:43:16.3460560Z hint: to use in all of your new repositories, which will suppress this warning,
2025-12-12T20:43:16.3461949Z hint: call:
2025-12-12T20:43:16.3462557Z hint:
2025-12-12T20:43:16.3463359Z hint: 	git config --global init.defaultBranch <name>
2025-12-12T20:43:16.3464546Z hint:
2025-12-12T20:43:16.3465594Z hint: Names commonly chosen instead of 'master' are 'main', 'trunk' and
2025-12-12T20:43:16.3467201Z hint: 'development'. The just-created branch can be renamed via this command:
2025-12-12T20:43:16.3468434Z hint:
2025-12-12T20:43:16.3469123Z hint: 	git branch -m <name>
2025-12-12T20:43:16.3470370Z hint:
2025-12-12T20:43:16.3471737Z hint: Disable this message with "git config set advice.defaultBranchName false"
2025-12-12T20:43:16.3473396Z Initialized empty Git repository in /home/runner/work/Stack/Stack/.git/
2025-12-12T20:43:16.3476032Z [command]/usr/bin/git remote add origin https://github.com/gabrielima7/Stack
2025-12-12T20:43:16.3506287Z ##[endgroup]
2025-12-12T20:43:16.3507502Z ##[group]Disabling automatic garbage collection
2025-12-12T20:43:16.3509923Z [command]/usr/bin/git config --local gc.auto 0
2025-12-12T20:43:16.3537570Z ##[endgroup]
2025-12-12T20:43:16.3538694Z ##[group]Setting up auth
2025-12-12T20:43:16.3543900Z [command]/usr/bin/git config --local --name-only --get-regexp core\.sshCommand
2025-12-12T20:43:16.3572628Z [command]/usr/bin/git submodule foreach --recursive sh -c "git config --local --name-only --get-regexp 'core\.sshCommand' && git config --local --unset-all 'core.sshCommand' || :"
2025-12-12T20:43:16.3918085Z [command]/usr/bin/git config --local --name-only --get-regexp http\.https\:\/\/github\.com\/\.extraheader
2025-12-12T20:43:16.3953332Z [command]/usr/bin/git submodule foreach --recursive sh -c "git config --local --name-only --get-regexp 'http\.https\:\/\/github\.com\/\.extraheader' && git config --local --unset-all 'http.https://github.com/.extraheader' || :"
2025-12-12T20:43:16.4168306Z [command]/usr/bin/git config --local --name-only --get-regexp ^includeIf\.gitdir:
2025-12-12T20:43:16.4198192Z [command]/usr/bin/git submodule foreach --recursive git config --local --show-origin --name-only --get-regexp remote.origin.url
2025-12-12T20:43:16.4415840Z [command]/usr/bin/git config --local http.https://github.com/.extraheader AUTHORIZATION: basic ***
2025-12-12T20:43:16.4447972Z ##[endgroup]
2025-12-12T20:43:16.4455918Z ##[group]Fetching the repository
2025-12-12T20:43:16.4458288Z [command]/usr/bin/git -c protocol.version=2 fetch --no-tags --prune --no-recurse-submodules --depth=1 origin +66608d266f8835005cdc5ce8e255cf8beab12bfe:refs/remotes/origin/main
2025-12-12T20:43:16.6349199Z From https://github.com/gabrielima7/Stack
2025-12-12T20:43:16.6351551Z  * [new ref]         66608d266f8835005cdc5ce8e255cf8beab12bfe -> origin/main
2025-12-12T20:43:16.6381169Z ##[endgroup]
2025-12-12T20:43:16.6382427Z ##[group]Determining the checkout info
2025-12-12T20:43:16.6384162Z ##[endgroup]
2025-12-12T20:43:16.6389982Z [command]/usr/bin/git sparse-checkout disable
2025-12-12T20:43:16.6431065Z [command]/usr/bin/git config --local --unset-all extensions.worktreeConfig
2025-12-12T20:43:16.6457671Z ##[group]Checking out the ref
2025-12-12T20:43:16.6461499Z [command]/usr/bin/git checkout --progress --force -B main refs/remotes/origin/main
2025-12-12T20:43:16.6571450Z Switched to a new branch 'main'
2025-12-12T20:43:16.6574005Z branch 'main' set up to track 'origin/main'.
2025-12-12T20:43:16.6581753Z ##[endgroup]
2025-12-12T20:43:16.6613254Z [command]/usr/bin/git log -1 --format=%H
2025-12-12T20:43:16.6633805Z 66608d266f8835005cdc5ce8e255cf8beab12bfe
2025-12-12T20:43:16.6892270Z ##[group]Run actions/setup-python@v5
2025-12-12T20:43:16.6893151Z with:
2025-12-12T20:43:16.6893764Z   python-version: 3.12
2025-12-12T20:43:16.6894472Z   check-latest: false
2025-12-12T20:43:16.6895385Z   token: ***
2025-12-12T20:43:16.6896242Z   update-environment: true
2025-12-12T20:43:16.6897028Z   allow-prereleases: false
2025-12-12T20:43:16.6897790Z   freethreaded: false
2025-12-12T20:43:16.6898451Z env:
2025-12-12T20:43:16.6899061Z   PYTHON_VERSION_DEFAULT: 3.11
2025-12-12T20:43:16.6899821Z ##[endgroup]
2025-12-12T20:43:16.8657597Z ##[group]Installed versions
2025-12-12T20:43:16.9140542Z Successfully set up CPython (3.12.12)
2025-12-12T20:43:16.9143195Z ##[endgroup]
2025-12-12T20:43:16.9269619Z ##[group]Run pipx install poetry
2025-12-12T20:43:16.9270566Z [36;1mpipx install poetry[0m
2025-12-12T20:43:16.9316163Z shell: /usr/bin/bash -e {0}
2025-12-12T20:43:16.9316944Z env:
2025-12-12T20:43:16.9317569Z   PYTHON_VERSION_DEFAULT: 3.11
2025-12-12T20:43:16.9318894Z   pythonLocation: /opt/hostedtoolcache/Python/3.12.12/x64
2025-12-12T20:43:16.9320500Z   PKG_CONFIG_PATH: /opt/hostedtoolcache/Python/3.12.12/x64/lib/pkgconfig
2025-12-12T20:43:16.9322080Z   Python_ROOT_DIR: /opt/hostedtoolcache/Python/3.12.12/x64
2025-12-12T20:43:16.9323280Z   Python2_ROOT_DIR: /opt/hostedtoolcache/Python/3.12.12/x64
2025-12-12T20:43:16.9324500Z   Python3_ROOT_DIR: /opt/hostedtoolcache/Python/3.12.12/x64
2025-12-12T20:43:16.9325710Z   LD_LIBRARY_PATH: /opt/hostedtoolcache/Python/3.12.12/x64/lib
2025-12-12T20:43:16.9326741Z ##[endgroup]
2025-12-12T20:43:17.3179317Z creating virtual environment...
2025-12-12T20:43:17.5366830Z installing poetry...
2025-12-12T20:43:27.1533438Z done! ✨ 🌟 ✨
2025-12-12T20:43:27.1534579Z   installed package poetry 2.2.1, installed using Python 3.12.3
2025-12-12T20:43:27.1535441Z   These apps are now globally available
2025-12-12T20:43:27.1536051Z     - poetry
2025-12-12T20:43:27.1747229Z ##[group]Run poetry config virtualenvs.in-project true
2025-12-12T20:43:27.1747713Z [36;1mpoetry config virtualenvs.in-project true[0m
2025-12-12T20:43:27.1783356Z shell: /usr/bin/bash -e {0}
2025-12-12T20:43:27.1783645Z env:
2025-12-12T20:43:27.1783868Z   PYTHON_VERSION_DEFAULT: 3.11
2025-12-12T20:43:27.1784213Z   pythonLocation: /opt/hostedtoolcache/Python/3.12.12/x64
2025-12-12T20:43:27.1784736Z   PKG_CONFIG_PATH: /opt/hostedtoolcache/Python/3.12.12/x64/lib/pkgconfig
2025-12-12T20:43:27.1785163Z   Python_ROOT_DIR: /opt/hostedtoolcache/Python/3.12.12/x64
2025-12-12T20:43:27.1785560Z   Python2_ROOT_DIR: /opt/hostedtoolcache/Python/3.12.12/x64
2025-12-12T20:43:27.1785958Z   Python3_ROOT_DIR: /opt/hostedtoolcache/Python/3.12.12/x64
2025-12-12T20:43:27.1786360Z   LD_LIBRARY_PATH: /opt/hostedtoolcache/Python/3.12.12/x64/lib
2025-12-12T20:43:27.1786701Z ##[endgroup]
2025-12-12T20:43:27.8747304Z ##[group]Run actions/cache@v4
2025-12-12T20:43:27.8747585Z with:
2025-12-12T20:43:27.8747760Z   path: .venv
2025-12-12T20:43:27.8748144Z   key: Linux-poetry-3.12-dddbcec77aace8ea46b8e4dc49af4adbf8a33d76eb561e7fb5c3f00a438f980a
2025-12-12T20:43:27.8748611Z   restore-keys: Linux-poetry-3.12-

2025-12-12T20:43:27.8748874Z   enableCrossOsArchive: false
2025-12-12T20:43:27.8749109Z   fail-on-cache-miss: false
2025-12-12T20:43:27.8749328Z   lookup-only: false
2025-12-12T20:43:27.8749533Z   save-always: false
2025-12-12T20:43:27.8749713Z env:
2025-12-12T20:43:27.8749889Z   PYTHON_VERSION_DEFAULT: 3.11
2025-12-12T20:43:27.8750168Z   pythonLocation: /opt/hostedtoolcache/Python/3.12.12/x64
2025-12-12T20:43:27.8750564Z   PKG_CONFIG_PATH: /opt/hostedtoolcache/Python/3.12.12/x64/lib/pkgconfig
2025-12-12T20:43:27.8751318Z   Python_ROOT_DIR: /opt/hostedtoolcache/Python/3.12.12/x64
2025-12-12T20:43:27.8751700Z   Python2_ROOT_DIR: /opt/hostedtoolcache/Python/3.12.12/x64
2025-12-12T20:43:27.8752072Z   Python3_ROOT_DIR: /opt/hostedtoolcache/Python/3.12.12/x64
2025-12-12T20:43:27.8752450Z   LD_LIBRARY_PATH: /opt/hostedtoolcache/Python/3.12.12/x64/lib
2025-12-12T20:43:27.8752741Z ##[endgroup]
2025-12-12T20:43:28.1172576Z Cache not found for input keys: Linux-poetry-3.12-dddbcec77aace8ea46b8e4dc49af4adbf8a33d76eb561e7fb5c3f00a438f980a, Linux-poetry-3.12-
2025-12-12T20:43:28.1243192Z ##[group]Run poetry install --with dev
2025-12-12T20:43:28.1243500Z [36;1mpoetry install --with dev[0m
2025-12-12T20:43:28.1276957Z shell: /usr/bin/bash -e {0}
2025-12-12T20:43:28.1277187Z env:
2025-12-12T20:43:28.1277363Z   PYTHON_VERSION_DEFAULT: 3.11
2025-12-12T20:43:28.1277785Z   pythonLocation: /opt/hostedtoolcache/Python/3.12.12/x64
2025-12-12T20:43:28.1278192Z   PKG_CONFIG_PATH: /opt/hostedtoolcache/Python/3.12.12/x64/lib/pkgconfig
2025-12-12T20:43:28.1278582Z   Python_ROOT_DIR: /opt/hostedtoolcache/Python/3.12.12/x64
2025-12-12T20:43:28.1278929Z   Python2_ROOT_DIR: /opt/hostedtoolcache/Python/3.12.12/x64
2025-12-12T20:43:28.1279258Z   Python3_ROOT_DIR: /opt/hostedtoolcache/Python/3.12.12/x64
2025-12-12T20:43:28.1279595Z   LD_LIBRARY_PATH: /opt/hostedtoolcache/Python/3.12.12/x64/lib
2025-12-12T20:43:28.1279870Z ##[endgroup]
2025-12-12T20:43:28.9826189Z Creating virtualenv stack in /home/runner/work/Stack/Stack/.venv
2025-12-12T20:43:29.8841140Z Installing dependencies from lock file
2025-12-12T20:43:30.0234432Z 
2025-12-12T20:43:30.0238861Z Package operations: 75 installs, 0 updates, 0 removals
2025-12-12T20:43:30.0239182Z 
2025-12-12T20:43:30.0239294Z   - Installing mdurl (0.1.2)
2025-12-12T20:43:30.0244914Z   - Installing pycparser (2.23)
2025-12-12T20:43:30.0264609Z   - Installing typing-extensions (4.15.0)
2025-12-12T20:43:30.2007619Z   - Installing annotated-types (0.7.0)
2025-12-12T20:43:30.2014306Z   - Installing certifi (2025.11.12)
2025-12-12T20:43:30.2018728Z   - Installing cffi (2.0.0)
2025-12-12T20:43:30.2026853Z   - Installing h11 (0.16.0)
2025-12-12T20:43:30.2036324Z   - Installing idna (3.11)
2025-12-12T20:43:30.2045589Z   - Installing markdown-it-py (4.0.0)
2025-12-12T20:43:30.2051135Z   - Installing packaging (25.0)
2025-12-12T20:43:30.2075417Z   - Installing pydantic-core (2.41.5)
2025-12-12T20:43:30.2709955Z   - Installing pygments (2.19.2)
2025-12-12T20:43:30.2731911Z   - Installing ruamel-yaml-clib (0.2.14)
2025-12-12T20:43:30.4004631Z   - Installing typing-inspection (0.4.2)
2025-12-12T20:43:30.5820300Z   - Installing anyio (4.12.0)
2025-12-12T20:43:30.5825598Z   - Installing charset-normalizer (3.4.4)
2025-12-12T20:43:30.5836502Z   - Installing click (8.1.8)
2025-12-12T20:43:30.5842144Z   - Installing cryptography (46.0.3)
2025-12-12T20:43:30.5851290Z   - Installing distlib (0.4.0)
2025-12-12T20:43:30.5862365Z   - Installing dparse (0.6.4)
2025-12-12T20:43:30.5868641Z   - Installing filelock (3.20.0)
2025-12-12T20:43:30.5873048Z   - Installing httpcore (1.0.9)
2025-12-12T20:43:30.6651761Z   - Installing iniconfig (2.3.0)
2025-12-12T20:43:30.6669645Z   - Installing joblib (1.5.2)
2025-12-12T20:43:30.6927954Z   - Installing markupsafe (3.0.3)
2025-12-12T20:43:30.7224134Z   - Installing platformdirs (4.5.1)
2025-12-12T20:43:30.7435056Z   - Installing pluggy (1.6.0)
2025-12-12T20:43:30.7759796Z   - Installing pydantic (2.12.5)
2025-12-12T20:43:30.7980144Z   - Installing regex (2025.11.3)
2025-12-12T20:43:30.8123883Z   - Installing rich (13.5.3)
2025-12-12T20:43:30.8378058Z   - Installing ruamel-yaml (0.18.16)
2025-12-12T20:43:30.8407087Z   - Installing shellingham (1.5.4)
2025-12-12T20:43:30.8490887Z   - Installing tqdm (4.67.1)
2025-12-12T20:43:30.9155017Z   - Installing urllib3 (2.6.2)
2025-12-12T20:43:31.1945389Z   - Installing attrs (25.4.0)
2025-12-12T20:43:31.1951255Z   - Installing authlib (1.6.6)
2025-12-12T20:43:31.1955647Z   - Installing cfgv (3.5.0)
2025-12-12T20:43:31.1971140Z   - Installing colorama (0.4.6)
2025-12-12T20:43:31.1977053Z   - Installing coverage (7.13.0)
2025-12-12T20:43:31.1989922Z   - Installing dnspython (2.8.0)
2025-12-12T20:43:31.1995035Z   - Installing execnet (2.1.2)
2025-12-12T20:43:31.2005010Z   - Installing httpx (0.28.1)
2025-12-12T20:43:31.2667953Z   - Installing identify (2.6.15)
2025-12-12T20:43:31.3003214Z   - Installing jinja2 (3.1.6)
2025-12-12T20:43:31.3037944Z   - Installing librt (0.7.3)
2025-12-12T20:43:31.3597035Z   - Installing marshmallow (4.1.1)
2025-12-12T20:43:31.3675374Z   - Installing mypy-extensions (1.1.0)
2025-12-12T20:43:31.3948110Z   - Installing nltk (3.9.2)
2025-12-12T20:43:31.4359525Z   - Installing nodeenv (1.9.1)
2025-12-12T20:43:31.4455974Z   - Installing pathspec (0.12.1)
2025-12-12T20:43:31.4580866Z   - Installing py (1.11.0)
2025-12-12T20:43:31.4602380Z   - Installing pytest (9.0.2)
2025-12-12T20:43:31.4932082Z   - Installing pyyaml (6.0.3)
2025-12-12T20:43:31.5053023Z   - Installing requests (2.32.5)
2025-12-12T20:43:31.5426288Z   - Installing safety-schemas (0.0.16)
2025-12-12T20:43:31.6351585Z   - Installing sortedcontainers (2.4.0)
2025-12-12T20:43:31.6593718Z   - Installing stevedore (5.6.0)
2025-12-12T20:43:31.6918216Z   - Installing tabulate (0.9.0)
2025-12-12T20:43:31.7037417Z   - Installing tenacity (9.1.2)
2025-12-12T20:43:31.7179669Z   - Installing tomlkit (0.13.3)
2025-12-12T20:43:31.7673722Z   - Installing typer (0.20.0)
2025-12-12T20:43:31.7730061Z   - Installing virtualenv (20.35.4)
2025-12-12T20:43:32.0000863Z   - Installing bandit (1.9.2)
2025-12-12T20:43:32.0003416Z   - Installing email-validator (2.3.0)
2025-12-12T20:43:32.0014460Z   - Installing hypothesis (6.148.7)
2025-12-12T20:43:32.0019852Z   - Installing interrogate (1.7.0)
2025-12-12T20:43:32.0030579Z   - Installing mypy (1.19.0)
2025-12-12T20:43:32.0038490Z   - Installing orjson (3.11.5)
2025-12-12T20:43:32.0050569Z   - Installing pre-commit (4.5.0)
2025-12-12T20:43:32.0051611Z   - Installing pytest-cov (7.0.0)
2025-12-12T20:43:32.1072219Z   - Installing pytest-timeout (2.4.0)
2025-12-12T20:43:32.1130371Z   - Installing pytest-xdist (3.8.0)
2025-12-12T20:43:32.1424089Z   - Installing ruff (0.14.9)
2025-12-12T20:43:32.1446587Z   - Installing safety (3.7.0)
2025-12-12T20:43:32.1744476Z   - Installing vulture (2.14)
2025-12-12T20:43:33.0783105Z 
2025-12-12T20:43:33.0783577Z Installing the current project: stack (2.0.0)
2025-12-12T20:43:33.1630883Z ##[group]Run poetry run pytest tests/ -v --cov=src --cov-report=xml --cov-report=term --timeout=60
2025-12-12T20:43:33.1631596Z [36;1mpoetry run pytest tests/ -v --cov=src --cov-report=xml --cov-report=term --timeout=60[0m
2025-12-12T20:43:33.1664321Z shell: /usr/bin/bash -e {0}
2025-12-12T20:43:33.1664543Z env:
2025-12-12T20:43:33.1664729Z   PYTHON_VERSION_DEFAULT: 3.11
2025-12-12T20:43:33.1665024Z   pythonLocation: /opt/hostedtoolcache/Python/3.12.12/x64
2025-12-12T20:43:33.1665413Z   PKG_CONFIG_PATH: /opt/hostedtoolcache/Python/3.12.12/x64/lib/pkgconfig
2025-12-12T20:43:33.1665806Z   Python_ROOT_DIR: /opt/hostedtoolcache/Python/3.12.12/x64
2025-12-12T20:43:33.1666152Z   Python2_ROOT_DIR: /opt/hostedtoolcache/Python/3.12.12/x64
2025-12-12T20:43:33.1666482Z   Python3_ROOT_DIR: /opt/hostedtoolcache/Python/3.12.12/x64
2025-12-12T20:43:33.1666820Z   LD_LIBRARY_PATH: /opt/hostedtoolcache/Python/3.12.12/x64/lib
2025-12-12T20:43:33.1667094Z ##[endgroup]
2025-12-12T20:43:36.9809717Z ============================= test session starts ==============================
2025-12-12T20:43:36.9810434Z platform linux -- Python 3.12.12, pytest-9.0.2, pluggy-1.6.0 -- /home/runner/work/Stack/Stack/.venv/bin/python
2025-12-12T20:43:36.9811399Z cachedir: .pytest_cache
2025-12-12T20:43:36.9812069Z hypothesis profile 'ci' -> database=None, deadline=None, print_blob=True, derandomize=True, suppress_health_check=(HealthCheck.too_slow,)
2025-12-12T20:43:36.9812807Z rootdir: /home/runner/work/Stack/Stack
2025-12-12T20:43:36.9813140Z configfile: pyproject.toml
2025-12-12T20:43:36.9813571Z plugins: hypothesis-6.148.7, timeout-2.4.0, anyio-4.12.0, cov-7.0.0, xdist-3.8.0
2025-12-12T20:43:36.9814036Z timeout: 60.0s
2025-12-12T20:43:36.9814258Z timeout method: signal
2025-12-12T20:43:36.9814509Z timeout func_only: False
2025-12-12T20:43:37.8028200Z collecting ... collected 74 items
2025-12-12T20:43:37.8028547Z 
2025-12-12T20:43:37.8055839Z tests/test_config_models.py::TestSecurityConfig::test_default_values PASSED [  1%]
2025-12-12T20:43:37.8071119Z tests/test_config_models.py::TestSecurityConfig::test_paranoid_level PASSED [  2%]
2025-12-12T20:43:37.8088341Z tests/test_config_models.py::TestSecurityConfig::test_frozen_config PASSED [  4%]
2025-12-12T20:43:37.8102117Z tests/test_config_models.py::TestSecurityConfig::test_extra_fields_forbidden PASSED [  5%]
2025-12-12T20:43:37.8115658Z tests/test_config_models.py::TestDependencyConfig::test_default_values PASSED [  6%]
2025-12-12T20:43:37.8136681Z tests/test_config_models.py::TestDependencyConfig::test_custom_dependencies PASSED [  8%]
2025-12-12T20:43:37.8147831Z tests/test_config_models.py::TestLoggingConfig::test_default_values PASSED [  9%]
2025-12-12T20:43:37.8163766Z tests/test_config_models.py::TestLoggingConfig::test_valid_levels PASSED [ 10%]
2025-12-12T20:43:37.8177831Z tests/test_config_models.py::TestLoggingConfig::test_invalid_level_rejected PASSED [ 12%]
2025-12-12T20:43:37.8203509Z tests/test_config_models.py::TestStackConfig::test_default_values PASSED [ 13%]
2025-12-12T20:43:37.8219701Z tests/test_config_models.py::TestStackConfig::test_valid_project_name PASSED [ 14%]
2025-12-12T20:43:37.8241808Z tests/test_config_models.py::TestStackConfig::test_invalid_project_name_rejected PASSED [ 16%]
2025-12-12T20:43:37.8257575Z tests/test_config_models.py::TestStackConfig::test_valid_python_version PASSED [ 17%]
2025-12-12T20:43:37.8274070Z tests/test_config_models.py::TestStackConfig::test_invalid_python_version_rejected PASSED [ 18%]
2025-12-12T20:43:37.8500291Z tests/test_config_models.py::TestStackConfig::test_path_traversal_rejected PASSED [ 20%]
2025-12-12T20:43:37.8528200Z tests/test_config_models.py::TestStackConfig::test_paranoid_requires_all_tools PASSED [ 21%]
2025-12-12T20:43:37.8542461Z tests/test_config_models.py::TestStackConfig::test_to_target_version PASSED [ 22%]
2025-12-12T20:43:37.8558891Z tests/test_config_models.py::TestStackConfig::test_nested_configs PASSED [ 24%]
2025-12-12T20:43:37.8571852Z tests/test_example.py::test_greet PASSED                                 [ 25%]
2025-12-12T20:43:37.8586275Z tests/test_example.py::test_greet_empty PASSED                           [ 27%]
2025-12-12T20:43:37.9524258Z tests/test_secure_system.py::test_create_user_success PASSED             [ 28%]
2025-12-12T20:43:37.9538136Z tests/test_secure_system.py::test_create_user_invalid_email PASSED       [ 29%]
2025-12-12T20:43:37.9553685Z tests/test_secure_system.py::test_create_user_invalid_username PASSED    [ 31%]
2025-12-12T20:43:37.9573727Z tests/test_secure_system.py::test_get_non_existent_user PASSED           [ 32%]
2025-12-12T20:43:37.9596981Z tests/test_security_guards.py::TestGuardPathTraversal::test_safe_path_passes PASSED [ 33%]
2025-12-12T20:43:37.9621177Z tests/test_security_guards.py::TestGuardPathTraversal::test_relative_path_within_base PASSED [ 35%]
2025-12-12T20:43:37.9641329Z tests/test_security_guards.py::TestGuardPathTraversal::test_path_traversal_blocked PASSED [ 36%]
2025-12-12T20:43:37.9661133Z tests/test_security_guards.py::TestGuardPathTraversal::test_double_dot_blocked PASSED [ 37%]
2025-12-12T20:43:37.9681065Z tests/test_security_guards.py::TestGuardPathTraversal::test_url_encoded_traversal_blocked PASSED [ 39%]
2025-12-12T20:43:37.9706087Z tests/test_security_guards.py::TestGuardPathTraversal::test_path_escapes_base_dir PASSED [ 40%]
2025-12-12T20:43:37.9721329Z tests/test_security_guards.py::TestGuardCommandInjection::test_safe_command_passes PASSED [ 41%]
2025-12-12T20:43:37.9734579Z tests/test_security_guards.py::TestGuardCommandInjection::test_empty_command_blocked PASSED [ 43%]
2025-12-12T20:43:37.9747481Z tests/test_security_guards.py::TestGuardCommandInjection::test_semicolon_blocked PASSED [ 44%]
2025-12-12T20:43:37.9760169Z tests/test_security_guards.py::TestGuardCommandInjection::test_pipe_blocked PASSED [ 45%]
2025-12-12T20:43:37.9773645Z tests/test_security_guards.py::TestGuardCommandInjection::test_backtick_blocked PASSED [ 47%]
2025-12-12T20:43:37.9786465Z tests/test_security_guards.py::TestGuardCommandInjection::test_dollar_expansion_blocked PASSED [ 48%]
2025-12-12T20:43:37.9799447Z tests/test_security_guards.py::TestGuardCommandInjection::test_allowed_commands_whitelist PASSED [ 50%]
2025-12-12T20:43:37.9812910Z tests/test_security_guards.py::TestGuardCommandInjection::test_command_not_in_whitelist_blocked PASSED [ 51%]
2025-12-12T20:43:37.9826016Z tests/test_security_guards.py::TestGuardFileExtension::test_safe_extension_passes PASSED [ 52%]
2025-12-12T20:43:37.9845230Z tests/test_security_guards.py::TestGuardFileExtension::test_dangerous_extension_blocked PASSED [ 54%]
2025-12-12T20:43:37.9858528Z tests/test_security_guards.py::TestGuardFileExtension::test_custom_denied_extensions PASSED [ 55%]
2025-12-12T20:43:37.9873810Z tests/test_security_guards.py::TestGuardFileExtension::test_extension_with_dot PASSED [ 56%]
2025-12-12T20:43:37.9891837Z tests/test_security_validators.py::TestValidateProjectName::test_valid_project_name PASSED [ 58%]
2025-12-12T20:43:37.9912169Z tests/test_security_validators.py::TestValidateProjectName::test_empty_name_rejected PASSED [ 59%]
2025-12-12T20:43:37.9935568Z tests/test_security_validators.py::TestValidateProjectName::test_name_must_start_with_letter PASSED [ 60%]
2025-12-12T20:43:37.9953906Z tests/test_security_validators.py::TestValidateProjectName::test_reserved_names_rejected PASSED [ 62%]
2025-12-12T20:43:37.9976341Z tests/test_security_validators.py::TestValidateProjectName::test_max_length_enforced PASSED [ 63%]
2025-12-12T20:43:37.9989443Z tests/test_security_validators.py::TestValidatePythonVersion::test_valid_versions PASSED [ 64%]
2025-12-12T20:43:38.0012750Z tests/test_security_validators.py::TestValidatePythonVersion::test_invalid_format_rejected PASSED [ 66%]
2025-12-12T20:43:38.0039225Z tests/test_security_validators.py::TestValidatePythonVersion::test_unsupported_version_rejected PASSED [ 67%]
2025-12-12T20:43:38.0072349Z tests/test_security_validators.py::TestValidateEmail::test_valid_emails PASSED [ 68%]
2025-12-12T20:43:38.0094031Z tests/test_security_validators.py::TestValidateEmail::test_empty_email_rejected PASSED [ 70%]
2025-12-12T20:43:38.0125416Z tests/test_security_validators.py::TestValidateEmail::test_invalid_format_rejected PASSED [ 71%]
2025-12-12T20:43:38.0139673Z tests/test_security_validators.py::TestValidateUrl::test_valid_urls PASSED [ 72%]
2025-12-12T20:43:38.0153137Z tests/test_security_validators.py::TestValidateUrl::test_empty_url_rejected PASSED [ 74%]
2025-12-12T20:43:38.0174671Z tests/test_security_validators.py::TestValidateUrl::test_missing_scheme_rejected PASSED [ 75%]
2025-12-12T20:43:38.0193378Z tests/test_security_validators.py::TestValidateUrl::test_invalid_scheme_rejected PASSED [ 77%]
2025-12-12T20:43:38.0206712Z tests/test_security_validators.py::TestValidateIpAddress::test_valid_ipv4 PASSED [ 78%]
2025-12-12T20:43:38.0220512Z tests/test_security_validators.py::TestValidateIpAddress::test_valid_ipv6 PASSED [ 79%]
2025-12-12T20:43:38.0242759Z tests/test_security_validators.py::TestValidateIpAddress::test_invalid_ip_rejected PASSED [ 81%]
2025-12-12T20:43:38.0256372Z tests/test_security_validators.py::TestValidatePort::test_valid_ports PASSED [ 82%]
2025-12-12T20:43:38.0277195Z tests/test_security_validators.py::TestValidatePort::test_invalid_port_rejected PASSED [ 83%]
2025-12-12T20:43:38.0297495Z tests/test_security_validators.py::TestValidatePort::test_privileged_ports_blocked PASSED [ 85%]
2025-12-12T20:43:38.0328423Z tests/test_security_validators.py::TestValidateSemver::test_valid_semver PASSED [ 86%]
2025-12-12T20:43:38.0354457Z tests/test_security_validators.py::TestValidateSemver::test_invalid_semver_rejected PASSED [ 87%]
2025-12-12T20:43:38.0590409Z tests/test_stack_script.py::test_dry_run_does_not_create_files PASSED    [ 89%]
2025-12-12T20:43:38.0698655Z tests/test_stack_script.py::test_safe_write_creates_backup PASSED        [ 90%]
2025-12-12T20:43:38.0804845Z tests/test_stack_script.py::test_force_mode_overwrites_without_backup PASSED [ 91%]
2025-12-12T20:43:38.0985340Z tests/test_stack_script.py::test_idempotency_for_pyproject_toml PASSED   [ 93%]
2025-12-12T20:43:38.1089006Z tests/test_stack_script.py::test_git_initialization PASSED               [ 94%]
2025-12-12T20:43:38.1195443Z tests/test_stack_script.py::test_project_structure_creation PASSED       [ 95%]
2025-12-12T20:43:38.1300930Z tests/test_stack_script.py::test_optional_dependencies_flag PASSED       [ 97%]
2025-12-12T20:43:38.1414788Z tests/test_stack_script.py::test_install_runtime_deps_flag PASSED        [ 98%]
2025-12-12T20:43:38.7421194Z tests/test_stack_script.py::test_python_version_detection PASSED         [100%]
2025-12-12T20:43:38.7422299Z ERROR: Coverage failure: total of 37 is less than fail-under=80
2025-12-12T20:43:38.7422683Z 
2025-12-12T20:43:38.7422690Z 
2025-12-12T20:43:38.7422870Z ================================ tests coverage ================================
2025-12-12T20:43:38.7423468Z _______________ coverage: platform linux, python 3.12.12-final-0 _______________
2025-12-12T20:43:38.7423881Z 
2025-12-12T20:43:38.7424116Z Name                               Stmts   Miss Branch BrPart  Cover   Missing
2025-12-12T20:43:38.7424652Z ------------------------------------------------------------------------------
2025-12-12T20:43:38.7425220Z src/app/__init__.py                    1      0      0      0   100%
2025-12-12T20:43:38.7425757Z src/app/main.py                        8      2      0      0    75%   25-26
2025-12-12T20:43:38.7426346Z src/app/secure_system.py              45      0      2      0   100%
2025-12-12T20:43:38.7426910Z src/stack/__init__.py                  5      0      0      0   100%
2025-12-12T20:43:38.7427466Z src/stack/config/__init__.py           3      0      0      0   100%
2025-12-12T20:43:38.7428186Z src/stack/config/generators.py        34     25     14      0    19%   27-28, 124-182, 218, 264, 311, 349-357
2025-12-12T20:43:38.7428947Z src/stack/config/models.py            73      2     12      1    96%   235-236
2025-12-12T20:43:38.7429589Z src/stack/security/__init__.py         4      0      0      0   100%
2025-12-12T20:43:38.7430617Z src/stack/security/guards.py          83     23     44      4    68%   100-101, 117->125, 119, 250->259, 253, 283-348
2025-12-12T20:43:38.7431659Z src/stack/security/sanitizers.py     104     95     58      0     6%   40-70, 100-152, 177-224, 244-260, 278-297
2025-12-12T20:43:38.7432604Z src/stack/security/validators.py     125     25     54     11    80%   54->56, 56->59, 65-66, 114-116, 160-161, 164-165, 196-198, 209-210, 212->221, 218-219, 251-252, 255-256, 259-260, 285-287
2025-12-12T20:43:38.7433380Z src/stack/utils/__init__.py            4      4      0      0     0%   3-7
2025-12-12T20:43:38.7433911Z src/stack/utils/filesystem.py        113    113     62      0     0%   8-349
2025-12-12T20:43:38.7434454Z src/stack/utils/logging.py            99     99     32      0     0%   8-324
2025-12-12T20:43:38.7434985Z src/stack/utils/subprocess.py         73     73     26      0     0%   8-340
2025-12-12T20:43:38.7435480Z ------------------------------------------------------------------------------
2025-12-12T20:43:38.7435885Z TOTAL                                774    461    304     16    37%
2025-12-12T20:43:38.7436233Z Coverage HTML written to dir htmlcov
2025-12-12T20:43:38.7436552Z Coverage XML written to file coverage.xml
2025-12-12T20:43:38.7437001Z FAIL Required test coverage of 80.0% not reached. Total coverage: 36.64%
2025-12-12T20:43:38.7437473Z ============================== 74 passed in 2.77s ==============================
2025-12-12T20:43:38.8557757Z ##[error]Process completed with exit code 1.
2025-12-12T20:43:38.8660295Z Post job cleanup.
2025-12-12T20:43:38.9590633Z [command]/usr/bin/git version
2025-12-12T20:43:38.9626271Z git version 2.52.0
2025-12-12T20:43:38.9669342Z Temporarily overriding HOME='/home/runner/work/_temp/6d11e561-9845-44fb-a351-a511ac0c16cc' before making global git config changes
2025-12-12T20:43:38.9670653Z Adding repository directory to the temporary git global config as a safe directory
2025-12-12T20:43:38.9682795Z [command]/usr/bin/git config --global --add safe.directory /home/runner/work/Stack/Stack
2025-12-12T20:43:38.9717237Z [command]/usr/bin/git config --local --name-only --get-regexp core\.sshCommand
2025-12-12T20:43:38.9749842Z [command]/usr/bin/git submodule foreach --recursive sh -c "git config --local --name-only --get-regexp 'core\.sshCommand' && git config --local --unset-all 'core.sshCommand' || :"
2025-12-12T20:43:38.9979500Z [command]/usr/bin/git config --local --name-only --get-regexp http\.https\:\/\/github\.com\/\.extraheader
2025-12-12T20:43:39.0000093Z http.https://github.com/.extraheader
2025-12-12T20:43:39.0012073Z [command]/usr/bin/git config --local --unset-all http.https://github.com/.extraheader
2025-12-12T20:43:39.0043624Z [command]/usr/bin/git submodule foreach --recursive sh -c "git config --local --name-only --get-regexp 'http\.https\:\/\/github\.com\/\.extraheader' && git config --local --unset-all 'http.https://github.com/.extraheader' || :"
2025-12-12T20:43:39.0262921Z [command]/usr/bin/git config --local --name-only --get-regexp ^includeIf\.gitdir:
2025-12-12T20:43:39.0293721Z [command]/usr/bin/git submodule foreach --recursive git config --local --show-origin --name-only --get-regexp remote.origin.url
2025-12-12T20:43:39.0616840Z Cleaning up orphan processes
