2025-12-12T20:43:16.7197689Z Current runner version: '2.329.0'
2025-12-12T20:43:16.7388114Z ##[group]Runner Image Provisioner
2025-12-12T20:43:16.7388848Z Hosted Compute Agent
2025-12-12T20:43:16.7389316Z Version: 20251202.455
2025-12-12T20:43:16.7389906Z Commit: 6c10caca4910e198df60de23adf20ad317c474e3
2025-12-12T20:43:16.7390524Z Build Date: 2025-12-02T15:56:59Z
2025-12-12T20:43:16.7391116Z Worker ID: {e36b3b5c-a9b5-4835-8a6c-f880d37bd99a}
2025-12-12T20:43:16.7391756Z ##[endgroup]
2025-12-12T20:43:16.7392195Z ##[group]Operating System
2025-12-12T20:43:16.7392718Z Microsoft Windows Server 2025
2025-12-12T20:43:16.7393541Z 10.0.26100
2025-12-12T20:43:16.7393959Z Datacenter
2025-12-12T20:43:16.7394390Z ##[endgroup]
2025-12-12T20:43:16.7395005Z ##[group]Runner Image
2025-12-12T20:43:16.7395464Z Image: windows-2025
2025-12-12T20:43:16.7395918Z Version: 20251208.136.1
2025-12-12T20:43:16.7397296Z Included Software: https://github.com/actions/runner-images/blob/win25/20251208.136/images/windows/Windows2025-Readme.md
2025-12-12T20:43:16.7398688Z Image Release: https://github.com/actions/runner-images/releases/tag/win25%2F20251208.136
2025-12-12T20:43:16.7399527Z ##[endgroup]
2025-12-12T20:43:16.7400503Z ##[group]GITHUB_TOKEN Permissions
2025-12-12T20:43:16.7402240Z Contents: read
2025-12-12T20:43:16.7402788Z Metadata: read
2025-12-12T20:43:16.7403213Z Packages: read
2025-12-12T20:43:16.7403658Z ##[endgroup]
2025-12-12T20:43:16.7405640Z Secret source: Actions
2025-12-12T20:43:16.7406295Z Prepare workflow directory
2025-12-12T20:43:16.8349035Z Prepare all required actions
2025-12-12T20:43:16.8386634Z Getting action download info
2025-12-12T20:43:17.1111252Z Download action repository 'actions/checkout@v4' (SHA:34e114876b0b11c390a56381ad16ebd13914f8d5)
2025-12-12T20:43:17.2695038Z Download action repository 'actions/setup-python@v5' (SHA:a26af69be951a213d495a4c3e4e4022e16d87065)
2025-12-12T20:43:17.4720170Z Download action repository 'actions/cache@v4' (SHA:0057852bfaa89a56745cba8c7296529d2fc39830)
2025-12-12T20:43:17.6811560Z Download action repository 'codecov/codecov-action@v4' (SHA:b9fd7d16f6d7d1b5d2bec1a2887e65ceed900238)
2025-12-12T20:43:18.5256812Z Complete job name: Test Python 3.12 on windows-latest
2025-12-12T20:43:19.0833384Z ##[group]Run actions/checkout@v4
2025-12-12T20:43:19.0834688Z with:
2025-12-12T20:43:19.0835335Z   repository: gabrielima7/Stack
2025-12-12T20:43:19.0836477Z   token: ***
2025-12-12T20:43:19.0837119Z   ssh-strict: true
2025-12-12T20:43:19.0837785Z   ssh-user: git
2025-12-12T20:43:19.0838461Z   persist-credentials: true
2025-12-12T20:43:19.0839210Z   clean: true
2025-12-12T20:43:19.0839883Z   sparse-checkout-cone-mode: true
2025-12-12T20:43:19.0840703Z   fetch-depth: 1
2025-12-12T20:43:19.0841362Z   fetch-tags: false
2025-12-12T20:43:19.0842044Z   show-progress: true
2025-12-12T20:43:19.0842735Z   lfs: false
2025-12-12T20:43:19.0843350Z   submodules: false
2025-12-12T20:43:19.0844549Z   set-safe-directory: true
2025-12-12T20:43:19.0845572Z env:
2025-12-12T20:43:19.0846203Z   PYTHON_VERSION_DEFAULT: 3.11
2025-12-12T20:43:19.0847010Z ##[endgroup]
2025-12-12T20:43:19.2843776Z Syncing repository: gabrielima7/Stack
2025-12-12T20:43:19.2846489Z ##[group]Getting Git version info
2025-12-12T20:43:19.2847447Z Working directory is 'D:\a\Stack\Stack'
2025-12-12T20:43:19.3912637Z [command]"C:\Program Files\Git\bin\git.exe" version
2025-12-12T20:43:19.7524603Z git version 2.52.0.windows.1
2025-12-12T20:43:19.7580642Z ##[endgroup]
2025-12-12T20:43:19.7611986Z Temporarily overriding HOME='D:\a\_temp\137a1716-2c07-4c55-94cc-6b7961ff3de2' before making global git config changes
2025-12-12T20:43:19.7614481Z Adding repository directory to the temporary git global config as a safe directory
2025-12-12T20:43:19.7616315Z [command]"C:\Program Files\Git\bin\git.exe" config --global --add safe.directory D:\a\Stack\Stack
2025-12-12T20:43:19.8298430Z Deleting the contents of 'D:\a\Stack\Stack'
2025-12-12T20:43:19.8305756Z ##[group]Initializing the repository
2025-12-12T20:43:19.8315065Z [command]"C:\Program Files\Git\bin\git.exe" init D:\a\Stack\Stack
2025-12-12T20:43:19.9030325Z Initialized empty Git repository in D:/a/Stack/Stack/.git/
2025-12-12T20:43:19.9079980Z [command]"C:\Program Files\Git\bin\git.exe" remote add origin https://github.com/gabrielima7/Stack
2025-12-12T20:43:19.9661933Z ##[endgroup]
2025-12-12T20:43:19.9663861Z ##[group]Disabling automatic garbage collection
2025-12-12T20:43:19.9671391Z [command]"C:\Program Files\Git\bin\git.exe" config --local gc.auto 0
2025-12-12T20:43:20.0059033Z ##[endgroup]
2025-12-12T20:43:20.0060868Z ##[group]Setting up auth
2025-12-12T20:43:20.0073333Z [command]"C:\Program Files\Git\bin\git.exe" config --local --name-only --get-regexp core\.sshCommand
2025-12-12T20:43:20.0410248Z [command]"C:\Program Files\Git\bin\git.exe" submodule foreach --recursive "sh -c \"git config --local --name-only --get-regexp 'core\.sshCommand' && git config --local --unset-all 'core.sshCommand' || :\""
2025-12-12T20:43:21.3740538Z [command]"C:\Program Files\Git\bin\git.exe" config --local --name-only --get-regexp http\.https\:\/\/github\.com\/\.extraheader
2025-12-12T20:43:21.4041657Z [command]"C:\Program Files\Git\bin\git.exe" submodule foreach --recursive "sh -c \"git config --local --name-only --get-regexp 'http\.https\:\/\/github\.com\/\.extraheader' && git config --local --unset-all 'http.https://github.com/.extraheader' || :\""
2025-12-12T20:43:21.9468964Z [command]"C:\Program Files\Git\bin\git.exe" config --local --name-only --get-regexp ^includeIf\.gitdir:
2025-12-12T20:43:21.9773516Z [command]"C:\Program Files\Git\bin\git.exe" submodule foreach --recursive "git config --local --show-origin --name-only --get-regexp remote.origin.url"
2025-12-12T20:43:22.4836844Z [command]"C:\Program Files\Git\bin\git.exe" config --local http.https://github.com/.extraheader "AUTHORIZATION: basic ***"
2025-12-12T20:43:22.5143980Z ##[endgroup]
2025-12-12T20:43:22.5145104Z ##[group]Fetching the repository
2025-12-12T20:43:22.5160077Z [command]"C:\Program Files\Git\bin\git.exe" -c protocol.version=2 fetch --no-tags --prune --no-recurse-submodules --depth=1 origin +66608d266f8835005cdc5ce8e255cf8beab12bfe:refs/remotes/origin/main
2025-12-12T20:43:25.4312823Z From https://github.com/gabrielima7/Stack
2025-12-12T20:43:25.4313771Z  * [new ref]         66608d266f8835005cdc5ce8e255cf8beab12bfe -> origin/main
2025-12-12T20:43:25.4528665Z ##[endgroup]
2025-12-12T20:43:25.4529032Z ##[group]Determining the checkout info
2025-12-12T20:43:25.4532055Z ##[endgroup]
2025-12-12T20:43:25.4547905Z [command]"C:\Program Files\Git\bin\git.exe" sparse-checkout disable
2025-12-12T20:43:25.4977736Z [command]"C:\Program Files\Git\bin\git.exe" config --local --unset-all extensions.worktreeConfig
2025-12-12T20:43:25.5273606Z ##[group]Checking out the ref
2025-12-12T20:43:25.5283077Z [command]"C:\Program Files\Git\bin\git.exe" checkout --progress --force -B main refs/remotes/origin/main
2025-12-12T20:43:25.6117332Z branch 'main' set up to track 'origin/main'.
2025-12-12T20:43:25.6125162Z Switched to a new branch 'main'
2025-12-12T20:43:25.6162774Z ##[endgroup]
2025-12-12T20:43:25.6555159Z [command]"C:\Program Files\Git\bin\git.exe" log -1 --format=%H
2025-12-12T20:43:25.6830273Z 66608d266f8835005cdc5ce8e255cf8beab12bfe
2025-12-12T20:43:25.9623663Z ##[group]Run actions/setup-python@v5
2025-12-12T20:43:25.9623995Z with:
2025-12-12T20:43:25.9624186Z   python-version: 3.12
2025-12-12T20:43:25.9624409Z   check-latest: false
2025-12-12T20:43:25.9624801Z   token: ***
2025-12-12T20:43:25.9624991Z   update-environment: true
2025-12-12T20:43:25.9625225Z   allow-prereleases: false
2025-12-12T20:43:25.9625491Z   freethreaded: false
2025-12-12T20:43:25.9625706Z env:
2025-12-12T20:43:25.9625880Z   PYTHON_VERSION_DEFAULT: 3.11
2025-12-12T20:43:25.9626099Z ##[endgroup]
2025-12-12T20:43:26.2299251Z ##[group]Installed versions
2025-12-12T20:43:26.2579302Z Successfully set up CPython (3.12.10)
2025-12-12T20:43:26.2580777Z ##[endgroup]
2025-12-12T20:43:26.4704021Z ##[group]Run pipx install poetry
2025-12-12T20:43:26.4726851Z [36;1mpipx install poetry[0m
2025-12-12T20:43:26.5424432Z shell: C:\Program Files\PowerShell\7\pwsh.EXE -command ". '{0}'"
2025-12-12T20:43:26.5424783Z env:
2025-12-12T20:43:26.5424956Z   PYTHON_VERSION_DEFAULT: 3.11
2025-12-12T20:43:26.5425261Z   pythonLocation: C:\hostedtoolcache\windows\Python\3.12.10\x64
2025-12-12T20:43:26.5425706Z   PKG_CONFIG_PATH: C:\hostedtoolcache\windows\Python\3.12.10\x64/lib/pkgconfig
2025-12-12T20:43:26.5426126Z   Python_ROOT_DIR: C:\hostedtoolcache\windows\Python\3.12.10\x64
2025-12-12T20:43:26.5426496Z   Python2_ROOT_DIR: C:\hostedtoolcache\windows\Python\3.12.10\x64
2025-12-12T20:43:26.5426859Z   Python3_ROOT_DIR: C:\hostedtoolcache\windows\Python\3.12.10\x64
2025-12-12T20:43:26.5427145Z ##[endgroup]
2025-12-12T20:43:32.0308035Z Found a space in the pipx home path. We heavily discourage this, due to
2025-12-12T20:43:32.0308620Z     multiple incompatibilities. Please check our docs for more information on
2025-12-12T20:43:32.0309085Z     this, as well as some pointers on how to migrate to a different home path.
2025-12-12T20:43:32.6068276Z creating virtual environment...
2025-12-12T20:43:32.9998970Z installing poetry...
2025-12-12T20:43:48.1389227Z done! 
2025-12-12T20:43:48.1391428Z   installed package poetry 2.2.1, installed using Python 3.9.13
2025-12-12T20:43:48.1391925Z   These apps are now globally available
2025-12-12T20:43:48.1392206Z     - poetry.exe
2025-12-12T20:43:48.7058184Z ##[group]Run poetry config virtualenvs.in-project true
2025-12-12T20:43:48.7058600Z [36;1mpoetry config virtualenvs.in-project true[0m
2025-12-12T20:43:48.7125775Z shell: C:\Program Files\PowerShell\7\pwsh.EXE -command ". '{0}'"
2025-12-12T20:43:48.7126078Z env:
2025-12-12T20:43:48.7126235Z   PYTHON_VERSION_DEFAULT: 3.11
2025-12-12T20:43:48.7126519Z   pythonLocation: C:\hostedtoolcache\windows\Python\3.12.10\x64
2025-12-12T20:43:48.7126930Z   PKG_CONFIG_PATH: C:\hostedtoolcache\windows\Python\3.12.10\x64/lib/pkgconfig
2025-12-12T20:43:48.7127353Z   Python_ROOT_DIR: C:\hostedtoolcache\windows\Python\3.12.10\x64
2025-12-12T20:43:48.7127710Z   Python2_ROOT_DIR: C:\hostedtoolcache\windows\Python\3.12.10\x64
2025-12-12T20:43:48.7128055Z   Python3_ROOT_DIR: C:\hostedtoolcache\windows\Python\3.12.10\x64
2025-12-12T20:43:48.7128323Z ##[endgroup]
2025-12-12T20:43:50.2856865Z ##[group]Run actions/cache@v4
2025-12-12T20:43:50.2857152Z with:
2025-12-12T20:43:50.2857316Z   path: .venv
2025-12-12T20:43:50.2857671Z   key: Windows-poetry-3.12-dd05d43ec074f1401e9de45214791bc0d37923b8f3b0fe71bb84677460e66455
2025-12-12T20:43:50.2858138Z   restore-keys: Windows-poetry-3.12-

2025-12-12T20:43:50.2858387Z   enableCrossOsArchive: false
2025-12-12T20:43:50.2858599Z   fail-on-cache-miss: false
2025-12-12T20:43:50.2858790Z   lookup-only: false
2025-12-12T20:43:50.2858955Z   save-always: false
2025-12-12T20:43:50.2859112Z env:
2025-12-12T20:43:50.2859263Z   PYTHON_VERSION_DEFAULT: 3.11
2025-12-12T20:43:50.2859549Z   pythonLocation: C:\hostedtoolcache\windows\Python\3.12.10\x64
2025-12-12T20:43:50.2859960Z   PKG_CONFIG_PATH: C:\hostedtoolcache\windows\Python\3.12.10\x64/lib/pkgconfig
2025-12-12T20:43:50.2860345Z   Python_ROOT_DIR: C:\hostedtoolcache\windows\Python\3.12.10\x64
2025-12-12T20:43:50.2860729Z   Python2_ROOT_DIR: C:\hostedtoolcache\windows\Python\3.12.10\x64
2025-12-12T20:43:50.2861069Z   Python3_ROOT_DIR: C:\hostedtoolcache\windows\Python\3.12.10\x64
2025-12-12T20:43:50.2861344Z ##[endgroup]
2025-12-12T20:43:50.7284479Z Cache not found for input keys: Windows-poetry-3.12-dd05d43ec074f1401e9de45214791bc0d37923b8f3b0fe71bb84677460e66455, Windows-poetry-3.12-
2025-12-12T20:43:50.7531774Z ##[group]Run poetry install --with dev
2025-12-12T20:43:50.7532277Z [36;1mpoetry install --with dev[0m
2025-12-12T20:43:50.7629551Z shell: C:\Program Files\PowerShell\7\pwsh.EXE -command ". '{0}'"
2025-12-12T20:43:50.7630039Z env:
2025-12-12T20:43:50.7630296Z   PYTHON_VERSION_DEFAULT: 3.11
2025-12-12T20:43:50.7630764Z   pythonLocation: C:\hostedtoolcache\windows\Python\3.12.10\x64
2025-12-12T20:43:50.7631678Z   PKG_CONFIG_PATH: C:\hostedtoolcache\windows\Python\3.12.10\x64/lib/pkgconfig
2025-12-12T20:43:50.7632357Z   Python_ROOT_DIR: C:\hostedtoolcache\windows\Python\3.12.10\x64
2025-12-12T20:43:50.7632966Z   Python2_ROOT_DIR: C:\hostedtoolcache\windows\Python\3.12.10\x64
2025-12-12T20:43:50.7633576Z   Python3_ROOT_DIR: C:\hostedtoolcache\windows\Python\3.12.10\x64
2025-12-12T20:43:50.7634047Z ##[endgroup]
2025-12-12T20:43:52.5025586Z Creating virtualenv stack in D:\a\Stack\Stack\.venv
2025-12-12T20:43:54.5057006Z Installing dependencies from lock file
2025-12-12T20:43:54.6996111Z 
2025-12-12T20:43:54.6996659Z Package operations: 75 installs, 0 updates, 0 removals
2025-12-12T20:43:54.6997139Z 
2025-12-12T20:43:54.7003962Z   - Installing mdurl (0.1.2)
2025-12-12T20:43:54.7008351Z   - Installing pycparser (2.23)
2025-12-12T20:43:54.7014079Z   - Installing typing-extensions (4.15.0)
2025-12-12T20:43:55.8340957Z   - Installing annotated-types (0.7.0)
2025-12-12T20:43:55.8344915Z   - Installing certifi (2025.11.12)
2025-12-12T20:43:55.8349938Z   - Installing colorama (0.4.6)
2025-12-12T20:43:55.8357488Z   - Installing h11 (0.16.0)
2025-12-12T20:43:55.8371150Z   - Installing idna (3.11)
2025-12-12T20:43:55.8381286Z   - Installing markdown-it-py (4.0.0)
2025-12-12T20:43:55.8392876Z   - Installing packaging (25.0)
2025-12-12T20:43:55.8402196Z   - Installing cffi (2.0.0)
2025-12-12T20:43:55.9618045Z   - Installing pydantic-core (2.41.5)
2025-12-12T20:43:55.9842069Z   - Installing pygments (2.19.2)
2025-12-12T20:43:55.9883896Z   - Installing ruamel-yaml-clib (0.2.14)
2025-12-12T20:43:56.0767966Z   - Installing typing-inspection (0.4.2)
2025-12-12T20:43:56.3951087Z   - Installing anyio (4.12.0)
2025-12-12T20:43:56.3955396Z   - Installing charset-normalizer (3.4.4)
2025-12-12T20:43:56.3959234Z   - Installing click (8.1.8)
2025-12-12T20:43:56.3963551Z   - Installing distlib (0.4.0)
2025-12-12T20:43:56.3969152Z   - Installing dparse (0.6.4)
2025-12-12T20:43:56.3974811Z   - Installing cryptography (46.0.3)
2025-12-12T20:43:56.3991878Z   - Installing filelock (3.20.0)
2025-12-12T20:43:56.4011022Z   - Installing httpcore (1.0.9)
2025-12-12T20:43:56.5596603Z   - Installing iniconfig (2.3.0)
2025-12-12T20:43:56.5624985Z   - Installing joblib (1.5.2)
2025-12-12T20:43:56.6062253Z   - Installing markupsafe (3.0.3)
2025-12-12T20:43:56.6875878Z   - Installing platformdirs (4.5.1)
2025-12-12T20:43:56.6955482Z   - Installing pluggy (1.6.0)
2025-12-12T20:43:56.7469349Z   - Installing pydantic (2.12.5)
2025-12-12T20:43:56.7580436Z   - Installing regex (2025.11.3)
2025-12-12T20:43:56.7784376Z   - Installing rich (13.5.3)
2025-12-12T20:43:56.8401012Z   - Installing ruamel-yaml (0.18.16)
2025-12-12T20:43:56.8512926Z   - Installing shellingham (1.5.4)
2025-12-12T20:43:56.8707241Z   - Installing tqdm (4.67.1)
2025-12-12T20:43:56.9855536Z   - Installing urllib3 (2.6.2)
2025-12-12T20:43:57.3242353Z   - Installing attrs (25.4.0)
2025-12-12T20:43:57.3245419Z   - Installing authlib (1.6.6)
2025-12-12T20:43:57.3249224Z   - Installing cfgv (3.5.0)
2025-12-12T20:43:57.3255058Z   - Installing dnspython (2.8.0)
2025-12-12T20:43:57.3260805Z   - Installing execnet (2.1.2)
2025-12-12T20:43:57.3270378Z   - Installing coverage (7.13.0)
2025-12-12T20:43:57.3283967Z   - Installing httpx (0.28.1)
2025-12-12T20:43:57.3305901Z   - Installing identify (2.6.15)
2025-12-12T20:43:57.4469339Z   - Installing jinja2 (3.1.6)
2025-12-12T20:43:57.5108659Z   - Installing librt (0.7.3)
2025-12-12T20:43:57.5264125Z   - Installing marshmallow (4.1.1)
2025-12-12T20:43:57.5860341Z   - Installing mypy-extensions (1.1.0)
2025-12-12T20:43:57.6117833Z   - Installing nltk (3.9.2)
2025-12-12T20:43:57.6568913Z   - Installing nodeenv (1.9.1)
2025-12-12T20:43:57.6909192Z   - Installing pathspec (0.12.1)
2025-12-12T20:43:57.6943903Z   - Installing py (1.11.0)
2025-12-12T20:43:57.7321557Z   - Installing pytest (9.0.2)
2025-12-12T20:43:57.7935732Z   - Installing pyyaml (6.0.3)
2025-12-12T20:43:57.8135574Z   - Installing requests (2.32.5)
2025-12-12T20:43:57.8620098Z   - Installing safety-schemas (0.0.16)
2025-12-12T20:43:57.9854319Z   - Installing sortedcontainers (2.4.0)
2025-12-12T20:43:57.9950085Z   - Installing stevedore (5.6.0)
2025-12-12T20:43:58.0632026Z   - Installing tabulate (0.9.0)
2025-12-12T20:43:58.0886938Z   - Installing tenacity (9.1.2)
2025-12-12T20:43:58.1066789Z   - Installing tomlkit (0.13.3)
2025-12-12T20:43:58.1602567Z   - Installing typer (0.20.0)
2025-12-12T20:43:58.1865400Z   - Installing virtualenv (20.35.4)
2025-12-12T20:43:58.5686277Z   - Installing bandit (1.9.2)
2025-12-12T20:43:58.5689835Z   - Installing email-validator (2.3.0)
2025-12-12T20:43:58.5693646Z   - Installing hypothesis (6.148.7)
2025-12-12T20:43:58.5698248Z   - Installing mypy (1.19.0)
2025-12-12T20:43:58.5702728Z   - Installing orjson (3.11.5)
2025-12-12T20:43:58.5709050Z   - Installing interrogate (1.7.0)
2025-12-12T20:43:58.5727860Z   - Installing pre-commit (4.5.0)
2025-12-12T20:43:58.5747044Z   - Installing pytest-cov (7.0.0)
2025-12-12T20:43:58.8291846Z   - Installing pytest-timeout (2.4.0)
2025-12-12T20:43:58.8341123Z   - Installing pytest-xdist (3.8.0)
2025-12-12T20:43:58.8654054Z   - Installing ruff (0.14.9)
2025-12-12T20:43:58.8745648Z   - Installing safety (3.7.0)
2025-12-12T20:43:59.0074746Z   - Installing vulture (2.14)
2025-12-12T20:44:00.2837998Z 
2025-12-12T20:44:00.2838518Z Installing the current project: stack (2.0.0)
2025-12-12T20:44:00.4917785Z ##[group]Run poetry run pytest tests/ -v --cov=src --cov-report=xml --cov-report=term --timeout=60
2025-12-12T20:44:00.4918863Z [36;1mpoetry run pytest tests/ -v --cov=src --cov-report=xml --cov-report=term --timeout=60[0m
2025-12-12T20:44:00.5030027Z shell: C:\Program Files\PowerShell\7\pwsh.EXE -command ". '{0}'"
2025-12-12T20:44:00.5030550Z env:
2025-12-12T20:44:00.5030826Z   PYTHON_VERSION_DEFAULT: 3.11
2025-12-12T20:44:00.5031379Z   pythonLocation: C:\hostedtoolcache\windows\Python\3.12.10\x64
2025-12-12T20:44:00.5032148Z   PKG_CONFIG_PATH: C:\hostedtoolcache\windows\Python\3.12.10\x64/lib/pkgconfig
2025-12-12T20:44:00.5032890Z   Python_ROOT_DIR: C:\hostedtoolcache\windows\Python\3.12.10\x64
2025-12-12T20:44:00.5033527Z   Python2_ROOT_DIR: C:\hostedtoolcache\windows\Python\3.12.10\x64
2025-12-12T20:44:00.5034163Z   Python3_ROOT_DIR: C:\hostedtoolcache\windows\Python\3.12.10\x64
2025-12-12T20:44:00.5034701Z ##[endgroup]
2025-12-12T20:44:05.2705872Z ============================= test session starts =============================
2025-12-12T20:44:05.2706389Z platform win32 -- Python 3.12.10, pytest-9.0.2, pluggy-1.6.0 -- D:\a\Stack\Stack\.venv\Scripts\python.exe
2025-12-12T20:44:05.2706807Z cachedir: .pytest_cache
2025-12-12T20:44:05.2707305Z hypothesis profile 'ci' -> database=None, deadline=None, print_blob=True, derandomize=True, suppress_health_check=(HealthCheck.too_slow,)
2025-12-12T20:44:05.2707823Z rootdir: D:\a\Stack\Stack
2025-12-12T20:44:05.2708029Z configfile: pyproject.toml
2025-12-12T20:44:05.2708354Z plugins: anyio-4.12.0, hypothesis-6.148.7, cov-7.0.0, timeout-2.4.0, xdist-3.8.0
2025-12-12T20:44:05.2708683Z timeout: 60.0s
2025-12-12T20:44:05.2708848Z timeout method: thread
2025-12-12T20:44:05.2709035Z timeout func_only: False
2025-12-12T20:44:06.1525615Z collecting ... collected 74 items
2025-12-12T20:44:06.1525865Z 
2025-12-12T20:44:06.1560547Z tests/test_config_models.py::TestSecurityConfig::test_default_values PASSED [  1%]
2025-12-12T20:44:06.1580179Z tests/test_config_models.py::TestSecurityConfig::test_paranoid_level PASSED [  2%]
2025-12-12T20:44:06.1603999Z tests/test_config_models.py::TestSecurityConfig::test_frozen_config PASSED [  4%]
2025-12-12T20:44:06.1623727Z tests/test_config_models.py::TestSecurityConfig::test_extra_fields_forbidden PASSED [  5%]
2025-12-12T20:44:06.1643367Z tests/test_config_models.py::TestDependencyConfig::test_default_values PASSED [  6%]
2025-12-12T20:44:06.1662959Z tests/test_config_models.py::TestDependencyConfig::test_custom_dependencies PASSED [  8%]
2025-12-12T20:44:06.1684248Z tests/test_config_models.py::TestLoggingConfig::test_default_values PASSED [  9%]
2025-12-12T20:44:06.1703125Z tests/test_config_models.py::TestLoggingConfig::test_valid_levels PASSED [ 10%]
2025-12-12T20:44:06.1723190Z tests/test_config_models.py::TestLoggingConfig::test_invalid_level_rejected PASSED [ 12%]
2025-12-12T20:44:06.1753953Z tests/test_config_models.py::TestStackConfig::test_default_values PASSED [ 13%]
2025-12-12T20:44:06.1775944Z tests/test_config_models.py::TestStackConfig::test_valid_project_name PASSED [ 14%]
2025-12-12T20:44:06.1807041Z tests/test_config_models.py::TestStackConfig::test_invalid_project_name_rejected PASSED [ 16%]
2025-12-12T20:44:06.1828667Z tests/test_config_models.py::TestStackConfig::test_valid_python_version PASSED [ 17%]
2025-12-12T20:44:06.1850641Z tests/test_config_models.py::TestStackConfig::test_invalid_python_version_rejected PASSED [ 18%]
2025-12-12T20:44:06.1961958Z tests/test_config_models.py::TestStackConfig::test_path_traversal_rejected PASSED [ 20%]
2025-12-12T20:44:06.1995094Z tests/test_config_models.py::TestStackConfig::test_paranoid_requires_all_tools PASSED [ 21%]
2025-12-12T20:44:06.2016656Z tests/test_config_models.py::TestStackConfig::test_to_target_version PASSED [ 22%]
2025-12-12T20:44:06.2040946Z tests/test_config_models.py::TestStackConfig::test_nested_configs PASSED [ 24%]
2025-12-12T20:44:06.2061815Z tests/test_example.py::test_greet PASSED                                 [ 25%]
2025-12-12T20:44:06.2080895Z tests/test_example.py::test_greet_empty PASSED                           [ 27%]
2025-12-12T20:44:06.2936454Z tests/test_secure_system.py::test_create_user_success PASSED             [ 28%]
2025-12-12T20:44:06.2956877Z tests/test_secure_system.py::test_create_user_invalid_email PASSED       [ 29%]
2025-12-12T20:44:06.2978103Z tests/test_secure_system.py::test_create_user_invalid_username PASSED    [ 31%]
2025-12-12T20:44:06.3003843Z tests/test_secure_system.py::test_get_non_existent_user PASSED           [ 32%]
2025-12-12T20:44:06.3086006Z tests/test_security_guards.py::TestGuardPathTraversal::test_safe_path_passes PASSED [ 33%]
2025-12-12T20:44:06.3137280Z tests/test_security_guards.py::TestGuardPathTraversal::test_relative_path_within_base PASSED [ 35%]
2025-12-12T20:44:06.3174174Z tests/test_security_guards.py::TestGuardPathTraversal::test_path_traversal_blocked PASSED [ 36%]
2025-12-12T20:44:06.3212369Z tests/test_security_guards.py::TestGuardPathTraversal::test_double_dot_blocked PASSED [ 37%]
2025-12-12T20:44:06.3251120Z tests/test_security_guards.py::TestGuardPathTraversal::test_url_encoded_traversal_blocked PASSED [ 39%]
2025-12-12T20:44:06.3638499Z tests/test_security_guards.py::TestGuardPathTraversal::test_path_escapes_base_dir FAILED [ 40%]
2025-12-12T20:44:06.3658805Z tests/test_security_guards.py::TestGuardCommandInjection::test_safe_command_passes PASSED [ 41%]
2025-12-12T20:44:06.3678721Z tests/test_security_guards.py::TestGuardCommandInjection::test_empty_command_blocked PASSED [ 43%]
2025-12-12T20:44:06.3698284Z tests/test_security_guards.py::TestGuardCommandInjection::test_semicolon_blocked PASSED [ 44%]
2025-12-12T20:44:06.3717641Z tests/test_security_guards.py::TestGuardCommandInjection::test_pipe_blocked PASSED [ 45%]
2025-12-12T20:44:06.3737407Z tests/test_security_guards.py::TestGuardCommandInjection::test_backtick_blocked PASSED [ 47%]
2025-12-12T20:44:06.3756700Z tests/test_security_guards.py::TestGuardCommandInjection::test_dollar_expansion_blocked PASSED [ 48%]
2025-12-12T20:44:06.3775812Z tests/test_security_guards.py::TestGuardCommandInjection::test_allowed_commands_whitelist PASSED [ 50%]
2025-12-12T20:44:06.3795345Z tests/test_security_guards.py::TestGuardCommandInjection::test_command_not_in_whitelist_blocked PASSED [ 51%]
2025-12-12T20:44:06.3814731Z tests/test_security_guards.py::TestGuardFileExtension::test_safe_extension_passes PASSED [ 52%]
2025-12-12T20:44:06.3834004Z tests/test_security_guards.py::TestGuardFileExtension::test_dangerous_extension_blocked PASSED [ 54%]
2025-12-12T20:44:06.3853166Z tests/test_security_guards.py::TestGuardFileExtension::test_custom_denied_extensions PASSED [ 55%]
2025-12-12T20:44:06.3875401Z tests/test_security_guards.py::TestGuardFileExtension::test_extension_with_dot PASSED [ 56%]
2025-12-12T20:44:06.3900561Z tests/test_security_validators.py::TestValidateProjectName::test_valid_project_name PASSED [ 58%]
2025-12-12T20:44:06.3925727Z tests/test_security_validators.py::TestValidateProjectName::test_empty_name_rejected PASSED [ 59%]
2025-12-12T20:44:06.3953999Z tests/test_security_validators.py::TestValidateProjectName::test_name_must_start_with_letter PASSED [ 60%]
2025-12-12T20:44:06.3978139Z tests/test_security_validators.py::TestValidateProjectName::test_reserved_names_rejected PASSED [ 62%]
2025-12-12T20:44:06.4005591Z tests/test_security_validators.py::TestValidateProjectName::test_max_length_enforced PASSED [ 63%]
2025-12-12T20:44:06.4024949Z tests/test_security_validators.py::TestValidatePythonVersion::test_valid_versions PASSED [ 64%]
2025-12-12T20:44:06.4054943Z tests/test_security_validators.py::TestValidatePythonVersion::test_invalid_format_rejected PASSED [ 66%]
2025-12-12T20:44:06.4086186Z tests/test_security_validators.py::TestValidatePythonVersion::test_unsupported_version_rejected PASSED [ 67%]
2025-12-12T20:44:06.4110987Z tests/test_security_validators.py::TestValidateEmail::test_valid_emails PASSED [ 68%]
2025-12-12T20:44:06.4131522Z tests/test_security_validators.py::TestValidateEmail::test_empty_email_rejected PASSED [ 70%]
2025-12-12T20:44:06.4158339Z tests/test_security_validators.py::TestValidateEmail::test_invalid_format_rejected PASSED [ 71%]
2025-12-12T20:44:06.4178619Z tests/test_security_validators.py::TestValidateUrl::test_valid_urls PASSED [ 72%]
2025-12-12T20:44:06.4198248Z tests/test_security_validators.py::TestValidateUrl::test_empty_url_rejected PASSED [ 74%]
2025-12-12T20:44:06.4225615Z tests/test_security_validators.py::TestValidateUrl::test_missing_scheme_rejected PASSED [ 75%]
2025-12-12T20:44:06.4249785Z tests/test_security_validators.py::TestValidateUrl::test_invalid_scheme_rejected PASSED [ 77%]
2025-12-12T20:44:06.4269096Z tests/test_security_validators.py::TestValidateIpAddress::test_valid_ipv4 PASSED [ 78%]
2025-12-12T20:44:06.4288730Z tests/test_security_validators.py::TestValidateIpAddress::test_valid_ipv6 PASSED [ 79%]
2025-12-12T20:44:06.4315354Z tests/test_security_validators.py::TestValidateIpAddress::test_invalid_ip_rejected PASSED [ 81%]
2025-12-12T20:44:06.4334449Z tests/test_security_validators.py::TestValidatePort::test_valid_ports PASSED [ 82%]
2025-12-12T20:44:06.4360197Z tests/test_security_validators.py::TestValidatePort::test_invalid_port_rejected PASSED [ 83%]
2025-12-12T20:44:06.4386167Z tests/test_security_validators.py::TestValidatePort::test_privileged_ports_blocked PASSED [ 85%]
2025-12-12T20:44:06.4422354Z tests/test_security_validators.py::TestValidateSemver::test_valid_semver PASSED [ 86%]
2025-12-12T20:44:06.4452655Z tests/test_security_validators.py::TestValidateSemver::test_invalid_semver_rejected PASSED [ 87%]
2025-12-12T20:44:06.4918924Z tests/test_stack_script.py::test_dry_run_does_not_create_files PASSED    [ 89%]
2025-12-12T20:44:06.5329419Z tests/test_stack_script.py::test_safe_write_creates_backup PASSED        [ 90%]
2025-12-12T20:44:06.5751374Z tests/test_stack_script.py::test_force_mode_overwrites_without_backup PASSED [ 91%]
2025-12-12T20:44:06.6543385Z tests/test_stack_script.py::test_idempotency_for_pyproject_toml PASSED   [ 93%]
2025-12-12T20:44:06.7022435Z tests/test_stack_script.py::test_git_initialization PASSED               [ 94%]
2025-12-12T20:44:06.7424099Z tests/test_stack_script.py::test_project_structure_creation PASSED       [ 95%]
2025-12-12T20:44:06.7975448Z tests/test_stack_script.py::test_optional_dependencies_flag PASSED       [ 97%]
2025-12-12T20:44:06.8444547Z tests/test_stack_script.py::test_install_runtime_deps_flag PASSED        [ 98%]
2025-12-12T20:44:07.6122868Z tests/test_stack_script.py::test_python_version_detection PASSED         [100%]
2025-12-12T20:44:07.6124011Z ERROR: Coverage failure: total of 36 is less than fail-under=80
2025-12-12T20:44:07.6124274Z 
2025-12-12T20:44:07.6124281Z 
2025-12-12T20:44:07.6124387Z ================================== FAILURES ===================================
2025-12-12T20:44:07.6124799Z ______________ TestGuardPathTraversal.test_path_escapes_base_dir ______________
2025-12-12T20:44:07.6125103Z 
2025-12-12T20:44:07.6125392Z self = <tests.test_security_guards.TestGuardPathTraversal object at 0x000001A8D8205790>
2025-12-12T20:44:07.6126159Z tmp_path = WindowsPath('C:/Users/runneradmin/AppData/Local/Temp/pytest-of-runneradmin/pytest-0/test_path_escapes_base_dir0')
2025-12-12T20:44:07.6126673Z 
2025-12-12T20:44:07.6126839Z     def test_path_escapes_base_dir(self, tmp_path: Path) -> None:
2025-12-12T20:44:07.6127215Z         """Test that paths escaping base dir are blocked."""
2025-12-12T20:44:07.6127535Z         with TemporaryDirectory() as other_dir:
2025-12-12T20:44:07.6127848Z             with pytest.raises(SecurityError) as exc_info:
2025-12-12T20:44:07.6128175Z                 guard_path_traversal(Path(other_dir), tmp_path)
2025-12-12T20:44:07.6128532Z >           assert "escapes base directory" in str(exc_info.value)
2025-12-12T20:44:07.6129070Z E           AssertionError: assert 'escapes base directory' in '[path_traversal] Path traversal pattern detected: ~'
2025-12-12T20:44:07.6130347Z E            +  where '[path_traversal] Path traversal pattern detected: ~' = str(SecurityError('[path_traversal] Path traversal pattern detected: ~'))
2025-12-12T20:44:07.6131440Z E            +    where SecurityError('[path_traversal] Path traversal pattern detected: ~') = <ExceptionInfo SecurityError('[path_traversal] Path traversal pattern detected: ~') tblen=2>.value
2025-12-12T20:44:07.6132095Z 
2025-12-12T20:44:07.6132215Z tests\test_security_guards.py:60: AssertionError
2025-12-12T20:44:07.6132528Z =============================== tests coverage ================================
2025-12-12T20:44:07.6132923Z ______________ coverage: platform win32, python 3.12.10-final-0 _______________
2025-12-12T20:44:07.6133192Z 
2025-12-12T20:44:07.6133322Z Name                               Stmts   Miss Branch BrPart  Cover   Missing
2025-12-12T20:44:07.6133675Z ------------------------------------------------------------------------------
2025-12-12T20:44:07.6134043Z src\app\__init__.py                    1      0      0      0   100%
2025-12-12T20:44:07.6134387Z src\app\main.py                        8      2      0      0    75%   25-26
2025-12-12T20:44:07.6134757Z src\app\secure_system.py              45      0      2      0   100%
2025-12-12T20:44:07.6135124Z src\stack\__init__.py                  5      0      0      0   100%
2025-12-12T20:44:07.6135480Z src\stack\config\__init__.py           3      0      0      0   100%
2025-12-12T20:44:07.6135921Z src\stack\config\generators.py        34     25     14      0    19%   27-28, 124-182, 218, 264, 311, 349-357
2025-12-12T20:44:07.6136335Z src\stack\config\models.py            73      2     12      1    96%   235-236
2025-12-12T20:44:07.6136687Z src\stack\security\__init__.py         4      0      0      0   100%
2025-12-12T20:44:07.6137093Z src\stack\security\guards.py          83     25     44      4    66%   100-101, 109-110, 117->125, 119, 250->259, 253, 283-348
2025-12-12T20:44:07.6137566Z src\stack\security\sanitizers.py     104     95     58      0     6%   40-70, 100-152, 177-224, 244-260, 278-297
2025-12-12T20:44:07.6138166Z src\stack\security\validators.py     125     25     54     11    80%   54->56, 56->59, 65-66, 114-116, 160-161, 164-165, 196-198, 209-210, 212->221, 218-219, 251-252, 255-256, 259-260, 285-287
2025-12-12T20:44:07.6138697Z src\stack\utils\__init__.py            4      4      0      0     0%   3-7
2025-12-12T20:44:07.6139066Z src\stack\utils\filesystem.py        113    113     62      0     0%   8-349
2025-12-12T20:44:07.6139425Z src\stack\utils\logging.py            99     99     32      0     0%   8-324
2025-12-12T20:44:07.6139934Z src\stack\utils\subprocess.py         73     73     26      0     0%   8-340
2025-12-12T20:44:07.6140276Z ------------------------------------------------------------------------------
2025-12-12T20:44:07.6140561Z TOTAL                                774    463    304     16    36%
2025-12-12T20:44:07.6140815Z Coverage HTML written to dir htmlcov
2025-12-12T20:44:07.6141054Z Coverage XML written to file coverage.xml
2025-12-12T20:44:07.6141380Z FAIL Required test coverage of 80.0% not reached. Total coverage: 36.46%
2025-12-12T20:44:07.6141722Z =========================== short test summary info ===========================
2025-12-12T20:44:07.6142464Z FAILED tests/test_security_guards.py::TestGuardPathTraversal::test_path_escapes_base_dir - AssertionError: assert 'escapes base directory' in '[path_traversal] Path traversal pattern detected: ~'
2025-12-12T20:44:07.6143431Z  +  where '[path_traversal] Path traversal pattern detected: ~' = str(SecurityError('[path_traversal] Path traversal pattern detected: ~'))
2025-12-12T20:44:07.6144326Z  +    where SecurityError('[path_traversal] Path traversal pattern detected: ~') = <ExceptionInfo SecurityError('[path_traversal] Path traversal pattern detected: ~') tblen=2>.value
2025-12-12T20:44:07.6144981Z ======================== 1 failed, 73 passed in 3.44s =========================
2025-12-12T20:44:07.8752406Z ##[error]Process completed with exit code 1.
2025-12-12T20:44:07.8965118Z Post job cleanup.
2025-12-12T20:44:08.1288763Z [command]"C:\Program Files\Git\bin\git.exe" version
2025-12-12T20:44:08.1565084Z git version 2.52.0.windows.1
2025-12-12T20:44:08.1642891Z Temporarily overriding HOME='D:\a\_temp\493e2de2-df4a-47bf-b35b-50335c9cd620' before making global git config changes
2025-12-12T20:44:08.1643545Z Adding repository directory to the temporary git global config as a safe directory
2025-12-12T20:44:08.1654522Z [command]"C:\Program Files\Git\bin\git.exe" config --global --add safe.directory D:\a\Stack\Stack
2025-12-12T20:44:08.1958018Z [command]"C:\Program Files\Git\bin\git.exe" config --local --name-only --get-regexp core\.sshCommand
2025-12-12T20:44:08.2254475Z [command]"C:\Program Files\Git\bin\git.exe" submodule foreach --recursive "sh -c \"git config --local --name-only --get-regexp 'core\.sshCommand' && git config --local --unset-all 'core.sshCommand' || :\""
2025-12-12T20:44:08.7511696Z [command]"C:\Program Files\Git\bin\git.exe" config --local --name-only --get-regexp http\.https\:\/\/github\.com\/\.extraheader
2025-12-12T20:44:08.7777320Z http.https://github.com/.extraheader
2025-12-12T20:44:08.7822576Z [command]"C:\Program Files\Git\bin\git.exe" config --local --unset-all http.https://github.com/.extraheader
2025-12-12T20:44:08.8117308Z [command]"C:\Program Files\Git\bin\git.exe" submodule foreach --recursive "sh -c \"git config --local --name-only --get-regexp 'http\.https\:\/\/github\.com\/\.extraheader' && git config --local --unset-all 'http.https://github.com/.extraheader' || :\""
2025-12-12T20:44:09.3223670Z [command]"C:\Program Files\Git\bin\git.exe" config --local --name-only --get-regexp ^includeIf\.gitdir:
2025-12-12T20:44:09.3516120Z [command]"C:\Program Files\Git\bin\git.exe" submodule foreach --recursive "git config --local --show-origin --name-only --get-regexp remote.origin.url"
2025-12-12T20:44:09.8906686Z Cleaning up orphan processes
