2025-12-12T20:43:14.8900203Z Current runner version: '2.329.0'
2025-12-12T20:43:14.8933709Z ##[group]Runner Image Provisioner
2025-12-12T20:43:14.8934689Z Hosted Compute Agent
2025-12-12T20:43:14.8935348Z Version: 20251202.455
2025-12-12T20:43:14.8935963Z Commit: 6c10caca4910e198df60de23adf20ad317c474e3
2025-12-12T20:43:14.8936691Z Build Date: 2025-12-02T15:56:59Z
2025-12-12T20:43:14.8937300Z Worker ID: {7c68f96a-69de-409b-82bd-1871721ab640}
2025-12-12T20:43:14.8938089Z ##[endgroup]
2025-12-12T20:43:14.8938592Z ##[group]Operating System
2025-12-12T20:43:14.8939148Z Ubuntu
2025-12-12T20:43:14.8939708Z 24.04.3
2025-12-12T20:43:14.8940150Z LTS
2025-12-12T20:43:14.8940599Z ##[endgroup]
2025-12-12T20:43:14.8941177Z ##[group]Runner Image
2025-12-12T20:43:14.8942028Z Image: ubuntu-24.04
2025-12-12T20:43:14.8942531Z Version: 20251208.163.1
2025-12-12T20:43:14.8943644Z Included Software: https://github.com/actions/runner-images/blob/ubuntu24/20251208.163/images/ubuntu/Ubuntu2404-Readme.md
2025-12-12T20:43:14.8945190Z Image Release: https://github.com/actions/runner-images/releases/tag/ubuntu24%2F20251208.163
2025-12-12T20:43:14.8946309Z ##[endgroup]
2025-12-12T20:43:14.8947346Z ##[group]GITHUB_TOKEN Permissions
2025-12-12T20:43:14.8949219Z Contents: read
2025-12-12T20:43:14.8949809Z Metadata: read
2025-12-12T20:43:14.8950302Z Packages: read
2025-12-12T20:43:14.8950891Z ##[endgroup]
2025-12-12T20:43:14.8953151Z Secret source: Actions
2025-12-12T20:43:14.8953825Z Prepare workflow directory
2025-12-12T20:43:14.9338938Z Prepare all required actions
2025-12-12T20:43:14.9376349Z Getting action download info
2025-12-12T20:43:15.2775402Z Download action repository 'actions/checkout@v4' (SHA:34e114876b0b11c390a56381ad16ebd13914f8d5)
2025-12-12T20:43:15.3943759Z Download action repository 'actions/setup-python@v5' (SHA:a26af69be951a213d495a4c3e4e4022e16d87065)
2025-12-12T20:43:15.4757430Z Download action repository 'actions/cache@v4' (SHA:0057852bfaa89a56745cba8c7296529d2fc39830)
2025-12-12T20:43:15.5715781Z Download action repository 'codecov/codecov-action@v4' (SHA:b9fd7d16f6d7d1b5d2bec1a2887e65ceed900238)
2025-12-12T20:43:16.0014412Z Complete job name: Test Python 3.11 on ubuntu-latest
2025-12-12T20:43:16.0625045Z ##[group]Run actions/checkout@v4
2025-12-12T20:43:16.0625931Z with:
2025-12-12T20:43:16.0626340Z   repository: gabrielima7/Stack
2025-12-12T20:43:16.0626967Z   token: ***
2025-12-12T20:43:16.0627354Z   ssh-strict: true
2025-12-12T20:43:16.0627741Z   ssh-user: git
2025-12-12T20:43:16.0628151Z   persist-credentials: true
2025-12-12T20:43:16.0628591Z   clean: true
2025-12-12T20:43:16.0629000Z   sparse-checkout-cone-mode: true
2025-12-12T20:43:16.0629482Z   fetch-depth: 1
2025-12-12T20:43:16.0629868Z   fetch-tags: false
2025-12-12T20:43:16.0630272Z   show-progress: true
2025-12-12T20:43:16.0630673Z   lfs: false
2025-12-12T20:43:16.0631041Z   submodules: false
2025-12-12T20:43:16.0631780Z   set-safe-directory: true
2025-12-12T20:43:16.0632597Z env:
2025-12-12T20:43:16.0632984Z   PYTHON_VERSION_DEFAULT: 3.11
2025-12-12T20:43:16.0633446Z ##[endgroup]
2025-12-12T20:43:16.1688733Z Syncing repository: gabrielima7/Stack
2025-12-12T20:43:16.1690354Z ##[group]Getting Git version info
2025-12-12T20:43:16.1691066Z Working directory is '/home/runner/work/Stack/Stack'
2025-12-12T20:43:16.1692278Z [command]/usr/bin/git version
2025-12-12T20:43:16.1785986Z git version 2.52.0
2025-12-12T20:43:16.1812249Z ##[endgroup]
2025-12-12T20:43:16.1831323Z Temporarily overriding HOME='/home/runner/work/_temp/f06b4887-b055-420a-a2c5-eb1a979ca6f9' before making global git config changes
2025-12-12T20:43:16.1833573Z Adding repository directory to the temporary git global config as a safe directory
2025-12-12T20:43:16.1836089Z [command]/usr/bin/git config --global --add safe.directory /home/runner/work/Stack/Stack
2025-12-12T20:43:16.1875600Z Deleting the contents of '/home/runner/work/Stack/Stack'
2025-12-12T20:43:16.1879111Z ##[group]Initializing the repository
2025-12-12T20:43:16.1883017Z [command]/usr/bin/git init /home/runner/work/Stack/Stack
2025-12-12T20:43:16.2005168Z hint: Using 'master' as the name for the initial branch. This default branch name
2025-12-12T20:43:16.2006903Z hint: will change to "main" in Git 3.0. To configure the initial branch name
2025-12-12T20:43:16.2007968Z hint: to use in all of your new repositories, which will suppress this warning,
2025-12-12T20:43:16.2008792Z hint: call:
2025-12-12T20:43:16.2009294Z hint:
2025-12-12T20:43:16.2010229Z hint: 	git config --global init.defaultBranch <name>
2025-12-12T20:43:16.2011185Z hint:
2025-12-12T20:43:16.2012480Z hint: Names commonly chosen instead of 'master' are 'main', 'trunk' and
2025-12-12T20:43:16.2014485Z hint: 'development'. The just-created branch can be renamed via this command:
2025-12-12T20:43:16.2016128Z hint:
2025-12-12T20:43:16.2016909Z hint: 	git branch -m <name>
2025-12-12T20:43:16.2017811Z hint:
2025-12-12T20:43:16.2018802Z hint: Disable this message with "git config set advice.defaultBranchName false"
2025-12-12T20:43:16.2020401Z Initialized empty Git repository in /home/runner/work/Stack/Stack/.git/
2025-12-12T20:43:16.2024320Z [command]/usr/bin/git remote add origin https://github.com/gabrielima7/Stack
2025-12-12T20:43:16.2057586Z ##[endgroup]
2025-12-12T20:43:16.2058757Z ##[group]Disabling automatic garbage collection
2025-12-12T20:43:16.2062462Z [command]/usr/bin/git config --local gc.auto 0
2025-12-12T20:43:16.2090470Z ##[endgroup]
2025-12-12T20:43:16.2091886Z ##[group]Setting up auth
2025-12-12T20:43:16.2098004Z [command]/usr/bin/git config --local --name-only --get-regexp core\.sshCommand
2025-12-12T20:43:16.2127746Z [command]/usr/bin/git submodule foreach --recursive sh -c "git config --local --name-only --get-regexp 'core\.sshCommand' && git config --local --unset-all 'core.sshCommand' || :"
2025-12-12T20:43:16.2511936Z [command]/usr/bin/git config --local --name-only --get-regexp http\.https\:\/\/github\.com\/\.extraheader
2025-12-12T20:43:16.2539731Z [command]/usr/bin/git submodule foreach --recursive sh -c "git config --local --name-only --get-regexp 'http\.https\:\/\/github\.com\/\.extraheader' && git config --local --unset-all 'http.https://github.com/.extraheader' || :"
2025-12-12T20:43:16.2752979Z [command]/usr/bin/git config --local --name-only --get-regexp ^includeIf\.gitdir:
2025-12-12T20:43:16.2783081Z [command]/usr/bin/git submodule foreach --recursive git config --local --show-origin --name-only --get-regexp remote.origin.url
2025-12-12T20:43:16.2997698Z [command]/usr/bin/git config --local http.https://github.com/.extraheader AUTHORIZATION: basic ***
2025-12-12T20:43:16.3028786Z ##[endgroup]
2025-12-12T20:43:16.3029563Z ##[group]Fetching the repository
2025-12-12T20:43:16.3037406Z [command]/usr/bin/git -c protocol.version=2 fetch --no-tags --prune --no-recurse-submodules --depth=1 origin +66608d266f8835005cdc5ce8e255cf8beab12bfe:refs/remotes/origin/main
2025-12-12T20:43:16.5827352Z From https://github.com/gabrielima7/Stack
2025-12-12T20:43:16.5828457Z  * [new ref]         66608d266f8835005cdc5ce8e255cf8beab12bfe -> origin/main
2025-12-12T20:43:16.5858872Z ##[endgroup]
2025-12-12T20:43:16.5859610Z ##[group]Determining the checkout info
2025-12-12T20:43:16.5861165Z ##[endgroup]
2025-12-12T20:43:16.5866403Z [command]/usr/bin/git sparse-checkout disable
2025-12-12T20:43:16.5906022Z [command]/usr/bin/git config --local --unset-all extensions.worktreeConfig
2025-12-12T20:43:16.5930627Z ##[group]Checking out the ref
2025-12-12T20:43:16.5934694Z [command]/usr/bin/git checkout --progress --force -B main refs/remotes/origin/main
2025-12-12T20:43:16.6046064Z Switched to a new branch 'main'
2025-12-12T20:43:16.6049114Z branch 'main' set up to track 'origin/main'.
2025-12-12T20:43:16.6055828Z ##[endgroup]
2025-12-12T20:43:16.6088371Z [command]/usr/bin/git log -1 --format=%H
2025-12-12T20:43:16.6109154Z 66608d266f8835005cdc5ce8e255cf8beab12bfe
2025-12-12T20:43:16.6327775Z ##[group]Run actions/setup-python@v5
2025-12-12T20:43:16.6328306Z with:
2025-12-12T20:43:16.6328672Z   python-version: 3.11
2025-12-12T20:43:16.6329096Z   check-latest: false
2025-12-12T20:43:16.6329646Z   token: ***
2025-12-12T20:43:16.6330217Z   update-environment: true
2025-12-12T20:43:16.6330678Z   allow-prereleases: false
2025-12-12T20:43:16.6331112Z   freethreaded: false
2025-12-12T20:43:16.6331661Z env:
2025-12-12T20:43:16.6332025Z   PYTHON_VERSION_DEFAULT: 3.11
2025-12-12T20:43:16.6332467Z ##[endgroup]
2025-12-12T20:43:16.7969887Z ##[group]Installed versions
2025-12-12T20:43:16.8082064Z Successfully set up CPython (3.11.14)
2025-12-12T20:43:16.8083497Z ##[endgroup]
2025-12-12T20:43:16.8197233Z ##[group]Run pipx install poetry
2025-12-12T20:43:16.8197833Z [36;1mpipx install poetry[0m
2025-12-12T20:43:16.8246721Z shell: /usr/bin/bash -e {0}
2025-12-12T20:43:16.8247202Z env:
2025-12-12T20:43:16.8247576Z   PYTHON_VERSION_DEFAULT: 3.11
2025-12-12T20:43:16.8248172Z   pythonLocation: /opt/hostedtoolcache/Python/3.11.14/x64
2025-12-12T20:43:16.8248954Z   PKG_CONFIG_PATH: /opt/hostedtoolcache/Python/3.11.14/x64/lib/pkgconfig
2025-12-12T20:43:16.8249751Z   Python_ROOT_DIR: /opt/hostedtoolcache/Python/3.11.14/x64
2025-12-12T20:43:16.8250448Z   Python2_ROOT_DIR: /opt/hostedtoolcache/Python/3.11.14/x64
2025-12-12T20:43:16.8251170Z   Python3_ROOT_DIR: /opt/hostedtoolcache/Python/3.11.14/x64
2025-12-12T20:43:16.8252269Z   LD_LIBRARY_PATH: /opt/hostedtoolcache/Python/3.11.14/x64/lib
2025-12-12T20:43:16.8252861Z ##[endgroup]
2025-12-12T20:43:17.1327940Z creating virtual environment...
2025-12-12T20:43:17.2563985Z installing poetry...
2025-12-12T20:43:26.5540609Z done! ✨ 🌟 ✨
2025-12-12T20:43:26.5542019Z   installed package poetry 2.2.1, installed using Python 3.12.3
2025-12-12T20:43:26.5542967Z   These apps are now globally available
2025-12-12T20:43:26.5543617Z     - poetry
2025-12-12T20:43:26.5753599Z ##[group]Run poetry config virtualenvs.in-project true
2025-12-12T20:43:26.5754078Z [36;1mpoetry config virtualenvs.in-project true[0m
2025-12-12T20:43:26.5787988Z shell: /usr/bin/bash -e {0}
2025-12-12T20:43:26.5788261Z env:
2025-12-12T20:43:26.5788477Z   PYTHON_VERSION_DEFAULT: 3.11
2025-12-12T20:43:26.5788818Z   pythonLocation: /opt/hostedtoolcache/Python/3.11.14/x64
2025-12-12T20:43:26.5789294Z   PKG_CONFIG_PATH: /opt/hostedtoolcache/Python/3.11.14/x64/lib/pkgconfig
2025-12-12T20:43:26.5789714Z   Python_ROOT_DIR: /opt/hostedtoolcache/Python/3.11.14/x64
2025-12-12T20:43:26.5790096Z   Python2_ROOT_DIR: /opt/hostedtoolcache/Python/3.11.14/x64
2025-12-12T20:43:26.5790483Z   Python3_ROOT_DIR: /opt/hostedtoolcache/Python/3.11.14/x64
2025-12-12T20:43:26.5790884Z   LD_LIBRARY_PATH: /opt/hostedtoolcache/Python/3.11.14/x64/lib
2025-12-12T20:43:26.5791220Z ##[endgroup]
2025-12-12T20:43:27.2139749Z ##[group]Run actions/cache@v4
2025-12-12T20:43:27.2140082Z with:
2025-12-12T20:43:27.2140292Z   path: .venv
2025-12-12T20:43:27.2140721Z   key: Linux-poetry-3.11-dddbcec77aace8ea46b8e4dc49af4adbf8a33d76eb561e7fb5c3f00a438f980a
2025-12-12T20:43:27.2141282Z   restore-keys: Linux-poetry-3.11-

2025-12-12T20:43:27.2141872Z   enableCrossOsArchive: false
2025-12-12T20:43:27.2142142Z   fail-on-cache-miss: false
2025-12-12T20:43:27.2142401Z   lookup-only: false
2025-12-12T20:43:27.2142650Z   save-always: false
2025-12-12T20:43:27.2142863Z env:
2025-12-12T20:43:27.2143073Z   PYTHON_VERSION_DEFAULT: 3.11
2025-12-12T20:43:27.2143397Z   pythonLocation: /opt/hostedtoolcache/Python/3.11.14/x64
2025-12-12T20:43:27.2143837Z   PKG_CONFIG_PATH: /opt/hostedtoolcache/Python/3.11.14/x64/lib/pkgconfig
2025-12-12T20:43:27.2144297Z   Python_ROOT_DIR: /opt/hostedtoolcache/Python/3.11.14/x64
2025-12-12T20:43:27.2144715Z   Python2_ROOT_DIR: /opt/hostedtoolcache/Python/3.11.14/x64
2025-12-12T20:43:27.2145161Z   Python3_ROOT_DIR: /opt/hostedtoolcache/Python/3.11.14/x64
2025-12-12T20:43:27.2145562Z   LD_LIBRARY_PATH: /opt/hostedtoolcache/Python/3.11.14/x64/lib
2025-12-12T20:43:27.2145890Z ##[endgroup]
2025-12-12T20:43:27.4905308Z Cache not found for input keys: Linux-poetry-3.11-dddbcec77aace8ea46b8e4dc49af4adbf8a33d76eb561e7fb5c3f00a438f980a, Linux-poetry-3.11-
2025-12-12T20:43:27.4976335Z ##[group]Run poetry install --with dev
2025-12-12T20:43:27.4976694Z [36;1mpoetry install --with dev[0m
2025-12-12T20:43:27.5011521Z shell: /usr/bin/bash -e {0}
2025-12-12T20:43:27.5011950Z env:
2025-12-12T20:43:27.5012299Z   PYTHON_VERSION_DEFAULT: 3.11
2025-12-12T20:43:27.5012783Z   pythonLocation: /opt/hostedtoolcache/Python/3.11.14/x64
2025-12-12T20:43:27.5013233Z   PKG_CONFIG_PATH: /opt/hostedtoolcache/Python/3.11.14/x64/lib/pkgconfig
2025-12-12T20:43:27.5013665Z   Python_ROOT_DIR: /opt/hostedtoolcache/Python/3.11.14/x64
2025-12-12T20:43:27.5014064Z   Python2_ROOT_DIR: /opt/hostedtoolcache/Python/3.11.14/x64
2025-12-12T20:43:27.5014454Z   Python3_ROOT_DIR: /opt/hostedtoolcache/Python/3.11.14/x64
2025-12-12T20:43:27.5014846Z   LD_LIBRARY_PATH: /opt/hostedtoolcache/Python/3.11.14/x64/lib
2025-12-12T20:43:27.5015167Z ##[endgroup]
2025-12-12T20:43:28.2153647Z Creating virtualenv stack in /home/runner/work/Stack/Stack/.venv
2025-12-12T20:43:28.8069674Z Installing dependencies from lock file
2025-12-12T20:43:28.9439932Z 
2025-12-12T20:43:28.9440778Z Package operations: 75 installs, 0 updates, 0 removals
2025-12-12T20:43:28.9441721Z 
2025-12-12T20:43:28.9445206Z   - Installing mdurl (0.1.2)
2025-12-12T20:43:28.9452868Z   - Installing pycparser (2.23)
2025-12-12T20:43:28.9465998Z   - Installing typing-extensions (4.15.0)
2025-12-12T20:43:29.1394333Z   - Installing annotated-types (0.7.0)
2025-12-12T20:43:29.1395554Z   - Installing certifi (2025.11.12)
2025-12-12T20:43:29.1401116Z   - Installing cffi (2.0.0)
2025-12-12T20:43:29.1408400Z   - Installing h11 (0.16.0)
2025-12-12T20:43:29.1424923Z   - Installing idna (3.11)
2025-12-12T20:43:29.1436896Z   - Installing markdown-it-py (4.0.0)
2025-12-12T20:43:29.1451579Z   - Installing packaging (25.0)
2025-12-12T20:43:29.1469213Z   - Installing pydantic-core (2.41.5)
2025-12-12T20:43:29.1922094Z   - Installing pygments (2.19.2)
2025-12-12T20:43:29.2075310Z   - Installing ruamel-yaml-clib (0.2.14)
2025-12-12T20:43:29.3323345Z   - Installing typing-inspection (0.4.2)
2025-12-12T20:43:29.5072979Z   - Installing anyio (4.12.0)
2025-12-12T20:43:29.5078552Z   - Installing charset-normalizer (3.4.4)
2025-12-12T20:43:29.5083579Z   - Installing click (8.1.8)
2025-12-12T20:43:29.5094709Z   - Installing cryptography (46.0.3)
2025-12-12T20:43:29.5105961Z   - Installing distlib (0.4.0)
2025-12-12T20:43:29.5117389Z   - Installing dparse (0.6.4)
2025-12-12T20:43:29.5118489Z   - Installing filelock (3.20.0)
2025-12-12T20:43:29.5123619Z   - Installing httpcore (1.0.9)
2025-12-12T20:43:29.5951656Z   - Installing iniconfig (2.3.0)
2025-12-12T20:43:29.6069922Z   - Installing joblib (1.5.2)
2025-12-12T20:43:29.6292276Z   - Installing markupsafe (3.0.3)
2025-12-12T20:43:29.6648094Z   - Installing platformdirs (4.5.1)
2025-12-12T20:43:29.6698905Z   - Installing pluggy (1.6.0)
2025-12-12T20:43:29.7208615Z   - Installing pydantic (2.12.5)
2025-12-12T20:43:29.7309688Z   - Installing regex (2025.11.3)
2025-12-12T20:43:29.7409742Z   - Installing rich (13.5.3)
2025-12-12T20:43:29.7489310Z   - Installing ruamel-yaml (0.18.16)
2025-12-12T20:43:29.7647608Z   - Installing shellingham (1.5.4)
2025-12-12T20:43:29.7957743Z   - Installing tqdm (4.67.1)
2025-12-12T20:43:29.8550265Z   - Installing urllib3 (2.6.2)
2025-12-12T20:43:30.1484479Z   - Installing attrs (25.4.0)
2025-12-12T20:43:30.1490380Z   - Installing authlib (1.6.6)
2025-12-12T20:43:30.1495014Z   - Installing cfgv (3.5.0)
2025-12-12T20:43:30.1509550Z   - Installing colorama (0.4.6)
2025-12-12T20:43:30.1517858Z   - Installing coverage (7.13.0)
2025-12-12T20:43:30.1523170Z   - Installing dnspython (2.8.0)
2025-12-12T20:43:30.1534996Z   - Installing execnet (2.1.2)
2025-12-12T20:43:30.1548127Z   - Installing httpx (0.28.1)
2025-12-12T20:43:30.2354621Z   - Installing identify (2.6.15)
2025-12-12T20:43:30.2525711Z   - Installing jinja2 (3.1.6)
2025-12-12T20:43:30.2705953Z   - Installing librt (0.7.3)
2025-12-12T20:43:30.2804359Z   - Installing marshmallow (4.1.1)
2025-12-12T20:43:30.3059528Z   - Installing mypy-extensions (1.1.0)
2025-12-12T20:43:30.3507901Z   - Installing nltk (3.9.2)
2025-12-12T20:43:30.3737700Z   - Installing nodeenv (1.9.1)
2025-12-12T20:43:30.3890670Z   - Installing pathspec (0.12.1)
2025-12-12T20:43:30.4012271Z   - Installing py (1.11.0)
2025-12-12T20:43:30.4185247Z   - Installing pytest (9.0.2)
2025-12-12T20:43:30.4349689Z   - Installing pyyaml (6.0.3)
2025-12-12T20:43:30.4446556Z   - Installing requests (2.32.5)
2025-12-12T20:43:30.4854040Z   - Installing safety-schemas (0.0.16)
2025-12-12T20:43:30.5765984Z   - Installing sortedcontainers (2.4.0)
2025-12-12T20:43:30.6068371Z   - Installing stevedore (5.6.0)
2025-12-12T20:43:30.6220985Z   - Installing tabulate (0.9.0)
2025-12-12T20:43:30.6455284Z   - Installing tenacity (9.1.2)
2025-12-12T20:43:30.6536368Z   - Installing tomlkit (0.13.3)
2025-12-12T20:43:30.7015194Z   - Installing typer (0.20.0)
2025-12-12T20:43:30.7049863Z   - Installing virtualenv (20.35.4)
2025-12-12T20:43:30.9340224Z   - Installing bandit (1.9.2)
2025-12-12T20:43:30.9346449Z   - Installing email-validator (2.3.0)
2025-12-12T20:43:30.9350994Z   - Installing hypothesis (6.148.7)
2025-12-12T20:43:30.9363547Z   - Installing interrogate (1.7.0)
2025-12-12T20:43:30.9370213Z   - Installing mypy (1.19.0)
2025-12-12T20:43:30.9377836Z   - Installing orjson (3.11.5)
2025-12-12T20:43:30.9388053Z   - Installing pre-commit (4.5.0)
2025-12-12T20:43:30.9393608Z   - Installing pytest-cov (7.0.0)
2025-12-12T20:43:31.0245251Z   - Installing pytest-timeout (2.4.0)
2025-12-12T20:43:31.0404801Z   - Installing pytest-xdist (3.8.0)
2025-12-12T20:43:31.0637014Z   - Installing ruff (0.14.9)
2025-12-12T20:43:31.0700033Z   - Installing safety (3.7.0)
2025-12-12T20:43:31.0977718Z   - Installing vulture (2.14)
2025-12-12T20:43:31.9855175Z 
2025-12-12T20:43:31.9855639Z Installing the current project: stack (2.0.0)
2025-12-12T20:43:32.0753414Z ##[group]Run poetry run pytest tests/ -v --cov=src --cov-report=xml --cov-report=term --timeout=60
2025-12-12T20:43:32.0754107Z [36;1mpoetry run pytest tests/ -v --cov=src --cov-report=xml --cov-report=term --timeout=60[0m
2025-12-12T20:43:32.0787714Z shell: /usr/bin/bash -e {0}
2025-12-12T20:43:32.0787957Z env:
2025-12-12T20:43:32.0788214Z   PYTHON_VERSION_DEFAULT: 3.11
2025-12-12T20:43:32.0788511Z   pythonLocation: /opt/hostedtoolcache/Python/3.11.14/x64
2025-12-12T20:43:32.0788919Z   PKG_CONFIG_PATH: /opt/hostedtoolcache/Python/3.11.14/x64/lib/pkgconfig
2025-12-12T20:43:32.0789327Z   Python_ROOT_DIR: /opt/hostedtoolcache/Python/3.11.14/x64
2025-12-12T20:43:32.0789678Z   Python2_ROOT_DIR: /opt/hostedtoolcache/Python/3.11.14/x64
2025-12-12T20:43:32.0790027Z   Python3_ROOT_DIR: /opt/hostedtoolcache/Python/3.11.14/x64
2025-12-12T20:43:32.0790383Z   LD_LIBRARY_PATH: /opt/hostedtoolcache/Python/3.11.14/x64/lib
2025-12-12T20:43:32.0790664Z ##[endgroup]
2025-12-12T20:43:35.0974334Z ============================= test session starts ==============================
2025-12-12T20:43:35.0975494Z platform linux -- Python 3.11.14, pytest-9.0.2, pluggy-1.6.0 -- /home/runner/work/Stack/Stack/.venv/bin/python
2025-12-12T20:43:35.0976269Z cachedir: .pytest_cache
2025-12-12T20:43:35.0977170Z hypothesis profile 'ci' -> database=None, deadline=None, print_blob=True, derandomize=True, suppress_health_check=(HealthCheck.too_slow,)
2025-12-12T20:43:35.0978193Z rootdir: /home/runner/work/Stack/Stack
2025-12-12T20:43:35.0978648Z configfile: pyproject.toml
2025-12-12T20:43:35.0979232Z plugins: hypothesis-6.148.7, timeout-2.4.0, anyio-4.12.0, cov-7.0.0, xdist-3.8.0
2025-12-12T20:43:35.0979847Z timeout: 60.0s
2025-12-12T20:43:35.0980158Z timeout method: signal
2025-12-12T20:43:35.0980505Z timeout func_only: False
2025-12-12T20:43:35.5339427Z collecting ... collected 74 items
2025-12-12T20:43:35.5339790Z 
2025-12-12T20:43:35.5360042Z tests/test_config_models.py::TestSecurityConfig::test_default_values PASSED [  1%]
2025-12-12T20:43:35.5373733Z tests/test_config_models.py::TestSecurityConfig::test_paranoid_level PASSED [  2%]
2025-12-12T20:43:35.5388834Z tests/test_config_models.py::TestSecurityConfig::test_frozen_config PASSED [  4%]
2025-12-12T20:43:35.5402659Z tests/test_config_models.py::TestSecurityConfig::test_extra_fields_forbidden PASSED [  5%]
2025-12-12T20:43:35.5416260Z tests/test_config_models.py::TestDependencyConfig::test_default_values PASSED [  6%]
2025-12-12T20:43:35.5429514Z tests/test_config_models.py::TestDependencyConfig::test_custom_dependencies PASSED [  8%]
2025-12-12T20:43:35.5442740Z tests/test_config_models.py::TestLoggingConfig::test_default_values PASSED [  9%]
2025-12-12T20:43:35.5455948Z tests/test_config_models.py::TestLoggingConfig::test_valid_levels PASSED [ 10%]
2025-12-12T20:43:35.5469384Z tests/test_config_models.py::TestLoggingConfig::test_invalid_level_rejected PASSED [ 12%]
2025-12-12T20:43:35.5487317Z tests/test_config_models.py::TestStackConfig::test_default_values PASSED [ 13%]
2025-12-12T20:43:35.5501763Z tests/test_config_models.py::TestStackConfig::test_valid_project_name PASSED [ 14%]
2025-12-12T20:43:35.5519193Z tests/test_config_models.py::TestStackConfig::test_invalid_project_name_rejected PASSED [ 16%]
2025-12-12T20:43:35.5534149Z tests/test_config_models.py::TestStackConfig::test_valid_python_version PASSED [ 17%]
2025-12-12T20:43:35.5548919Z tests/test_config_models.py::TestStackConfig::test_invalid_python_version_rejected PASSED [ 18%]
2025-12-12T20:43:35.5639132Z tests/test_config_models.py::TestStackConfig::test_path_traversal_rejected PASSED [ 20%]
2025-12-12T20:43:35.5656333Z tests/test_config_models.py::TestStackConfig::test_paranoid_requires_all_tools PASSED [ 21%]
2025-12-12T20:43:35.5670842Z tests/test_config_models.py::TestStackConfig::test_to_target_version PASSED [ 22%]
2025-12-12T20:43:35.5686237Z tests/test_config_models.py::TestStackConfig::test_nested_configs PASSED [ 24%]
2025-12-12T20:43:35.5699466Z tests/test_example.py::test_greet PASSED                                 [ 25%]
2025-12-12T20:43:35.5713546Z tests/test_example.py::test_greet_empty PASSED                           [ 27%]
2025-12-12T20:43:35.6687635Z tests/test_secure_system.py::test_create_user_success PASSED             [ 28%]
2025-12-12T20:43:35.6701614Z tests/test_secure_system.py::test_create_user_invalid_email PASSED       [ 29%]
2025-12-12T20:43:35.6717282Z tests/test_secure_system.py::test_create_user_invalid_username PASSED    [ 31%]
2025-12-12T20:43:35.6735675Z tests/test_secure_system.py::test_get_non_existent_user PASSED           [ 32%]
2025-12-12T20:43:35.6757555Z tests/test_security_guards.py::TestGuardPathTraversal::test_safe_path_passes PASSED [ 33%]
2025-12-12T20:43:35.6779791Z tests/test_security_guards.py::TestGuardPathTraversal::test_relative_path_within_base PASSED [ 35%]
2025-12-12T20:43:35.6799659Z tests/test_security_guards.py::TestGuardPathTraversal::test_path_traversal_blocked PASSED [ 36%]
2025-12-12T20:43:35.6819475Z tests/test_security_guards.py::TestGuardPathTraversal::test_double_dot_blocked PASSED [ 37%]
2025-12-12T20:43:35.6839711Z tests/test_security_guards.py::TestGuardPathTraversal::test_url_encoded_traversal_blocked PASSED [ 39%]
2025-12-12T20:43:35.6862927Z tests/test_security_guards.py::TestGuardPathTraversal::test_path_escapes_base_dir PASSED [ 40%]
2025-12-12T20:43:35.6876282Z tests/test_security_guards.py::TestGuardCommandInjection::test_safe_command_passes PASSED [ 41%]
2025-12-12T20:43:35.6889643Z tests/test_security_guards.py::TestGuardCommandInjection::test_empty_command_blocked PASSED [ 43%]
2025-12-12T20:43:35.6903101Z tests/test_security_guards.py::TestGuardCommandInjection::test_semicolon_blocked PASSED [ 44%]
2025-12-12T20:43:35.6916197Z tests/test_security_guards.py::TestGuardCommandInjection::test_pipe_blocked PASSED [ 45%]
2025-12-12T20:43:35.6929310Z tests/test_security_guards.py::TestGuardCommandInjection::test_backtick_blocked PASSED [ 47%]
2025-12-12T20:43:35.6942470Z tests/test_security_guards.py::TestGuardCommandInjection::test_dollar_expansion_blocked PASSED [ 48%]
2025-12-12T20:43:35.6955831Z tests/test_security_guards.py::TestGuardCommandInjection::test_allowed_commands_whitelist PASSED [ 50%]
2025-12-12T20:43:35.6969353Z tests/test_security_guards.py::TestGuardCommandInjection::test_command_not_in_whitelist_blocked PASSED [ 51%]
2025-12-12T20:43:35.6983191Z tests/test_security_guards.py::TestGuardFileExtension::test_safe_extension_passes PASSED [ 52%]
2025-12-12T20:43:35.6999401Z tests/test_security_guards.py::TestGuardFileExtension::test_dangerous_extension_blocked PASSED [ 54%]
2025-12-12T20:43:35.7013335Z tests/test_security_guards.py::TestGuardFileExtension::test_custom_denied_extensions PASSED [ 55%]
2025-12-12T20:43:35.7027545Z tests/test_security_guards.py::TestGuardFileExtension::test_extension_with_dot PASSED [ 56%]
2025-12-12T20:43:35.7043232Z tests/test_security_validators.py::TestValidateProjectName::test_valid_project_name PASSED [ 58%]
2025-12-12T20:43:35.7057942Z tests/test_security_validators.py::TestValidateProjectName::test_empty_name_rejected PASSED [ 59%]
2025-12-12T20:43:35.7073934Z tests/test_security_validators.py::TestValidateProjectName::test_name_must_start_with_letter PASSED [ 60%]
2025-12-12T20:43:35.7088477Z tests/test_security_validators.py::TestValidateProjectName::test_reserved_names_rejected PASSED [ 62%]
2025-12-12T20:43:35.7103628Z tests/test_security_validators.py::TestValidateProjectName::test_max_length_enforced PASSED [ 63%]
2025-12-12T20:43:35.7117035Z tests/test_security_validators.py::TestValidatePythonVersion::test_valid_versions PASSED [ 64%]
2025-12-12T20:43:35.7132402Z tests/test_security_validators.py::TestValidatePythonVersion::test_invalid_format_rejected PASSED [ 66%]
2025-12-12T20:43:35.7148971Z tests/test_security_validators.py::TestValidatePythonVersion::test_unsupported_version_rejected PASSED [ 67%]
2025-12-12T20:43:35.7165815Z tests/test_security_validators.py::TestValidateEmail::test_valid_emails PASSED [ 68%]
2025-12-12T20:43:35.7179467Z tests/test_security_validators.py::TestValidateEmail::test_empty_email_rejected PASSED [ 70%]
2025-12-12T20:43:35.7194821Z tests/test_security_validators.py::TestValidateEmail::test_invalid_format_rejected PASSED [ 71%]
2025-12-12T20:43:35.7208859Z tests/test_security_validators.py::TestValidateUrl::test_valid_urls PASSED [ 72%]
2025-12-12T20:43:35.7222244Z tests/test_security_validators.py::TestValidateUrl::test_empty_url_rejected PASSED [ 74%]
2025-12-12T20:43:35.7237170Z tests/test_security_validators.py::TestValidateUrl::test_missing_scheme_rejected PASSED [ 75%]
2025-12-12T20:43:35.7251910Z tests/test_security_validators.py::TestValidateUrl::test_invalid_scheme_rejected PASSED [ 77%]
2025-12-12T20:43:35.7265226Z tests/test_security_validators.py::TestValidateIpAddress::test_valid_ipv4 PASSED [ 78%]
2025-12-12T20:43:35.7279076Z tests/test_security_validators.py::TestValidateIpAddress::test_valid_ipv6 PASSED [ 79%]
2025-12-12T20:43:35.7294568Z tests/test_security_validators.py::TestValidateIpAddress::test_invalid_ip_rejected PASSED [ 81%]
2025-12-12T20:43:35.7307893Z tests/test_security_validators.py::TestValidatePort::test_valid_ports PASSED [ 82%]
2025-12-12T20:43:35.7322421Z tests/test_security_validators.py::TestValidatePort::test_invalid_port_rejected PASSED [ 83%]
2025-12-12T20:43:35.7337072Z tests/test_security_validators.py::TestValidatePort::test_privileged_ports_blocked PASSED [ 85%]
2025-12-12T20:43:35.7354569Z tests/test_security_validators.py::TestValidateSemver::test_valid_semver PASSED [ 86%]
2025-12-12T20:43:35.7370219Z tests/test_security_validators.py::TestValidateSemver::test_invalid_semver_rejected PASSED [ 87%]
2025-12-12T20:43:35.7505573Z tests/test_stack_script.py::test_dry_run_does_not_create_files PASSED    [ 89%]
2025-12-12T20:43:35.7571935Z tests/test_stack_script.py::test_safe_write_creates_backup PASSED        [ 90%]
2025-12-12T20:43:35.7637543Z tests/test_stack_script.py::test_force_mode_overwrites_without_backup PASSED [ 91%]
2025-12-12T20:43:35.7738047Z tests/test_stack_script.py::test_idempotency_for_pyproject_toml PASSED   [ 93%]
2025-12-12T20:43:35.7804097Z tests/test_stack_script.py::test_git_initialization PASSED               [ 94%]
2025-12-12T20:43:35.7868806Z tests/test_stack_script.py::test_project_structure_creation PASSED       [ 95%]
2025-12-12T20:43:35.7937419Z tests/test_stack_script.py::test_optional_dependencies_flag PASSED       [ 97%]
2025-12-12T20:43:35.8008298Z tests/test_stack_script.py::test_install_runtime_deps_flag PASSED        [ 98%]
2025-12-12T20:43:36.4133944Z tests/test_stack_script.py::test_python_version_detection PASSED         [100%]
2025-12-12T20:43:36.4134974Z ERROR: Coverage failure: total of 37 is less than fail-under=80
2025-12-12T20:43:36.4135480Z 
2025-12-12T20:43:36.4135489Z 
2025-12-12T20:43:36.4135727Z ================================ tests coverage ================================
2025-12-12T20:43:36.4136414Z _______________ coverage: platform linux, python 3.11.14-final-0 _______________
2025-12-12T20:43:36.4136852Z 
2025-12-12T20:43:36.4137080Z Name                               Stmts   Miss Branch BrPart  Cover   Missing
2025-12-12T20:43:36.4137623Z ------------------------------------------------------------------------------
2025-12-12T20:43:36.4138073Z src/app/__init__.py                    1      0      0      0   100%
2025-12-12T20:43:36.4138505Z src/app/main.py                        8      2      0      0    75%   25-26
2025-12-12T20:43:36.4138970Z src/app/secure_system.py              45      0      2      0   100%
2025-12-12T20:43:36.4139434Z src/stack/__init__.py                  5      0      0      0   100%
2025-12-12T20:43:36.4139890Z src/stack/config/__init__.py           3      0      0      0   100%
2025-12-12T20:43:36.4140632Z src/stack/config/generators.py        34     25     14      0    19%   27-28, 124-182, 218, 264, 311, 349-357
2025-12-12T20:43:36.4141800Z src/stack/config/models.py            73      2     12      1    96%   235-236
2025-12-12T20:43:36.4142599Z src/stack/security/__init__.py         4      0      0      0   100%
2025-12-12T20:43:36.4143960Z src/stack/security/guards.py          83     23     44      4    68%   100-101, 117->125, 119, 250->259, 253, 283-348
2025-12-12T20:43:36.4145213Z src/stack/security/sanitizers.py     104     95     58      0     6%   40-70, 100-152, 177-224, 244-260, 278-297
2025-12-12T20:43:36.4146769Z src/stack/security/validators.py     125     25     54     11    80%   54->56, 56->59, 65-66, 114-116, 160-161, 164-165, 196-198, 209-210, 212->221, 218-219, 251-252, 255-256, 259-260, 285-287
2025-12-12T20:43:36.4147861Z src/stack/utils/__init__.py            4      4      0      0     0%   3-7
2025-12-12T20:43:36.4148613Z src/stack/utils/filesystem.py        113    113     62      0     0%   8-349
2025-12-12T20:43:36.4149385Z src/stack/utils/logging.py            99     99     32      0     0%   8-324
2025-12-12T20:43:36.4150138Z src/stack/utils/subprocess.py         73     73     26      0     0%   8-340
2025-12-12T20:43:36.4150837Z ------------------------------------------------------------------------------
2025-12-12T20:43:36.4151621Z TOTAL                                774    461    304     16    37%
2025-12-12T20:43:36.4152110Z Coverage HTML written to dir htmlcov
2025-12-12T20:43:36.4152375Z Coverage XML written to file coverage.xml
2025-12-12T20:43:36.4152711Z FAIL Required test coverage of 80.0% not reached. Total coverage: 36.64%
2025-12-12T20:43:36.4153082Z ============================== 74 passed in 2.18s ==============================
2025-12-12T20:43:36.4995891Z ##[error]Process completed with exit code 1.
2025-12-12T20:43:36.5102238Z Post job cleanup.
2025-12-12T20:43:36.6045233Z [command]/usr/bin/git version
2025-12-12T20:43:36.6081858Z git version 2.52.0
2025-12-12T20:43:36.6126654Z Temporarily overriding HOME='/home/runner/work/_temp/a146bee7-7c92-428e-8847-06d933393ccc' before making global git config changes
2025-12-12T20:43:36.6127741Z Adding repository directory to the temporary git global config as a safe directory
2025-12-12T20:43:36.6132402Z [command]/usr/bin/git config --global --add safe.directory /home/runner/work/Stack/Stack
2025-12-12T20:43:36.6168228Z [command]/usr/bin/git config --local --name-only --get-regexp core\.sshCommand
2025-12-12T20:43:36.6199967Z [command]/usr/bin/git submodule foreach --recursive sh -c "git config --local --name-only --get-regexp 'core\.sshCommand' && git config --local --unset-all 'core.sshCommand' || :"
2025-12-12T20:43:36.6429760Z [command]/usr/bin/git config --local --name-only --get-regexp http\.https\:\/\/github\.com\/\.extraheader
2025-12-12T20:43:36.6450644Z http.https://github.com/.extraheader
2025-12-12T20:43:36.6464148Z [command]/usr/bin/git config --local --unset-all http.https://github.com/.extraheader
2025-12-12T20:43:36.6493972Z [command]/usr/bin/git submodule foreach --recursive sh -c "git config --local --name-only --get-regexp 'http\.https\:\/\/github\.com\/\.extraheader' && git config --local --unset-all 'http.https://github.com/.extraheader' || :"
2025-12-12T20:43:36.6712842Z [command]/usr/bin/git config --local --name-only --get-regexp ^includeIf\.gitdir:
2025-12-12T20:43:36.6742866Z [command]/usr/bin/git submodule foreach --recursive git config --local --show-origin --name-only --get-regexp remote.origin.url
2025-12-12T20:43:36.7068257Z Cleaning up orphan processes
