2025-12-12T20:43:15.3535752Z Current runner version: '2.329.0'
2025-12-12T20:43:15.3559692Z ##[group]Runner Image Provisioner
2025-12-12T20:43:15.3560569Z Hosted Compute Agent
2025-12-12T20:43:15.3561090Z Version: 20251202.455
2025-12-12T20:43:15.3561693Z Commit: 6c10caca4910e198df60de23adf20ad317c474e3
2025-12-12T20:43:15.3562462Z Build Date: 2025-12-02T15:56:59Z
2025-12-12T20:43:15.3563169Z Worker ID: {3f541289-9440-47dc-8326-7dd3d3cef9b5}
2025-12-12T20:43:15.3563809Z ##[endgroup]
2025-12-12T20:43:15.3564383Z ##[group]Operating System
2025-12-12T20:43:15.3565104Z Ubuntu
2025-12-12T20:43:15.3565600Z 24.04.3
2025-12-12T20:43:15.3566133Z LTS
2025-12-12T20:43:15.3566604Z ##[endgroup]
2025-12-12T20:43:15.3567093Z ##[group]Runner Image
2025-12-12T20:43:15.3567583Z Image: ubuntu-24.04
2025-12-12T20:43:15.3568254Z Version: 20251208.163.1
2025-12-12T20:43:15.3569243Z Included Software: https://github.com/actions/runner-images/blob/ubuntu24/20251208.163/images/ubuntu/Ubuntu2404-Readme.md
2025-12-12T20:43:15.3570828Z Image Release: https://github.com/actions/runner-images/releases/tag/ubuntu24%2F20251208.163
2025-12-12T20:43:15.3571828Z ##[endgroup]
2025-12-12T20:43:15.3572915Z ##[group]GITHUB_TOKEN Permissions
2025-12-12T20:43:15.3575283Z Contents: read
2025-12-12T20:43:15.3575845Z Metadata: read
2025-12-12T20:43:15.3576460Z Packages: read
2025-12-12T20:43:15.3576942Z ##[endgroup]
2025-12-12T20:43:15.3579011Z Secret source: Actions
2025-12-12T20:43:15.3580103Z Prepare workflow directory
2025-12-12T20:43:15.3965805Z Prepare all required actions
2025-12-12T20:43:15.4002933Z Getting action download info
2025-12-12T20:43:15.7155940Z Download action repository 'actions/checkout@v4' (SHA:34e114876b0b11c390a56381ad16ebd13914f8d5)
2025-12-12T20:43:15.8586867Z Download action repository 'actions/setup-python@v5' (SHA:a26af69be951a213d495a4c3e4e4022e16d87065)
2025-12-12T20:43:16.0171457Z Complete job name: Dry Run Test
2025-12-12T20:43:16.0849302Z ##[group]Run actions/checkout@v4
2025-12-12T20:43:16.0850133Z with:
2025-12-12T20:43:16.0850559Z   repository: gabrielima7/Stack
2025-12-12T20:43:16.0851212Z   token: ***
2025-12-12T20:43:16.0851613Z   ssh-strict: true
2025-12-12T20:43:16.0852014Z   ssh-user: git
2025-12-12T20:43:16.0852438Z   persist-credentials: true
2025-12-12T20:43:16.0852887Z   clean: true
2025-12-12T20:43:16.0853305Z   sparse-checkout-cone-mode: true
2025-12-12T20:43:16.0853802Z   fetch-depth: 1
2025-12-12T20:43:16.0854197Z   fetch-tags: false
2025-12-12T20:43:16.0854631Z   show-progress: true
2025-12-12T20:43:16.0855222Z   lfs: false
2025-12-12T20:43:16.0855627Z   submodules: false
2025-12-12T20:43:16.0856041Z   set-safe-directory: true
2025-12-12T20:43:16.0856718Z env:
2025-12-12T20:43:16.0857118Z   PYTHON_VERSION_DEFAULT: 3.11
2025-12-12T20:43:16.0857587Z ##[endgroup]
2025-12-12T20:43:16.1929375Z Syncing repository: gabrielima7/Stack
2025-12-12T20:43:16.1931256Z ##[group]Getting Git version info
2025-12-12T20:43:16.1931994Z Working directory is '/home/runner/work/Stack/Stack'
2025-12-12T20:43:16.1932885Z [command]/usr/bin/git version
2025-12-12T20:43:16.2011675Z git version 2.52.0
2025-12-12T20:43:16.2038087Z ##[endgroup]
2025-12-12T20:43:16.2058454Z Temporarily overriding HOME='/home/runner/work/_temp/13877167-097e-44c7-866a-c97c2b4a8801' before making global git config changes
2025-12-12T20:43:16.2063192Z Adding repository directory to the temporary git global config as a safe directory
2025-12-12T20:43:16.2064362Z [command]/usr/bin/git config --global --add safe.directory /home/runner/work/Stack/Stack
2025-12-12T20:43:16.2102308Z Deleting the contents of '/home/runner/work/Stack/Stack'
2025-12-12T20:43:16.2105934Z ##[group]Initializing the repository
2025-12-12T20:43:16.2109680Z [command]/usr/bin/git init /home/runner/work/Stack/Stack
2025-12-12T20:43:16.2224620Z hint: Using 'master' as the name for the initial branch. This default branch name
2025-12-12T20:43:16.2226179Z hint: will change to "main" in Git 3.0. To configure the initial branch name
2025-12-12T20:43:16.2227087Z hint: to use in all of your new repositories, which will suppress this warning,
2025-12-12T20:43:16.2228785Z hint: call:
2025-12-12T20:43:16.2229195Z hint:
2025-12-12T20:43:16.2229819Z hint: 	git config --global init.defaultBranch <name>
2025-12-12T20:43:16.2230863Z hint:
2025-12-12T20:43:16.2231868Z hint: Names commonly chosen instead of 'master' are 'main', 'trunk' and
2025-12-12T20:43:16.2233473Z hint: 'development'. The just-created branch can be renamed via this command:
2025-12-12T20:43:16.2234801Z hint:
2025-12-12T20:43:16.2235818Z hint: 	git branch -m <name>
2025-12-12T20:43:16.2236577Z hint:
2025-12-12T20:43:16.2237593Z hint: Disable this message with "git config set advice.defaultBranchName false"
2025-12-12T20:43:16.2239263Z Initialized empty Git repository in /home/runner/work/Stack/Stack/.git/
2025-12-12T20:43:16.2242078Z [command]/usr/bin/git remote add origin https://github.com/gabrielima7/Stack
2025-12-12T20:43:16.2276615Z ##[endgroup]
2025-12-12T20:43:16.2277812Z ##[group]Disabling automatic garbage collection
2025-12-12T20:43:16.2281607Z [command]/usr/bin/git config --local gc.auto 0
2025-12-12T20:43:16.2310053Z ##[endgroup]
2025-12-12T20:43:16.2311254Z ##[group]Setting up auth
2025-12-12T20:43:16.2317807Z [command]/usr/bin/git config --local --name-only --get-regexp core\.sshCommand
2025-12-12T20:43:16.2349826Z [command]/usr/bin/git submodule foreach --recursive sh -c "git config --local --name-only --get-regexp 'core\.sshCommand' && git config --local --unset-all 'core.sshCommand' || :"
2025-12-12T20:43:16.2706119Z [command]/usr/bin/git config --local --name-only --get-regexp http\.https\:\/\/github\.com\/\.extraheader
2025-12-12T20:43:16.2734493Z [command]/usr/bin/git submodule foreach --recursive sh -c "git config --local --name-only --get-regexp 'http\.https\:\/\/github\.com\/\.extraheader' && git config --local --unset-all 'http.https://github.com/.extraheader' || :"
2025-12-12T20:43:16.2952395Z [command]/usr/bin/git config --local --name-only --get-regexp ^includeIf\.gitdir:
2025-12-12T20:43:16.2982367Z [command]/usr/bin/git submodule foreach --recursive git config --local --show-origin --name-only --get-regexp remote.origin.url
2025-12-12T20:43:16.3201595Z [command]/usr/bin/git config --local http.https://github.com/.extraheader AUTHORIZATION: basic ***
2025-12-12T20:43:16.3234713Z ##[endgroup]
2025-12-12T20:43:16.3235703Z ##[group]Fetching the repository
2025-12-12T20:43:16.3242851Z [command]/usr/bin/git -c protocol.version=2 fetch --no-tags --prune --no-recurse-submodules --depth=1 origin +66608d266f8835005cdc5ce8e255cf8beab12bfe:refs/remotes/origin/main
2025-12-12T20:43:16.6402594Z From https://github.com/gabrielima7/Stack
2025-12-12T20:43:16.6403839Z  * [new ref]         66608d266f8835005cdc5ce8e255cf8beab12bfe -> origin/main
2025-12-12T20:43:16.6435061Z ##[endgroup]
2025-12-12T20:43:16.6435790Z ##[group]Determining the checkout info
2025-12-12T20:43:16.6437358Z ##[endgroup]
2025-12-12T20:43:16.6442455Z [command]/usr/bin/git sparse-checkout disable
2025-12-12T20:43:16.6481890Z [command]/usr/bin/git config --local --unset-all extensions.worktreeConfig
2025-12-12T20:43:16.6506531Z ##[group]Checking out the ref
2025-12-12T20:43:16.6510245Z [command]/usr/bin/git checkout --progress --force -B main refs/remotes/origin/main
2025-12-12T20:43:16.6620479Z Switched to a new branch 'main'
2025-12-12T20:43:16.6623740Z branch 'main' set up to track 'origin/main'.
2025-12-12T20:43:16.6630833Z ##[endgroup]
2025-12-12T20:43:16.6663295Z [command]/usr/bin/git log -1 --format=%H
2025-12-12T20:43:16.6684393Z 66608d266f8835005cdc5ce8e255cf8beab12bfe
2025-12-12T20:43:16.6911564Z ##[group]Run actions/setup-python@v5
2025-12-12T20:43:16.6912102Z with:
2025-12-12T20:43:16.6912468Z   python-version: 3.11
2025-12-12T20:43:16.6912889Z   check-latest: false
2025-12-12T20:43:16.6913433Z   token: ***
2025-12-12T20:43:16.6913822Z   update-environment: true
2025-12-12T20:43:16.6914284Z   allow-prereleases: false
2025-12-12T20:43:16.6914735Z   freethreaded: false
2025-12-12T20:43:16.6915435Z env:
2025-12-12T20:43:16.6915810Z   PYTHON_VERSION_DEFAULT: 3.11
2025-12-12T20:43:16.6916261Z ##[endgroup]
2025-12-12T20:43:16.8570591Z ##[group]Installed versions
2025-12-12T20:43:16.8684578Z Successfully set up CPython (3.11.14)
2025-12-12T20:43:16.8686244Z ##[endgroup]
2025-12-12T20:43:16.8802271Z ##[group]Run pipx install poetry
2025-12-12T20:43:16.8802960Z [36;1mpipx install poetry[0m
2025-12-12T20:43:16.8849448Z shell: /usr/bin/bash -e {0}
2025-12-12T20:43:16.8850000Z env:
2025-12-12T20:43:16.8850423Z   PYTHON_VERSION_DEFAULT: 3.11
2025-12-12T20:43:16.8851083Z   pythonLocation: /opt/hostedtoolcache/Python/3.11.14/x64
2025-12-12T20:43:16.8851985Z   PKG_CONFIG_PATH: /opt/hostedtoolcache/Python/3.11.14/x64/lib/pkgconfig
2025-12-12T20:43:16.8852855Z   Python_ROOT_DIR: /opt/hostedtoolcache/Python/3.11.14/x64
2025-12-12T20:43:16.8853670Z   Python2_ROOT_DIR: /opt/hostedtoolcache/Python/3.11.14/x64
2025-12-12T20:43:16.8854469Z   Python3_ROOT_DIR: /opt/hostedtoolcache/Python/3.11.14/x64
2025-12-12T20:43:16.8855564Z   LD_LIBRARY_PATH: /opt/hostedtoolcache/Python/3.11.14/x64/lib
2025-12-12T20:43:16.8856242Z ##[endgroup]
2025-12-12T20:43:17.0931870Z creating virtual environment...
2025-12-12T20:43:17.2153729Z installing poetry...
2025-12-12T20:43:26.5507343Z done! ✨ 🌟 ✨
2025-12-12T20:43:26.5508374Z   installed package poetry 2.2.1, installed using Python 3.12.3
2025-12-12T20:43:26.5509053Z   These apps are now globally available
2025-12-12T20:43:26.5509525Z     - poetry
2025-12-12T20:43:26.5726764Z ##[group]Run python stack_bootstrapper.py --dry-run --verbose
2025-12-12T20:43:26.5727289Z [36;1mpython stack_bootstrapper.py --dry-run --verbose[0m
2025-12-12T20:43:26.5762220Z shell: /usr/bin/bash -e {0}
2025-12-12T20:43:26.5762492Z env:
2025-12-12T20:43:26.5762714Z   PYTHON_VERSION_DEFAULT: 3.11
2025-12-12T20:43:26.5763053Z   pythonLocation: /opt/hostedtoolcache/Python/3.11.14/x64
2025-12-12T20:43:26.5763503Z   PKG_CONFIG_PATH: /opt/hostedtoolcache/Python/3.11.14/x64/lib/pkgconfig
2025-12-12T20:43:26.5763964Z   Python_ROOT_DIR: /opt/hostedtoolcache/Python/3.11.14/x64
2025-12-12T20:43:26.5764352Z   Python2_ROOT_DIR: /opt/hostedtoolcache/Python/3.11.14/x64
2025-12-12T20:43:26.5764782Z   Python3_ROOT_DIR: /opt/hostedtoolcache/Python/3.11.14/x64
2025-12-12T20:43:26.5765552Z   LD_LIBRARY_PATH: /opt/hostedtoolcache/Python/3.11.14/x64/lib
2025-12-12T20:43:26.5765908Z ##[endgroup]
2025-12-12T20:43:27.0110089Z [DRY-RUN] 
2025-12-12T20:43:27.0110808Z 🚀 Python Stack Bootstrapper v1.0.0
2025-12-12T20:43:27.0111775Z [DRY-RUN] Iniciando a configuração do ambiente Python de alta performance...
2025-12-12T20:43:27.0112313Z 
2025-12-12T20:43:27.0112632Z [DRY-RUN] 🔎 Verificando se o Poetry está instalado...
2025-12-12T20:43:27.0113199Z [DRY-RUN] ✅ Poetry encontrado.
2025-12-12T20:43:27.0113748Z [DRY-RUN] 🔎 Verificando se o Git está inicializado...
2025-12-12T20:43:27.0114362Z [DRY-RUN] ✅ Repositório Git já inicializado.
2025-12-12T20:43:27.0115204Z [DRY-RUN] 🔎 Verificando conectividade com a internet...
2025-12-12T20:43:27.0115626Z [DRY-RUN] ✅ Conectividade confirmada.
2025-12-12T20:43:27.0115973Z [DRY-RUN] ✅ Projeto Poetry já inicializado.
2025-12-12T20:43:27.0116425Z [DRY-RUN] 📁 Criando estrutura de pastas do projeto...
2025-12-12T20:43:27.0116809Z [DRY-RUN] Criaria diretório: src/stack
2025-12-12T20:43:27.0117181Z [DRY-RUN] Criaria diretório: tests
2025-12-12T20:43:27.0117496Z [DRY-RUN] Criaria diretório: docs
2025-12-12T20:43:27.0118109Z [DRY-RUN] ⏭️  Pulando dependências de produção (use --install-runtime-deps para incluí-las).
2025-12-12T20:43:27.0118707Z [DRY-RUN] 🔧 Adicionando dependências de desenvolvimento...
2025-12-12T20:43:27.0119355Z [DRY-RUN] Executando comando: `poetry add --group dev ruff mypy bandit safety pre-commit pytest pytest-cov py-spy semgrep`
2025-12-12T20:43:27.0120154Z [DRY-RUN] 📝 Gerando configurações para Ruff, Mypy e Pytest no pyproject.toml...
2025-12-12T20:43:27.0120762Z [DRY-RUN] ✅ Configurações de Ruff, Mypy e Pytest já existem no pyproject.toml.
2025-12-12T20:43:27.0121362Z [DRY-RUN] 📝 Gerando arquivo de configuração .pre-commit-config.yaml...
2025-12-12T20:43:27.0121812Z [DRY-RUN] Escrevendo no arquivo: .pre-commit-config.yaml
2025-12-12T20:43:27.0122623Z [DRY-RUN] 📝 Gerando arquivo de configuração .github/dependabot.yml...
2025-12-12T20:43:27.0123096Z [DRY-RUN] Escrevendo no arquivo: .github/dependabot.yml
2025-12-12T20:43:27.0123536Z [DRY-RUN] 📝 Gerando política de segurança em SECURITY.md...
2025-12-12T20:43:27.0123913Z [DRY-RUN] Escrevendo no arquivo: SECURITY.md
2025-12-12T20:43:27.0124275Z [DRY-RUN] ⚙️  Instalando hooks de pre-commit...
2025-12-12T20:43:27.0124664Z [DRY-RUN] Executando comando: `poetry run pre-commit install`
2025-12-12T20:43:27.0125211Z [DRY-RUN] 
2025-12-12T20:43:27.0125445Z 🔍 Validando configuração...
2025-12-12T20:43:27.0125745Z [DRY-RUN] Executando comando: `poetry run pre-commit --version`
2025-12-12T20:43:27.0126118Z [DRY-RUN] ✅ Validação concluída com sucesso!
2025-12-12T20:43:27.0126359Z [DRY-RUN] 
2025-12-12T20:43:27.0126567Z ✅ Ambiente configurado com sucesso!
2025-12-12T20:43:27.0126885Z [DRY-RUN] Execute `poetry shell` para ativar o ambiente virtual.
2025-12-12T20:43:27.0127476Z [DRY-RUN] 💡 Dica: execute `poetry config virtualenvs.in-project true` para criar o .venv dentro do projeto.
2025-12-12T20:43:27.0127903Z [DRY-RUN] 
2025-12-12T20:43:27.0128278Z 🔒 Lembre-se de commitar o arquivo `poetry.lock` para garantir builds reprodutíveis.
2025-12-12T20:43:27.0128638Z [DRY-RUN] 
2025-12-12T20:43:27.0129149Z 📚 Consulte o README.md para mais informações sobre o projeto.
2025-12-12T20:43:27.0285762Z Post job cleanup.
2025-12-12T20:43:27.2024087Z Post job cleanup.
2025-12-12T20:43:27.2942255Z [command]/usr/bin/git version
2025-12-12T20:43:27.2979212Z git version 2.52.0
2025-12-12T20:43:27.3022805Z Temporarily overriding HOME='/home/runner/work/_temp/e709346a-2e52-4565-a14d-3fddf4100c58' before making global git config changes
2025-12-12T20:43:27.3024190Z Adding repository directory to the temporary git global config as a safe directory
2025-12-12T20:43:27.3029429Z [command]/usr/bin/git config --global --add safe.directory /home/runner/work/Stack/Stack
2025-12-12T20:43:27.3065182Z [command]/usr/bin/git config --local --name-only --get-regexp core\.sshCommand
2025-12-12T20:43:27.3097315Z [command]/usr/bin/git submodule foreach --recursive sh -c "git config --local --name-only --get-regexp 'core\.sshCommand' && git config --local --unset-all 'core.sshCommand' || :"
2025-12-12T20:43:27.3327023Z [command]/usr/bin/git config --local --name-only --get-regexp http\.https\:\/\/github\.com\/\.extraheader
2025-12-12T20:43:27.3347922Z http.https://github.com/.extraheader
2025-12-12T20:43:27.3361173Z [command]/usr/bin/git config --local --unset-all http.https://github.com/.extraheader
2025-12-12T20:43:27.3394492Z [command]/usr/bin/git submodule foreach --recursive sh -c "git config --local --name-only --get-regexp 'http\.https\:\/\/github\.com\/\.extraheader' && git config --local --unset-all 'http.https://github.com/.extraheader' || :"
2025-12-12T20:43:27.3617055Z [command]/usr/bin/git config --local --name-only --get-regexp ^includeIf\.gitdir:
2025-12-12T20:43:27.3647985Z [command]/usr/bin/git submodule foreach --recursive git config --local --show-origin --name-only --get-regexp remote.origin.url
2025-12-12T20:43:27.3970098Z Cleaning up orphan processes
